[2026-06-25T14:43:38+03:00] start NP=1 2 4 6 8 threads=2 runs=3
[2026-06-25T14:43:38+03:00] RUN bfs_web-Google_1p
D-Galois Benchmark Suite v6.0.0 (unknown)
Copyright (C) 2018 The University of Texas at Austin
http://iss.ices.utexas.edu/galois/

application: BFS - Distributed Heterogeneous with worklist.
BFS on Distributed Galois.

[0] Master distribution time : 3.5e-05 seconds to read 160 bytes in 19 seeks (4.57143 MBPS)
[0] Starting graph reading.
[0] Reading graph complete.
[0] Edge inspection time: 0.954809 seconds to read 55503152 bytes (58.1301 MBPS)
Loading edge-data while creating edges
[0] Edge loading time: 1.10757 seconds to read 55503152 bytes (50.1124 MBPS)
[0] Graph construction complete.
[0] InitializeGraph::go called
[0] BFS::go run 0 called
Number of nodes visited from source 0 is 855802
Max distance from source 0 is 15
[0] BFS::go run 1 called
Number of nodes visited from source 0 is 855802
Max distance from source 0 is 15
[0] BFS::go run 2 called
