===== SSSP roadNet-PA MPI=1 runs=20 2026-06-12T16:29:46+03:00 =====
D-Galois Benchmark Suite v6.0.0 (unknown)
Copyright (C) 2018 The University of Texas at Austin
http://iss.ices.utexas.edu/galois/

application: SSSP - Distributed Heterogeneous with worklist.
Variant of Chaotic relaxation SSSP on Distributed Galois.

[0] Master distribution time : 0.001055 seconds to read 168 bytes in 19 seeks (0.159242 MBPS)
[0] Starting graph reading.
[0] Reading graph complete.
[0] Edge inspection time: 0.0462 seconds to read 29789896 bytes (644.803 MBPS)
Loading edge-data while creating edges
[0] Edge loading time: 0.058264 seconds to read 42125080 bytes (723.004 MBPS)
[0] Graph construction complete.
[0] InitializeGraph::go called
[0] SSSP::go run 0 called
Number of nodes visited from source 0 is 1027758
Max distance from source 0 is 923
Average distances on visited nodes is 281.644
[0] SSSP::go run 1 called
Number of nodes visited from source 0 is 1027758
Max distance from source 0 is 923
Average distances on visited nodes is 281.644
[0] SSSP::go run 2 called
Number of nodes visited from source 0 is 1027758
Max distance from source 0 is 923
Average distances on visited nodes is 281.644
[0] SSSP::go run 3 called
Number of nodes visited from source 0 is 1027758
Max distance from source 0 is 923
Average distances on visited nodes is 281.644
[0] SSSP::go run 4 called
Number of nodes visited from source 0 is 1027758
Max distance from source 0 is 923
Average distances on visited nodes is 281.644
[0] SSSP::go run 5 called
Number of nodes visited from source 0 is 1027758
Max distance from source 0 is 923
Average distances on visited nodes is 281.644
[0] SSSP::go run 6 called
Number of nodes visited from source 0 is 1027758
Max distance from source 0 is 923
Average distances on visited nodes is 281.644
[0] SSSP::go run 7 called
Number of nodes visited from source 0 is 1027758
Max distance from source 0 is 923
Average distances on visited nodes is 281.644
[0] SSSP::go run 8 called
Number of nodes visited from source 0 is 1027758
Max distance from source 0 is 923
Average distances on visited nodes is 281.644
[0] SSSP::go run 9 called
Number of nodes visited from source 0 is 1027758
Max distance from source 0 is 923
Average distances on visited nodes is 281.644
[0] SSSP::go run 10 called
Number of nodes visited from source 0 is 1027758
Max distance from source 0 is 923
Average distances on visited nodes is 281.644
[0] SSSP::go run 11 called
Number of nodes visited from source 0 is 1027758
Max distance from source 0 is 923
Average distances on visited nodes is 281.644
[0] SSSP::go run 12 called
Number of nodes visited from source 0 is 1027758
Max distance from source 0 is 923
Average distances on visited nodes is 281.644
[0] SSSP::go run 13 called
Number of nodes visited from source 0 is 1027758
Max distance from source 0 is 923
Average distances on visited nodes is 281.644
[0] SSSP::go run 14 called
Number of nodes visited from source 0 is 1027758
Max distance from source 0 is 923
Average distances on visited nodes is 281.644
[0] SSSP::go run 15 called
Number of nodes visited from source 0 is 1027758
Max distance from source 0 is 923
Average distances on visited nodes is 281.644
[0] SSSP::go run 16 called
Number of nodes visited from source 0 is 1027758
Max distance from source 0 is 923
Average distances on visited nodes is 281.644
[0] SSSP::go run 17 called
Number of nodes visited from source 0 is 1027758
Max distance from source 0 is 923
Average distances on visited nodes is 281.644
[0] SSSP::go run 18 called
Number of nodes visited from source 0 is 1027758
Max distance from source 0 is 923
Average distances on visited nodes is 281.644
[0] SSSP::go run 19 called
Number of nodes visited from source 0 is 1027758
Max distance from source 0 is 923
Average distances on visited nodes is 281.644
exit=0
===== SSSP roadNet-PA MPI=2 runs=20 2026-06-12T16:30:29+03:00 =====
D-Galois Benchmark Suite v6.0.0 (unknown)
Copyright (C) 2018 The University of Texas at Austin
http://iss.ices.utexas.edu/galois/

application: SSSP - Distributed Heterogeneous with worklist.
Variant of Chaotic relaxation SSSP on Distributed Galois.

[1] Master distribution time : 0.010345 seconds to read 336 bytes in 41 seeks (0.0324795 MBPS)
[1] Starting graph reading.
[1] Reading graph complete.
[0] Master distribution time : 0.021407 seconds to read 176 bytes in 21 seeks (0.00822161 MBPS)
[0] Starting graph reading.
[0] Reading graph complete.
[1] Edge inspection time: 0.047356 seconds to read 14896492 bytes (314.564 MBPS)
[0] Edge inspection time: 0.046901 seconds to read 14893396 bytes (317.55 MBPS)
Loading edge-data while creating edges
[1] Edge loading time: 0.059229 seconds to read 21064080 bytes (355.638 MBPS)
[1] Graph construction complete.
[0] Edge loading time: 0.0595 seconds to read 21060992 bytes (353.966 MBPS)
[0] Graph construction complete.
[1] InitializeGraph::go called
[0] InitializeGraph::go called
[1] SSSP::go run 0 called
[0] SSSP::go run 0 called
Number of nodes visited from source 0 is 1021468
Max distance from source 0 is 899
Average distances on visited nodes is 281.168
[1] SSSP::go run 1 called
[0] SSSP::go run 1 called
Number of nodes visited from source 0 is 1021468
Max distance from source 0 is 899
Average distances on visited nodes is 281.168
[0] SSSP::go run 2 called
[1] SSSP::go run 2 called
Number of nodes visited from source 0 is 1021468
Max distance from source 0 is 899
Average distances on visited nodes is 281.168
[1] SSSP::go run 3 called
[0] SSSP::go run 3 called
Number of nodes visited from source 0 is 1021468
Max distance from source 0 is 899
Average distances on visited nodes is 281.168
[1] SSSP::go run 4 called
[0] SSSP::go run 4 called
Number of nodes visited from source 0 is 1021468
Max distance from source 0 is 899
Average distances on visited nodes is 281.168
[0] SSSP::go run 5 called
[1] SSSP::go run 5 called
Number of nodes visited from source 0 is 1021468
Max distance from source 0 is 899
Average distances on visited nodes is 281.168
[0] SSSP::go run 6 called
[1] SSSP::go run 6 called
Number of nodes visited from source 0 is 1021468
Max distance from source 0 is 899
Average distances on visited nodes is 281.168
[0] SSSP::go run 7 called
[1] SSSP::go run 7 called
Number of nodes visited from source 0 is 1021468
Max distance from source 0 is 899
Average distances on visited nodes is 281.168
[0] SSSP::go run 8 called
[1] SSSP::go run 8 called
Number of nodes visited from source 0 is 1021468
Max distance from source 0 is 899
Average distances on visited nodes is 281.168
[0] SSSP::go run 9 called
[1] SSSP::go run 9 called
Number of nodes visited from source 0 is 1021468
Max distance from source 0 is 899
Average distances on visited nodes is 281.168
[0] SSSP::go run 10 called
[1] SSSP::go run 10 called
Number of nodes visited from source 0 is 1021468
Max distance from source 0 is 899
Average distances on visited nodes is 281.168
[0] SSSP::go run 11 called
[1] SSSP::go run 11 called
Number of nodes visited from source 0 is 1021468
Max distance from source 0 is 899
Average distances on visited nodes is 281.168
[1] SSSP::go run 12 called
[0] SSSP::go run 12 called
Number of nodes visited from source 0 is 1021468
Max distance from source 0 is 899
Average distances on visited nodes is 281.168
[1] SSSP::go run 13 called
[0] SSSP::go run 13 called
Number of nodes visited from source 0 is 1021468
Max distance from source 0 is 899
Average distances on visited nodes is 281.168
[0] SSSP::go run 14 called
[1] SSSP::go run 14 called
Number of nodes visited from source 0 is 1021468
Max distance from source 0 is 899
Average distances on visited nodes is 281.168
[1] SSSP::go run 15 called
[0] SSSP::go run 15 called
Number of nodes visited from source 0 is 1021468
Max distance from source 0 is 899
Average distances on visited nodes is 281.168
[1] SSSP::go run 16 called
[0] SSSP::go run 16 called
Number of nodes visited from source 0 is 1021468
Max distance from source 0 is 899
Average distances on visited nodes is 281.168
[0] SSSP::go run 17 called
[1] SSSP::go run 17 called
Number of nodes visited from source 0 is 1021468
Max distance from source 0 is 899
Average distances on visited nodes is 281.168
[0] SSSP::go run 18 called
[1] SSSP::go run 18 called
Number of nodes visited from source 0 is 1021468
Max distance from source 0 is 899
Average distances on visited nodes is 281.168
[1] SSSP::go run 19 called
[0] SSSP::go run 19 called
Number of nodes visited from source 0 is 1021468
Max distance from source 0 is 899
Average distances on visited nodes is 281.168
exit=0
===== SSSP roadNet-PA MPI=4 runs=20 2026-06-12T16:33:06+03:00 =====
D-Galois Benchmark Suite v6.0.0 (unknown)
Copyright (C) 2018 The University of Texas at Austin
http://iss.ices.utexas.edu/galois/

application: SSSP - Distributed Heterogeneous with worklist.
Variant of Chaotic relaxation SSSP on Distributed Galois.

[0] Master distribution time : 0.023724 seconds to read 176 bytes in 22 seeks (0.00741865 MBPS)
[0] Starting graph reading.
[2] Master distribution time : 0.045885 seconds to read 328 bytes in 41 seeks (0.00714831 MBPS)
[2] Starting graph reading.
[3] Master distribution time : 0.069612 seconds to read 320 bytes in 39 seeks (0.00459691 MBPS)
[3] Starting graph reading.
[1] Master distribution time : 0.069787 seconds to read 344 bytes in 43 seeks (0.00492929 MBPS)
[1] Starting graph reading.
[0] Reading graph complete.
[2] Reading graph complete.
[3] Reading graph complete.
[1] Reading graph complete.
[0] Edge inspection time: 0.071378 seconds to read 7427796 bytes (104.063 MBPS)
[2] Edge inspection time: 0.072414 seconds to read 7386276 bytes (102.001 MBPS)
[3] Edge inspection time: 0.07301 seconds to read 7510176 bytes (102.865 MBPS)
[1] Edge inspection time: 0.072131 seconds to read 7465624 bytes (103.501 MBPS)
Loading edge-data while creating edges
[0] Edge loading time: 0.073238 seconds to read 10511600 bytes (143.527 MBPS)
[0] Graph construction complete.
[2] Edge loading time: 0.073794 seconds to read 10470064 bytes (141.882 MBPS)
[3] Edge loading time: 0.073547 seconds to read 10593960 bytes (144.043 MBPS)
[1] Edge loading time: 0.073836 seconds to read 10549432 bytes (142.877 MBPS)
[2] Graph construction complete.
[3] Graph construction complete.
[1] Graph construction complete.
[0] InitializeGraph::go called
[1] InitializeGraph::go called
[2] InitializeGraph::go called
[3] InitializeGraph::go called
[0] SSSP::go run 0 called
[1] SSSP::go run 0 called
[3] SSSP::go run 0 called
[2] SSSP::go run 0 called
Number of nodes visited from source 0 is 1016733
Max distance from source 0 is 901
Average distances on visited nodes is 280.53
[0] SSSP::go run 1 called
[1] SSSP::go run 1 called
[3] SSSP::go run 1 called
[2] SSSP::go run 1 called
Number of nodes visited from source 0 is 1016733
Max distance from source 0 is 901
Average distances on visited nodes is 280.53
[0] SSSP::go run 2 called
[2] SSSP::go run 2 called
[3] SSSP::go run 2 called
[1] SSSP::go run 2 called
Number of nodes visited from source 0 is 1016733
Max distance from source 0 is 901
Average distances on visited nodes is 280.53
[0] SSSP::go run 3 called
[3] SSSP::go run 3 called
[2] SSSP::go run 3 called
[1] SSSP::go run 3 called
Number of nodes visited from source 0 is 1016733
Max distance from source 0 is 901
Average distances on visited nodes is 280.53
[0] SSSP::go run 4 called
[2] SSSP::go run 4 called
[1] SSSP::go run 4 called
[3] SSSP::go run 4 called
Number of nodes visited from source 0 is 1016733
Max distance from source 0 is 901
Average distances on visited nodes is 280.53
[0] SSSP::go run 5 called
[2] SSSP::go run 5 called
[3] SSSP::go run 5 called
[1] SSSP::go run 5 called
Number of nodes visited from source 0 is 1016733
Max distance from source 0 is 901
Average distances on visited nodes is 280.53
[0] SSSP::go run 6 called
[3] SSSP::go run 6 called
[2] SSSP::go run 6 called
[1] SSSP::go run 6 called
Number of nodes visited from source 0 is 1016733
Max distance from source 0 is 901
Average distances on visited nodes is 280.53
[0] SSSP::go run 7 called
[2] SSSP::go run 7 called
[3] SSSP::go run 7 called
[1] SSSP::go run 7 called
Number of nodes visited from source 0 is 1016733
Max distance from source 0 is 901
Average distances on visited nodes is 280.53
[0] SSSP::go run 8 called
[2] SSSP::go run 8 called
[1] SSSP::go run 8 called
[3] SSSP::go run 8 called
Number of nodes visited from source 0 is 1016733
Max distance from source 0 is 901
Average distances on visited nodes is 280.53
[0] SSSP::go run 9 called
[1] SSSP::go run 9 called
[3] SSSP::go run 9 called
[2] SSSP::go run 9 called
Number of nodes visited from source 0 is 1016733
Max distance from source 0 is 901
Average distances on visited nodes is 280.53
[0] SSSP::go run 10 called
[1] SSSP::go run 10 called
[3] SSSP::go run 10 called
[2] SSSP::go run 10 called
Number of nodes visited from source 0 is 1016733
Max distance from source 0 is 901
Average distances on visited nodes is 280.53
[0] SSSP::go run 11 called
[2] SSSP::go run 11 called
[1] SSSP::go run 11 called
[3] SSSP::go run 11 called
Number of nodes visited from source 0 is 1016733
Max distance from source 0 is 901
Average distances on visited nodes is 280.53
[0] SSSP::go run 12 called
[3] SSSP::go run 12 called
[2] SSSP::go run 12 called
[1] SSSP::go run 12 called
Number of nodes visited from source 0 is 1016733
Max distance from source 0 is 901
Average distances on visited nodes is 280.53
[0] SSSP::go run 13 called
[2] SSSP::go run 13 called
[3] SSSP::go run 13 called
[1] SSSP::go run 13 called
Number of nodes visited from source 0 is 1016733
Max distance from source 0 is 901
Average distances on visited nodes is 280.53
[0] SSSP::go run 14 called
[3] SSSP::go run 14 called
[1] SSSP::go run 14 called
[2] SSSP::go run 14 called
Number of nodes visited from source 0 is 1016733
Max distance from source 0 is 901
Average distances on visited nodes is 280.53
[0] SSSP::go run 15 called
[3] SSSP::go run 15 called
[2] SSSP::go run 15 called
[1] SSSP::go run 15 called
Number of nodes visited from source 0 is 1016733
Max distance from source 0 is 901
Average distances on visited nodes is 280.53
[0] SSSP::go run 16 called
[2] SSSP::go run 16 called
[3] SSSP::go run 16 called
[1] SSSP::go run 16 called
Number of nodes visited from source 0 is 1016733
Max distance from source 0 is 901
Average distances on visited nodes is 280.53
[0] SSSP::go run 17 called
[3] SSSP::go run 17 called
[2] SSSP::go run 17 called
[1] SSSP::go run 17 called
Number of nodes visited from source 0 is 1016733
Max distance from source 0 is 901
Average distances on visited nodes is 280.53
[0] SSSP::go run 18 called
[3] SSSP::go run 18 called
[1] SSSP::go run 18 called
[2] SSSP::go run 18 called
Number of nodes visited from source 0 is 1016733
Max distance from source 0 is 901
Average distances on visited nodes is 280.53
[0] SSSP::go run 19 called
[1] SSSP::go run 19 called
[3] SSSP::go run 19 called
[2] SSSP::go run 19 called
Number of nodes visited from source 0 is 1016733
Max distance from source 0 is 901
Average distances on visited nodes is 280.53
exit=0
===== SSSP roadNet-PA MPI=6 runs=20 2026-06-12T16:39:48+03:00 =====
D-Galois Benchmark Suite v6.0.0 (unknown)
Copyright (C) 2018 The University of Texas at Austin
http://iss.ices.utexas.edu/galois/

application: SSSP - Distributed Heterogeneous with worklist.
Variant of Chaotic relaxation SSSP on Distributed Galois.

[3] Master distribution time : 0.033866 seconds to read 328 bytes in 40 seeks (0.00968523 MBPS)
[3] Starting graph reading.
[3] Reading graph complete.
[1] Master distribution time : 0.069918 seconds to read 336 bytes in 41 seeks (0.00480563 MBPS)
[1] Starting graph reading.
[1] Reading graph complete.
[5] Master distribution time : 0.07182 seconds to read 312 bytes in 37 seeks (0.00434419 MBPS)
[5] Starting graph reading.
[5] Reading graph complete.
[0] Master distribution time : 0.070532 seconds to read 168 bytes in 20 seeks (0.0023819 MBPS)
[0] Starting graph reading.
[0] Reading graph complete.
[2] Master distribution time : 0.099892 seconds to read 336 bytes in 42 seeks (0.00336363 MBPS)
[2] Starting graph reading.
[4] Master distribution time : 0.105817 seconds to read 320 bytes in 40 seeks (0.00302409 MBPS)
[4] Starting graph reading.
[4] Reading graph complete.
[2] Reading graph complete.
[1] Edge inspection time: 0.072089 seconds to read 5009052 bytes (69.4843 MBPS)
[3] Edge inspection time: 0.105757 seconds to read 4916044 bytes (46.4843 MBPS)
[0] Edge inspection time: 0.071827 seconds to read 4929540 bytes (68.6307 MBPS)
[2] Edge inspection time: 0.038747 seconds to read 4954820 bytes (127.876 MBPS)
[4] Edge inspection time: 0.071735 seconds to read 4899924 bytes (68.3059 MBPS)
[5] Edge inspection time: 0.107755 seconds to read 5080476 bytes (47.1484 MBPS)
Loading edge-data while creating edges
[3] Edge loading time: 0.079098 seconds to read 6971904 bytes (88.1426 MBPS)
[4] Edge loading time: 0.072352 seconds to read 6955792 bytes (96.1382 MBPS)
[4] Graph construction complete.
[1] Edge loading time: 0.073463 seconds to read 7064928 bytes (96.1699 MBPS)
[1] Graph construction complete.
[3] Graph construction complete.
[0] Edge loading time: 0.104442 seconds to read 6985408 bytes (66.8831 MBPS)
[0] Graph construction complete.
[2] Edge loading time: 0.070087 seconds to read 7010688 bytes (100.028 MBPS)
[2] Graph construction complete.
[5] Edge loading time: 0.142019 seconds to read 7136320 bytes (50.2491 MBPS)
[5] Graph construction complete.
[5] InitializeGraph::go called
[2] InitializeGraph::go called
[3] InitializeGraph::go called
[1] InitializeGraph::go called
[0] InitializeGraph::go called
[4] InitializeGraph::go called
[0] SSSP::go run 0 called
[5] SSSP::go run 0 called
[4] SSSP::go run 0 called
[3] SSSP::go run 0 called
[2] SSSP::go run 0 called
[1] SSSP::go run 0 called
Number of nodes visited from source 0 is 1013760
Max distance from source 0 is 880
Average distances on visited nodes is 279.805
[0] SSSP::go run 1 called
[1] SSSP::go run 1 called
[5] SSSP::go run 1 called
[2] SSSP::go run 1 called
[3] SSSP::go run 1 called
[4] SSSP::go run 1 called
Number of nodes visited from source 0 is 1013760
Max distance from source 0 is 880
Average distances on visited nodes is 279.805
[0] SSSP::go run 2 called
[2] SSSP::go run 2 called
[5] SSSP::go run 2 called
[4] SSSP::go run 2 called
[1] SSSP::go run 2 called
[3] SSSP::go run 2 called
Number of nodes visited from source 0 is 1013760
Max distance from source 0 is 880
Average distances on visited nodes is 279.805
[0] SSSP::go run 3 called
[5] SSSP::go run 3 called
[4] SSSP::go run 3 called
[2] SSSP::go run 3 called
[1] SSSP::go run 3 called
[3] SSSP::go run 3 called
Number of nodes visited from source 0 is 1013760
Max distance from source 0 is 880
Average distances on visited nodes is 279.805
[0] SSSP::go run 4 called
[2] SSSP::go run 4 called
[3] SSSP::go run 4 called
[5] SSSP::go run 4 called
[4] SSSP::go run 4 called
[1] SSSP::go run 4 called
Number of nodes visited from source 0 is 1013760
Max distance from source 0 is 880
Average distances on visited nodes is 279.805
[0] SSSP::go run 5 called
[1] SSSP::go run 5 called
[5] SSSP::go run 5 called
[4] SSSP::go run 5 called
[3] SSSP::go run 5 called
[2] SSSP::go run 5 called
Number of nodes visited from source 0 is 1013760
Max distance from source 0 is 880
Average distances on visited nodes is 279.805
[0] SSSP::go run 6 called
[4] SSSP::go run 6 called
[2] SSSP::go run 6 called
[5] SSSP::go run 6 called
[3] SSSP::go run 6 called
[1] SSSP::go run 6 called
Number of nodes visited from source 0 is 1013760
Max distance from source 0 is 880
Average distances on visited nodes is 279.805
[0] SSSP::go run 7 called
[4] SSSP::go run 7 called
[2] SSSP::go run 7 called
[3] SSSP::go run 7 called
[1] SSSP::go run 7 called
[5] SSSP::go run 7 called
Number of nodes visited from source 0 is 1013760
Max distance from source 0 is 880
Average distances on visited nodes is 279.805
[0] SSSP::go run 8 called
[3] SSSP::go run 8 called
[2] SSSP::go run 8 called
[5] SSSP::go run 8 called
[4] SSSP::go run 8 called
[1] SSSP::go run 8 called
Number of nodes visited from source 0 is 1013760
Max distance from source 0 is 880
Average distances on visited nodes is 279.805
[0] SSSP::go run 9 called
[5] SSSP::go run 9 called
[3] SSSP::go run 9 called
[1] SSSP::go run 9 called
[2] SSSP::go run 9 called
[4] SSSP::go run 9 called
Number of nodes visited from source 0 is 1013760
Max distance from source 0 is 880
Average distances on visited nodes is 279.805
[0] SSSP::go run 10 called
[2] SSSP::go run 10 called
[4] SSSP::go run 10 called
[5] SSSP::go run 10 called
[1] SSSP::go run 10 called
[3] SSSP::go run 10 called
Number of nodes visited from source 0 is 1013760
Max distance from source 0 is 880
Average distances on visited nodes is 279.805
[0] SSSP::go run 11 called
[2] SSSP::go run 11 called
[1] SSSP::go run 11 called
[4] SSSP::go run 11 called
[3] SSSP::go run 11 called
[5] SSSP::go run 11 called
Number of nodes visited from source 0 is 1013760
Max distance from source 0 is 880
Average distances on visited nodes is 279.805
[0] SSSP::go run 12 called
[2] SSSP::go run 12 called
[3] SSSP::go run 12 called
[5] SSSP::go run 12 called
[4] SSSP::go run 12 called
[1] SSSP::go run 12 called
Number of nodes visited from source 0 is 1013760
Max distance from source 0 is 880
Average distances on visited nodes is 279.805
[0] SSSP::go run 13 called
[2] SSSP::go run 13 called
[1] SSSP::go run 13 called
[3] SSSP::go run 13 called
[4] SSSP::go run 13 called
[5] SSSP::go run 13 called
Number of nodes visited from source 0 is 1013760
Max distance from source 0 is 880
Average distances on visited nodes is 279.805
[0] SSSP::go run 14 called
[4] SSSP::go run 14 called
[1] SSSP::go run 14 called
[5] SSSP::go run 14 called
[3] SSSP::go run 14 called
[2] SSSP::go run 14 called
Number of nodes visited from source 0 is 1013760
Max distance from source 0 is 880
Average distances on visited nodes is 279.805
[0] SSSP::go run 15 called
[2] SSSP::go run 15 called
[3] SSSP::go run 15 called
[4] SSSP::go run 15 called
[1] SSSP::go run 15 called
[5] SSSP::go run 15 called
Number of nodes visited from source 0 is 1013760
Max distance from source 0 is 880
Average distances on visited nodes is 279.805
[0] SSSP::go run 16 called
[5] SSSP::go run 16 called
[3] SSSP::go run 16 called
[4] SSSP::go run 16 called
[2] SSSP::go run 16 called
[1] SSSP::go run 16 called
Number of nodes visited from source 0 is 1013760
Max distance from source 0 is 880
Average distances on visited nodes is 279.805
[0] SSSP::go run 17 called
[2] SSSP::go run 17 called
[3] SSSP::go run 17 called
[1] SSSP::go run 17 called
[4] SSSP::go run 17 called
[5] SSSP::go run 17 called
Number of nodes visited from source 0 is 1013760
Max distance from source 0 is 880
Average distances on visited nodes is 279.805
[0] SSSP::go run 18 called
[3] SSSP::go run 18 called
[4] SSSP::go run 18 called
[2] SSSP::go run 18 called
[5] SSSP::go run 18 called
[1] SSSP::go run 18 called
Number of nodes visited from source 0 is 1013760
Max distance from source 0 is 880
Average distances on visited nodes is 279.805
[0] SSSP::go run 19 called
[1] SSSP::go run 19 called
[5] SSSP::go run 19 called
[3] SSSP::go run 19 called
[4] SSSP::go run 19 called
[2] SSSP::go run 19 called
Number of nodes visited from source 0 is 1013760
Max distance from source 0 is 880
Average distances on visited nodes is 279.805
exit=0
===== SSSP roadNet-PA MPI=8 runs=20 2026-06-12T16:51:41+03:00 =====
D-Galois Benchmark Suite v6.0.0 (unknown)
Copyright (C) 2018 The University of Texas at Austin
http://iss.ices.utexas.edu/galois/

application: SSSP - Distributed Heterogeneous with worklist.
Variant of Chaotic relaxation SSSP on Distributed Galois.

[0] Master distribution time : 0.047527 seconds to read 168 bytes in 19 seeks (0.00353483 MBPS)
[0] Starting graph reading.
[0] Reading graph complete.
[6] Master distribution time : 0.138592 seconds to read 320 bytes in 40 seeks (0.00230894 MBPS)
[6] Starting graph reading.
[6] Reading graph complete.
[1] Master distribution time : 0.145456 seconds to read 336 bytes in 41 seeks (0.00230998 MBPS)
[1] Starting graph reading.
[1] Reading graph complete.
[7] Master distribution time : 0.095892 seconds to read 312 bytes in 37 seeks (0.00325366 MBPS)
[7] Starting graph reading.
[4] Master distribution time : 0.095769 seconds to read 328 bytes in 41 seeks (0.00342491 MBPS)
[4] Starting graph reading.
[7] Reading graph complete.
[4] Reading graph complete.
[2] Master distribution time : 0.09601 seconds to read 344 bytes in 43 seeks (0.00358296 MBPS)
[2] Starting graph reading.
[2] Reading graph complete.
[5] Master distribution time : 0.14348 seconds to read 328 bytes in 40 seeks (0.00228603 MBPS)
[5] Starting graph reading.
[5] Reading graph complete.
[3] Master distribution time : 0.143412 seconds to read 328 bytes in 40 seeks (0.00228712 MBPS)
[3] Starting graph reading.
[3] Reading graph complete.
[0] Edge inspection time: 0.095087 seconds to read 3681360 bytes (38.7157 MBPS)
[1] Edge inspection time: 0.094028 seconds to read 3746428 bytes (39.8438 MBPS)
[4] Edge inspection time: 0.095839 seconds to read 3656344 bytes (38.1509 MBPS)
[2] Edge inspection time: 0.095533 seconds to read 3731304 bytes (39.0578 MBPS)
[5] Edge inspection time: 0.096129 seconds to read 3729924 bytes (38.8012 MBPS)
[3] Edge inspection time: 0.098766 seconds to read 3734312 bytes (37.8097 MBPS)
[6] Edge inspection time: 0.141662 seconds to read 3691464 bytes (26.0583 MBPS)
[7] Edge inspection time: 0.141994 seconds to read 3818704 bytes (26.8934 MBPS)
Loading edge-data while creating edges
[1] Edge loading time: 0.095486 seconds to read 5288320 bytes (55.3832 MBPS)
[1] Graph construction complete.
[4] Edge loading time: 0.049924 seconds to read 5198232 bytes (104.123 MBPS)
[0] Edge loading time: 0.095179 seconds to read 5223272 bytes (54.8784 MBPS)
[0] Graph construction complete.
[3] Edge loading time: 0.048216 seconds to read 5276216 bytes (109.429 MBPS)
[6] Edge loading time: 0.093195 seconds to read 5233368 bytes (56.155 MBPS)
[6] Graph construction complete.
[7] Edge loading time: 0.092923 seconds to read 5360584 bytes (57.6884 MBPS)
[7] Graph construction complete.
[4] Graph construction complete.
[2] Edge loading time: 0.09165 seconds to read 5273208 bytes (57.5364 MBPS)
[2] Graph construction complete.
[5] Edge loading time: 0.091062 seconds to read 5271824 bytes (57.8927 MBPS)
[5] Graph construction complete.
[3] Graph construction complete.
[3] InitializeGraph::go called
[4] InitializeGraph::go called
[0] InitializeGraph::go called
[2] InitializeGraph::go called
[1] InitializeGraph::go called
[7] InitializeGraph::go called
[5] InitializeGraph::go called
[6] InitializeGraph::go called
[4] SSSP::go run 0 called
[7] SSSP::go run 0 called
[6] SSSP::go run 0 called
[5] SSSP::go run 0 called
[0] SSSP::go run 0 called
[2] SSSP::go run 0 called
[1] SSSP::go run 0 called
[3] SSSP::go run 0 called
Number of nodes visited from source 0 is 1007787
Max distance from source 0 is 861
Average distances on visited nodes is 278.498
[7] SSSP::go run 1 called
[4] SSSP::go run 1 called
[3] SSSP::go run 1 called
[5] SSSP::go run 1 called
[6] SSSP::go run 1 called
[2] SSSP::go run 1 called
[1] SSSP::go run 1 called
[0] SSSP::go run 1 called
Number of nodes visited from source 0 is 1007787
Max distance from source 0 is 861
Average distances on visited nodes is 278.498
[5] SSSP::go run 2 called
[1] SSSP::go run 2 called
[4] SSSP::go run 2 called
[0] SSSP::go run 2 called
[7] SSSP::go run 2 called
[3] SSSP::go run 2 called
[6] SSSP::go run 2 called
[2] SSSP::go run 2 called
Number of nodes visited from source 0 is 1007787
Max distance from source 0 is 861
Average distances on visited nodes is 278.498
[7] SSSP::go run 3 called
[3] SSSP::go run 3 called
[6] SSSP::go run 3 called
[5] SSSP::go run 3 called
[4] SSSP::go run 3 called
[1] SSSP::go run 3 called
[2] SSSP::go run 3 called
[0] SSSP::go run 3 called
Number of nodes visited from source 0 is 1007787
Max distance from source 0 is 861
Average distances on visited nodes is 278.498
[0] SSSP::go run 4 called
[5] SSSP::go run 4 called
[3] SSSP::go run 4 called
[1] SSSP::go run 4 called
[7] SSSP::go run 4 called
[4] SSSP::go run 4 called
[2] SSSP::go run 4 called
[6] SSSP::go run 4 called
Number of nodes visited from source 0 is 1007787
Max distance from source 0 is 861
Average distances on visited nodes is 278.498
[2] SSSP::go run 5 called
[0] SSSP::go run 5 called
[6] SSSP::go run 5 called
[1] SSSP::go run 5 called
[3] SSSP::go run 5 called
[7] SSSP::go run 5 called
[4] SSSP::go run 5 called
[5] SSSP::go run 5 called
Number of nodes visited from source 0 is 1007787
Max distance from source 0 is 861
Average distances on visited nodes is 278.498
[4] SSSP::go run 6 called
[0] SSSP::go run 6 called
[5] SSSP::go run 6 called
[7] SSSP::go run 6 called
[3] SSSP::go run 6 called
[1] SSSP::go run 6 called
[6] SSSP::go run 6 called
[2] SSSP::go run 6 called
Number of nodes visited from source 0 is 1007787
Max distance from source 0 is 861
Average distances on visited nodes is 278.498
[2] SSSP::go run 7 called
[0] SSSP::go run 7 called
[6] SSSP::go run 7 called
[4] SSSP::go run 7 called
[3] SSSP::go run 7 called
[7] SSSP::go run 7 called
[1] SSSP::go run 7 called
[5] SSSP::go run 7 called
Number of nodes visited from source 0 is 1007787
Max distance from source 0 is 861
Average distances on visited nodes is 278.498
[4] SSSP::go run 8 called
[2] SSSP::go run 8 called
[1] SSSP::go run 8 called
[0] SSSP::go run 8 called
[6] SSSP::go run 8 called
[5] SSSP::go run 8 called
[3] SSSP::go run 8 called
[7] SSSP::go run 8 called
Number of nodes visited from source 0 is 1007787
Max distance from source 0 is 861
Average distances on visited nodes is 278.498
[0] SSSP::go run 9 called
[6] SSSP::go run 9 called
[7] SSSP::go run 9 called
[4] SSSP::go run 9 called
[2] SSSP::go run 9 called
[1] SSSP::go run 9 called
[3] SSSP::go run 9 called
[5] SSSP::go run 9 called
Number of nodes visited from source 0 is 1007787
Max distance from source 0 is 861
Average distances on visited nodes is 278.498
[4] SSSP::go run 10 called
[5] SSSP::go run 10 called
[6] SSSP::go run 10 called
[0] SSSP::go run 10 called
[2] SSSP::go run 10 called
[1] SSSP::go run 10 called
[7] SSSP::go run 10 called
[3] SSSP::go run 10 called
Number of nodes visited from source 0 is 1007787
Max distance from source 0 is 861
Average distances on visited nodes is 278.498
[1] SSSP::go run 11 called
[7] SSSP::go run 11 called
[6] SSSP::go run 11 called
[5] SSSP::go run 11 called
[0] SSSP::go run 11 called
[2] SSSP::go run 11 called
[3] SSSP::go run 11 called
[4] SSSP::go run 11 called
Number of nodes visited from source 0 is 1007787
Max distance from source 0 is 861
Average distances on visited nodes is 278.498
[5] SSSP::go run 12 called
[4] SSSP::go run 12 called
[1] SSSP::go run 12 called
[6] SSSP::go run 12 called
[0] SSSP::go run 12 called
[7] SSSP::go run 12 called
[2] SSSP::go run 12 called
[3] SSSP::go run 12 called
Number of nodes visited from source 0 is 1007787
Max distance from source 0 is 861
Average distances on visited nodes is 278.498
[1] SSSP::go run 13 called
[5] SSSP::go run 13 called
[3] SSSP::go run 13 called
[0] SSSP::go run 13 called
[4] SSSP::go run 13 called
[2] SSSP::go run 13 called
[7] SSSP::go run 13 called
[6] SSSP::go run 13 called
Number of nodes visited from source 0 is 1007787
Max distance from source 0 is 861
Average distances on visited nodes is 278.498
[5] SSSP::go run 14 called
[4] SSSP::go run 14 called
[6] SSSP::go run 14 called
[1] SSSP::go run 14 called
[2] SSSP::go run 14 called
[7] SSSP::go run 14 called
[0] SSSP::go run 14 called
[3] SSSP::go run 14 called
Number of nodes visited from source 0 is 1007787
Max distance from source 0 is 861
Average distances on visited nodes is 278.498
[6] SSSP::go run 15 called
[2] SSSP::go run 15 called
[7] SSSP::go run 15 called
[3] SSSP::go run 15 called
[0] SSSP::go run 15 called
[1] SSSP::go run 15 called
[4] SSSP::go run 15 called
[5] SSSP::go run 15 called
Number of nodes visited from source 0 is 1007787
Max distance from source 0 is 861
Average distances on visited nodes is 278.498
[5] SSSP::go run 16 called
[3] SSSP::go run 16 called
[0] SSSP::go run 16 called
[1] SSSP::go run 16 called
[7] SSSP::go run 16 called
[2] SSSP::go run 16 called
[4] SSSP::go run 16 called
[6] SSSP::go run 16 called
Number of nodes visited from source 0 is 1007787
Max distance from source 0 is 861
Average distances on visited nodes is 278.498
[2] SSSP::go run 17 called
[6] SSSP::go run 17 called
[0] SSSP::go run 17 called
[3] SSSP::go run 17 called
[4] SSSP::go run 17 called
[1] SSSP::go run 17 called
[7] SSSP::go run 17 called
[5] SSSP::go run 17 called
Number of nodes visited from source 0 is 1007787
Max distance from source 0 is 861
Average distances on visited nodes is 278.498
[0] SSSP::go run 18 called
[4] SSSP::go run 18 called
[2] SSSP::go run 18 called
[6] SSSP::go run 18 called
[1] SSSP::go run 18 called
[5] SSSP::go run 18 called
[3] SSSP::go run 18 called
[7] SSSP::go run 18 called
Number of nodes visited from source 0 is 1007787
Max distance from source 0 is 861
Average distances on visited nodes is 278.498
[4] SSSP::go run 19 called
[2] SSSP::go run 19 called
[0] SSSP::go run 19 called
[7] SSSP::go run 19 called
[3] SSSP::go run 19 called
[5] SSSP::go run 19 called
[6] SSSP::go run 19 called
[1] SSSP::go run 19 called
Number of nodes visited from source 0 is 1007787
Max distance from source 0 is 861
Average distances on visited nodes is 278.498
exit=0
===== SSSP web-Google MPI=1 runs=20 2026-06-12T17:09:36+03:00 =====
D-Galois Benchmark Suite v6.0.0 (unknown)
Copyright (C) 2018 The University of Texas at Austin
http://iss.ices.utexas.edu/galois/

application: SSSP - Distributed Heterogeneous with worklist.
Variant of Chaotic relaxation SSSP on Distributed Galois.

[0] Master distribution time : 0.000952 seconds to read 160 bytes in 19 seeks (0.168067 MBPS)
[0] Starting graph reading.
[0] Reading graph complete.
[0] Edge inspection time: 0.071983 seconds to read 35082996 bytes (487.379 MBPS)
Loading edge-data while creating edges
[0] Edge loading time: 0.118342 seconds to read 55503152 bytes (469.006 MBPS)
[0] Graph construction complete.
[0] InitializeGraph::go called
[0] SSSP::go run 0 called
Number of nodes visited from source 0 is 600493
Max distance from source 0 is 32
Average distances on visited nodes is 11.2628
[0] SSSP::go run 1 called
Number of nodes visited from source 0 is 600493
Max distance from source 0 is 32
Average distances on visited nodes is 11.2628
[0] SSSP::go run 2 called
Number of nodes visited from source 0 is 600493
Max distance from source 0 is 32
Average distances on visited nodes is 11.2628
[0] SSSP::go run 3 called
Number of nodes visited from source 0 is 600493
Max distance from source 0 is 32
Average distances on visited nodes is 11.2628
[0] SSSP::go run 4 called
Number of nodes visited from source 0 is 600493
Max distance from source 0 is 32
Average distances on visited nodes is 11.2628
[0] SSSP::go run 5 called
Number of nodes visited from source 0 is 600493
Max distance from source 0 is 32
Average distances on visited nodes is 11.2628
[0] SSSP::go run 6 called
Number of nodes visited from source 0 is 600493
Max distance from source 0 is 32
Average distances on visited nodes is 11.2628
[0] SSSP::go run 7 called
Number of nodes visited from source 0 is 600493
Max distance from source 0 is 32
Average distances on visited nodes is 11.2628
[0] SSSP::go run 8 called
Number of nodes visited from source 0 is 600493
Max distance from source 0 is 32
Average distances on visited nodes is 11.2628
[0] SSSP::go run 9 called
Number of nodes visited from source 0 is 600493
Max distance from source 0 is 32
Average distances on visited nodes is 11.2628
[0] SSSP::go run 10 called
Number of nodes visited from source 0 is 600493
Max distance from source 0 is 32
Average distances on visited nodes is 11.2628
[0] SSSP::go run 11 called
Number of nodes visited from source 0 is 600493
Max distance from source 0 is 32
Average distances on visited nodes is 11.2628
[0] SSSP::go run 12 called
Number of nodes visited from source 0 is 600493
Max distance from source 0 is 32
Average distances on visited nodes is 11.2628
[0] SSSP::go run 13 called
Number of nodes visited from source 0 is 600493
Max distance from source 0 is 32
Average distances on visited nodes is 11.2628
[0] SSSP::go run 14 called
Number of nodes visited from source 0 is 600493
Max distance from source 0 is 32
Average distances on visited nodes is 11.2628
[0] SSSP::go run 15 called
Number of nodes visited from source 0 is 600493
Max distance from source 0 is 32
Average distances on visited nodes is 11.2628
[0] SSSP::go run 16 called
Number of nodes visited from source 0 is 600493
Max distance from source 0 is 32
Average distances on visited nodes is 11.2628
[0] SSSP::go run 17 called
Number of nodes visited from source 0 is 600493
Max distance from source 0 is 32
Average distances on visited nodes is 11.2628
[0] SSSP::go run 18 called
Number of nodes visited from source 0 is 600493
Max distance from source 0 is 32
Average distances on visited nodes is 11.2628
[0] SSSP::go run 19 called
Number of nodes visited from source 0 is 600493
Max distance from source 0 is 32
Average distances on visited nodes is 11.2628
exit=0
===== SSSP web-Google MPI=2 runs=20 2026-06-12T17:09:48+03:00 =====
D-Galois Benchmark Suite v6.0.0 (unknown)
Copyright (C) 2018 The University of Texas at Austin
http://iss.ices.utexas.edu/galois/

application: SSSP - Distributed Heterogeneous with worklist.
Variant of Chaotic relaxation SSSP on Distributed Galois.

[1] Master distribution time : 0.010169 seconds to read 320 bytes in 39 seeks (0.0314682 MBPS)
[1] Starting graph reading.
[0] Master distribution time : 0.021213 seconds to read 168 bytes in 19 seeks (0.00791967 MBPS)
[0] Starting graph reading.
[1] Reading graph complete.
[0] Reading graph complete.
[1] Edge inspection time: 0.131085 seconds to read 17562320 bytes (133.977 MBPS)
[0] Edge inspection time: 0.12998 seconds to read 17520668 bytes (134.795 MBPS)
Loading edge-data while creating edges
[1] Edge loading time: 0.685381 seconds to read 27772392 bytes (40.5211 MBPS)
[1] Graph construction complete.
[0] Edge loading time: 0.750901 seconds to read 27730752 bytes (36.93 MBPS)
[0] Graph construction complete.
[1] InitializeGraph::go called
[0] InitializeGraph::go called
[1] SSSP::go run 0 called
[0] SSSP::go run 0 called
Number of nodes visited from source 0 is 600493
Max distance from source 0 is 32
Average distances on visited nodes is 11.2628
[1] SSSP::go run 1 called
[0] SSSP::go run 1 called
Number of nodes visited from source 0 is 600493
Max distance from source 0 is 32
Average distances on visited nodes is 11.2628
[0] SSSP::go run 2 called
[1] SSSP::go run 2 called
Number of nodes visited from source 0 is 600493
Max distance from source 0 is 32
Average distances on visited nodes is 11.2628
[0] SSSP::go run 3 called
[1] SSSP::go run 3 called
Number of nodes visited from source 0 is 600493
Max distance from source 0 is 32
Average distances on visited nodes is 11.2628
[1] SSSP::go run 4 called
[0] SSSP::go run 4 called
Number of nodes visited from source 0 is 600493
Max distance from source 0 is 32
Average distances on visited nodes is 11.2628
[0] SSSP::go run 5 called
[1] SSSP::go run 5 called
Number of nodes visited from source 0 is 600493
Max distance from source 0 is 32
Average distances on visited nodes is 11.2628
[1] SSSP::go run 6 called
[0] SSSP::go run 6 called
Number of nodes visited from source 0 is 600493
Max distance from source 0 is 32
Average distances on visited nodes is 11.2628
[1] SSSP::go run 7 called
[0] SSSP::go run 7 called
Number of nodes visited from source 0 is 600493
Max distance from source 0 is 32
Average distances on visited nodes is 11.2628
[1] SSSP::go run 8 called
[0] SSSP::go run 8 called
Number of nodes visited from source 0 is 600493
Max distance from source 0 is 32
Average distances on visited nodes is 11.2628
[1] SSSP::go run 9 called
[0] SSSP::go run 9 called
Number of nodes visited from source 0 is 600493
Max distance from source 0 is 32
Average distances on visited nodes is 11.2628
[0] SSSP::go run 10 called
[1] SSSP::go run 10 called
Number of nodes visited from source 0 is 600493
Max distance from source 0 is 32
Average distances on visited nodes is 11.2628
[0] SSSP::go run 11 called
[1] SSSP::go run 11 called
Number of nodes visited from source 0 is 600493
Max distance from source 0 is 32
Average distances on visited nodes is 11.2628
[1] SSSP::go run 12 called
[0] SSSP::go run 12 called
Number of nodes visited from source 0 is 600493
Max distance from source 0 is 32
Average distances on visited nodes is 11.2628
[0] SSSP::go run 13 called
[1] SSSP::go run 13 called
Number of nodes visited from source 0 is 600493
Max distance from source 0 is 32
Average distances on visited nodes is 11.2628
[1] SSSP::go run 14 called
[0] SSSP::go run 14 called
Number of nodes visited from source 0 is 600493
Max distance from source 0 is 32
Average distances on visited nodes is 11.2628
[0] SSSP::go run 15 called
[1] SSSP::go run 15 called
Number of nodes visited from source 0 is 600493
Max distance from source 0 is 32
Average distances on visited nodes is 11.2628
[1] SSSP::go run 16 called
[0] SSSP::go run 16 called
Number of nodes visited from source 0 is 600493
Max distance from source 0 is 32
Average distances on visited nodes is 11.2628
[1] SSSP::go run 17 called
[0] SSSP::go run 17 called
Number of nodes visited from source 0 is 600493
Max distance from source 0 is 32
Average distances on visited nodes is 11.2628
[0] SSSP::go run 18 called
[1] SSSP::go run 18 called
Number of nodes visited from source 0 is 600493
Max distance from source 0 is 32
Average distances on visited nodes is 11.2628
[1] SSSP::go run 19 called
[0] SSSP::go run 19 called
Number of nodes visited from source 0 is 600493
Max distance from source 0 is 32
Average distances on visited nodes is 11.2628
exit=0
===== SSSP web-Google MPI=4 runs=20 2026-06-12T17:10:19+03:00 =====
D-Galois Benchmark Suite v6.0.0 (unknown)
Copyright (C) 2018 The University of Texas at Austin
http://iss.ices.utexas.edu/galois/

application: SSSP - Distributed Heterogeneous with worklist.
Variant of Chaotic relaxation SSSP on Distributed Galois.

[0] Master distribution time : 2.8e-05 seconds to read 168 bytes in 20 seeks (6 MBPS)
[0] Starting graph reading.
[0] Reading graph complete.
[3] Master distribution time : 0.073129 seconds to read 312 bytes in 39 seeks (0.00426643 MBPS)
[3] Starting graph reading.
[2] Master distribution time : 0.069631 seconds to read 328 bytes in 40 seeks (0.00471055 MBPS)
[2] Starting graph reading.
[1] Master distribution time : 0.069793 seconds to read 336 bytes in 41 seeks (0.00481424 MBPS)
[1] Starting graph reading.
[3] Reading graph complete.
[2] Reading graph complete.
[1] Reading graph complete.
[0] Edge inspection time: 0.190304 seconds to read 8758180 bytes (46.022 MBPS)
[3] Edge inspection time: 0.190367 seconds to read 8798888 bytes (46.2207 MBPS)
[2] Edge inspection time: 0.190147 seconds to read 8763424 bytes (46.0876 MBPS)
[1] Edge inspection time: 0.190314 seconds to read 8762480 bytes (46.0422 MBPS)
Loading edge-data while creating edges
[3] Edge loading time: 0.986165 seconds to read 13903912 bytes (14.099 MBPS)
[3] Graph construction complete.
[0] Edge loading time: 1.03198 seconds to read 13863232 bytes (13.4336 MBPS)
[0] Graph construction complete.
[1] Edge loading time: 1.03462 seconds to read 13867512 bytes (13.4035 MBPS)
[1] Graph construction complete.
[2] Edge loading time: 1.0544 seconds to read 13868472 bytes (13.153 MBPS)
[2] Graph construction complete.
[2] InitializeGraph::go called
[3] InitializeGraph::go called
[0] InitializeGraph::go called
[1] InitializeGraph::go called
[0] SSSP::go run 0 called
[1] SSSP::go run 0 called
[3] SSSP::go run 0 called
[2] SSSP::go run 0 called
Number of nodes visited from source 0 is 600493
Max distance from source 0 is 32
Average distances on visited nodes is 11.2628
[0] SSSP::go run 1 called
[3] SSSP::go run 1 called
[1] SSSP::go run 1 called
[2] SSSP::go run 1 called
Number of nodes visited from source 0 is 600493
Max distance from source 0 is 32
Average distances on visited nodes is 11.2628
[0] SSSP::go run 2 called
[3] SSSP::go run 2 called
[2] SSSP::go run 2 called
[1] SSSP::go run 2 called
Number of nodes visited from source 0 is 600493
Max distance from source 0 is 32
Average distances on visited nodes is 11.2628
[0] SSSP::go run 3 called
[2] SSSP::go run 3 called
[3] SSSP::go run 3 called
[1] SSSP::go run 3 called
Number of nodes visited from source 0 is 600493
Max distance from source 0 is 32
Average distances on visited nodes is 11.2628
[0] SSSP::go run 4 called
[2] SSSP::go run 4 called
[1] SSSP::go run 4 called
[3] SSSP::go run 4 called
Number of nodes visited from source 0 is 600493
Max distance from source 0 is 32
Average distances on visited nodes is 11.2628
[0] SSSP::go run 5 called
[1] SSSP::go run 5 called
[3] SSSP::go run 5 called
[2] SSSP::go run 5 called
Number of nodes visited from source 0 is 600493
Max distance from source 0 is 32
Average distances on visited nodes is 11.2628
[0] SSSP::go run 6 called
[3] SSSP::go run 6 called
[2] SSSP::go run 6 called
[1] SSSP::go run 6 called
Number of nodes visited from source 0 is 600493
Max distance from source 0 is 32
Average distances on visited nodes is 11.2628
[0] SSSP::go run 7 called
[1] SSSP::go run 7 called
[2] SSSP::go run 7 called
[3] SSSP::go run 7 called
Number of nodes visited from source 0 is 600493
Max distance from source 0 is 32
Average distances on visited nodes is 11.2628
[0] SSSP::go run 8 called
[3] SSSP::go run 8 called
[2] SSSP::go run 8 called
[1] SSSP::go run 8 called
Number of nodes visited from source 0 is 600493
Max distance from source 0 is 32
Average distances on visited nodes is 11.2628
[0] SSSP::go run 9 called
[1] SSSP::go run 9 called
[2] SSSP::go run 9 called
[3] SSSP::go run 9 called
Number of nodes visited from source 0 is 600493
Max distance from source 0 is 32
Average distances on visited nodes is 11.2628
[0] SSSP::go run 10 called
[1] SSSP::go run 10 called
[2] SSSP::go run 10 called
[3] SSSP::go run 10 called
Number of nodes visited from source 0 is 600493
Max distance from source 0 is 32
Average distances on visited nodes is 11.2628
[0] SSSP::go run 11 called
[1] SSSP::go run 11 called
[2] SSSP::go run 11 called
[3] SSSP::go run 11 called
Number of nodes visited from source 0 is 600493
Max distance from source 0 is 32
Average distances on visited nodes is 11.2628
[0] SSSP::go run 12 called
[1] SSSP::go run 12 called
[2] SSSP::go run 12 called
[3] SSSP::go run 12 called
Number of nodes visited from source 0 is 600493
Max distance from source 0 is 32
Average distances on visited nodes is 11.2628
[0] SSSP::go run 13 called
[3] SSSP::go run 13 called
[2] SSSP::go run 13 called
[1] SSSP::go run 13 called
Number of nodes visited from source 0 is 600493
Max distance from source 0 is 32
Average distances on visited nodes is 11.2628
[0] SSSP::go run 14 called
[2] SSSP::go run 14 called
[3] SSSP::go run 14 called
[1] SSSP::go run 14 called
Number of nodes visited from source 0 is 600493
Max distance from source 0 is 32
Average distances on visited nodes is 11.2628
[0] SSSP::go run 15 called
[1] SSSP::go run 15 called
[2] SSSP::go run 15 called
[3] SSSP::go run 15 called
Number of nodes visited from source 0 is 600493
Max distance from source 0 is 32
Average distances on visited nodes is 11.2628
[0] SSSP::go run 16 called
[1] SSSP::go run 16 called
[3] SSSP::go run 16 called
[2] SSSP::go run 16 called
Number of nodes visited from source 0 is 600493
Max distance from source 0 is 32
Average distances on visited nodes is 11.2628
[0] SSSP::go run 17 called
[2] SSSP::go run 17 called
[3] SSSP::go run 17 called
[1] SSSP::go run 17 called
Number of nodes visited from source 0 is 600493
Max distance from source 0 is 32
Average distances on visited nodes is 11.2628
[0] SSSP::go run 18 called
[1] SSSP::go run 18 called
[3] SSSP::go run 18 called
[2] SSSP::go run 18 called
Number of nodes visited from source 0 is 600493
Max distance from source 0 is 32
Average distances on visited nodes is 11.2628
[0] SSSP::go run 19 called
[3] SSSP::go run 19 called
[1] SSSP::go run 19 called
[2] SSSP::go run 19 called
Number of nodes visited from source 0 is 600493
Max distance from source 0 is 32
Average distances on visited nodes is 11.2628
exit=0
===== SSSP web-Google MPI=6 runs=20 2026-06-12T17:11:35+03:00 =====
D-Galois Benchmark Suite v6.0.0 (unknown)
Copyright (C) 2018 The University of Texas at Austin
http://iss.ices.utexas.edu/galois/

application: SSSP - Distributed Heterogeneous with worklist.
Variant of Chaotic relaxation SSSP on Distributed Galois.

[4] Master distribution time : 0.033746 seconds to read 320 bytes in 40 seeks (0.00948261 MBPS)
[4] Starting graph reading.
[3] Master distribution time : 0.066658 seconds to read 320 bytes in 39 seeks (0.00480062 MBPS)
[3] Starting graph reading.
[5] Master distribution time : 0.070697 seconds to read 312 bytes in 38 seeks (0.0044132 MBPS)
[5] Starting graph reading.
[4] Reading graph complete.
[3] Reading graph complete.
[5] Reading graph complete.
[2] Master distribution time : 0.106962 seconds to read 336 bytes in 42 seeks (0.0031413 MBPS)
[2] Starting graph reading.
[0] Master distribution time : 0.106078 seconds to read 168 bytes in 20 seeks (0.00158374 MBPS)
[0] Starting graph reading.
[1] Master distribution time : 0.106852 seconds to read 328 bytes in 41 seeks (0.00306967 MBPS)
[1] Starting graph reading.
[2] Reading graph complete.
[0] Reading graph complete.
[1] Reading graph complete.
[4] Edge inspection time: 0.211847 seconds to read 5859056 bytes (27.657 MBPS)
[3] Edge inspection time: 0.215209 seconds to read 5841752 bytes (27.1446 MBPS)
[5] Edge inspection time: 0.216495 seconds to read 5861496 bytes (27.0745 MBPS)
[2] Edge inspection time: 0.21734 seconds to read 5850164 bytes (26.9171 MBPS)
[0] Edge inspection time: 0.216941 seconds to read 5838464 bytes (26.9127 MBPS)
[1] Edge inspection time: 0.216903 seconds to read 5832024 bytes (26.8877 MBPS)
Loading edge-data while creating edges
[5] Edge loading time: 1.0512 seconds to read 9264840 bytes (8.81356 MBPS)
[1] Edge loading time: 1.00996 seconds to read 9235368 bytes (9.14427 MBPS)
[5] Graph construction complete.
[0] Edge loading time: 1.04315 seconds to read 9241848 bytes (8.85956 MBPS)
[1] Graph construction complete.
[3] Edge loading time: 1.08241 seconds to read 9245128 bytes (8.54122 MBPS)
[0] Graph construction complete.
[4] Edge loading time: 1.15416 seconds to read 9262408 bytes (8.02527 MBPS)
[4] Graph construction complete.
[3] Graph construction complete.
[2] Edge loading time: 1.14824 seconds to read 9253520 bytes (8.05884 MBPS)
[2] Graph construction complete.
[4] InitializeGraph::go called
[5] InitializeGraph::go called
[1] InitializeGraph::go called
[2] InitializeGraph::go called
[3] InitializeGraph::go called
[0] InitializeGraph::go called
[0] SSSP::go run 0 called
[1] SSSP::go run 0 called
[3] SSSP::go run 0 called
[4] SSSP::go run 0 called
[5] SSSP::go run 0 called
[2] SSSP::go run 0 called
Number of nodes visited from source 0 is 600493
Max distance from source 0 is 32
Average distances on visited nodes is 11.2628
[0] SSSP::go run 1 called
[5] SSSP::go run 1 called
[4] SSSP::go run 1 called
[3] SSSP::go run 1 called
[2] SSSP::go run 1 called
[1] SSSP::go run 1 called
Number of nodes visited from source 0 is 600493
Max distance from source 0 is 32
Average distances on visited nodes is 11.2628
[0] SSSP::go run 2 called
[5] SSSP::go run 2 called
[1] SSSP::go run 2 called
[3] SSSP::go run 2 called
[4] SSSP::go run 2 called
[2] SSSP::go run 2 called
Number of nodes visited from source 0 is 600493
Max distance from source 0 is 32
Average distances on visited nodes is 11.2628
[0] SSSP::go run 3 called
[2] SSSP::go run 3 called
[4] SSSP::go run 3 called
[5] SSSP::go run 3 called
[1] SSSP::go run 3 called
[3] SSSP::go run 3 called
Number of nodes visited from source 0 is 600493
Max distance from source 0 is 32
Average distances on visited nodes is 11.2628
[0] SSSP::go run 4 called
[4] SSSP::go run 4 called
[3] SSSP::go run 4 called
[2] SSSP::go run 4 called
[1] SSSP::go run 4 called
[5] SSSP::go run 4 called
Number of nodes visited from source 0 is 600493
Max distance from source 0 is 32
Average distances on visited nodes is 11.2628
[0] SSSP::go run 5 called
[3] SSSP::go run 5 called
[1] SSSP::go run 5 called
[2] SSSP::go run 5 called
[4] SSSP::go run 5 called
[5] SSSP::go run 5 called
Number of nodes visited from source 0 is 600493
Max distance from source 0 is 32
Average distances on visited nodes is 11.2628
[0] SSSP::go run 6 called
[3] SSSP::go run 6 called
[1] SSSP::go run 6 called
[4] SSSP::go run 6 called
[5] SSSP::go run 6 called
[2] SSSP::go run 6 called
Number of nodes visited from source 0 is 600493
Max distance from source 0 is 32
Average distances on visited nodes is 11.2628
[0] SSSP::go run 7 called
[3] SSSP::go run 7 called
[1] SSSP::go run 7 called
[2] SSSP::go run 7 called
[4] SSSP::go run 7 called
[5] SSSP::go run 7 called
Number of nodes visited from source 0 is 600493
Max distance from source 0 is 32
Average distances on visited nodes is 11.2628
[0] SSSP::go run 8 called
[2] SSSP::go run 8 called
[4] SSSP::go run 8 called
[1] SSSP::go run 8 called
[5] SSSP::go run 8 called
[3] SSSP::go run 8 called
Number of nodes visited from source 0 is 600493
Max distance from source 0 is 32
Average distances on visited nodes is 11.2628
[0] SSSP::go run 9 called
[1] SSSP::go run 9 called
[3] SSSP::go run 9 called
[4] SSSP::go run 9 called
[2] SSSP::go run 9 called
[5] SSSP::go run 9 called
Number of nodes visited from source 0 is 600493
Max distance from source 0 is 32
Average distances on visited nodes is 11.2628
[0] SSSP::go run 10 called
[4] SSSP::go run 10 called
[1] SSSP::go run 10 called
[5] SSSP::go run 10 called
[2] SSSP::go run 10 called
[3] SSSP::go run 10 called
Number of nodes visited from source 0 is 600493
Max distance from source 0 is 32
Average distances on visited nodes is 11.2628
[0] SSSP::go run 11 called
[3] SSSP::go run 11 called
[2] SSSP::go run 11 called
[1] SSSP::go run 11 called
[5] SSSP::go run 11 called
[4] SSSP::go run 11 called
Number of nodes visited from source 0 is 600493
Max distance from source 0 is 32
Average distances on visited nodes is 11.2628
[0] SSSP::go run 12 called
[4] SSSP::go run 12 called
[2] SSSP::go run 12 called
[1] SSSP::go run 12 called
[5] SSSP::go run 12 called
[3] SSSP::go run 12 called
Number of nodes visited from source 0 is 600493
Max distance from source 0 is 32
Average distances on visited nodes is 11.2628
[0] SSSP::go run 13 called
[5] SSSP::go run 13 called
[3] SSSP::go run 13 called
[4] SSSP::go run 13 called
[1] SSSP::go run 13 called
[2] SSSP::go run 13 called
Number of nodes visited from source 0 is 600493
Max distance from source 0 is 32
Average distances on visited nodes is 11.2628
[0] SSSP::go run 14 called
[3] SSSP::go run 14 called
[1] SSSP::go run 14 called
[2] SSSP::go run 14 called
[4] SSSP::go run 14 called
[5] SSSP::go run 14 called
Number of nodes visited from source 0 is 600493
Max distance from source 0 is 32
Average distances on visited nodes is 11.2628
[0] SSSP::go run 15 called
[2] SSSP::go run 15 called
[3] SSSP::go run 15 called
[4] SSSP::go run 15 called
[5] SSSP::go run 15 called
[1] SSSP::go run 15 called
Number of nodes visited from source 0 is 600493
Max distance from source 0 is 32
Average distances on visited nodes is 11.2628
[0] SSSP::go run 16 called
[5] SSSP::go run 16 called
[2] SSSP::go run 16 called
[3] SSSP::go run 16 called
[1] SSSP::go run 16 called
[4] SSSP::go run 16 called
Number of nodes visited from source 0 is 600493
Max distance from source 0 is 32
Average distances on visited nodes is 11.2628
[0] SSSP::go run 17 called
[2] SSSP::go run 17 called
[5] SSSP::go run 17 called
[4] SSSP::go run 17 called
[1] SSSP::go run 17 called
[3] SSSP::go run 17 called
Number of nodes visited from source 0 is 600493
Max distance from source 0 is 32
Average distances on visited nodes is 11.2628
[0] SSSP::go run 18 called
[5] SSSP::go run 18 called
[3] SSSP::go run 18 called
[4] SSSP::go run 18 called
[2] SSSP::go run 18 called
[1] SSSP::go run 18 called
Number of nodes visited from source 0 is 600493
Max distance from source 0 is 32
Average distances on visited nodes is 11.2628
[0] SSSP::go run 19 called
[5] SSSP::go run 19 called
[4] SSSP::go run 19 called
[2] SSSP::go run 19 called
[1] SSSP::go run 19 called
[3] SSSP::go run 19 called
Number of nodes visited from source 0 is 600493
Max distance from source 0 is 32
Average distances on visited nodes is 11.2628
exit=0
===== SSSP web-Google MPI=8 runs=20 2026-06-12T17:13:45+03:00 =====
D-Galois Benchmark Suite v6.0.0 (unknown)
Copyright (C) 2018 The University of Texas at Austin
http://iss.ices.utexas.edu/galois/

application: SSSP - Distributed Heterogeneous with worklist.
Variant of Chaotic relaxation SSSP on Distributed Galois.

[2] Master distribution time : 0.045975 seconds to read 336 bytes in 41 seeks (0.00730832 MBPS)
[2] Starting graph reading.
[6] Master distribution time : 0.096443 seconds to read 320 bytes in 40 seeks (0.00331802 MBPS)
[6] Starting graph reading.
[6] Reading graph complete.
[3] Master distribution time : 0.093763 seconds to read 328 bytes in 39 seeks (0.00349818 MBPS)
[3] Starting graph reading.
[3] Reading graph complete.
[2] Reading graph complete.
[4] Master distribution time : 0.093942 seconds to read 328 bytes in 40 seeks (0.00349152 MBPS)
[4] Starting graph reading.
[4] Reading graph complete.
[0] Master distribution time : 0.096646 seconds to read 168 bytes in 21 seeks (0.0017383 MBPS)
[0] Starting graph reading.
[0] Reading graph complete.
[7] Master distribution time : 0.145844 seconds to read 304 bytes in 38 seeks (0.00208442 MBPS)
[7] Starting graph reading.
[5] Master distribution time : 0.133817 seconds to read 320 bytes in 39 seeks (0.00239133 MBPS)
[5] Starting graph reading.
[1] Master distribution time : 0.143654 seconds to read 336 bytes in 42 seeks (0.00233895 MBPS)
[1] Starting graph reading.
[1] Reading graph complete.
[7] Reading graph complete.
[5] Reading graph complete.
[2] Edge inspection time: 0.242402 seconds to read 4375872 bytes (18.0521 MBPS)
[6] Edge inspection time: 0.249957 seconds to read 4405068 bytes (17.6233 MBPS)
[3] Edge inspection time: 0.286604 seconds to read 4386600 bytes (15.3054 MBPS)
[0] Edge inspection time: 0.281371 seconds to read 4380260 bytes (15.5676 MBPS)
[7] Edge inspection time: 0.241947 seconds to read 4393812 bytes (18.1602 MBPS)
[4] Edge inspection time: 0.293262 seconds to read 4382824 bytes (14.9451 MBPS)
[5] Edge inspection time: 0.241013 seconds to read 4380592 bytes (18.1758 MBPS)
[1] Edge inspection time: 0.286137 seconds to read 4377912 bytes (15.3001 MBPS)
Loading edge-data while creating edges
[7] Edge loading time: 0.960566 seconds to read 6946320 bytes (7.23149 MBPS)
[7] Graph construction complete.
[6] Edge loading time: 1.01132 seconds to read 6957584 bytes (6.87971 MBPS)
[6] Graph construction complete.
[5] Edge loading time: 1.00747 seconds to read 6933112 bytes (6.88171 MBPS)
[5] Graph construction complete.
[0] Edge loading time: 0.921701 seconds to read 6932848 bytes (7.5218 MBPS)
[0] Graph construction complete.
[2] Edge loading time: 1.05898 seconds to read 6928392 bytes (6.54251 MBPS)
[2] Graph construction complete.
[4] Edge loading time: 1.09322 seconds to read 6935352 bytes (6.34398 MBPS)
[4] Graph construction complete.
[1] Edge loading time: 1.10879 seconds to read 6930376 bytes (6.25038 MBPS)
[1] Graph construction complete.
[3] Edge loading time: 1.15293 seconds to read 6939112 bytes (6.01869 MBPS)
[3] Graph construction complete.
[4] InitializeGraph::go called
[3] InitializeGraph::go called
[2] InitializeGraph::go called
[7] InitializeGraph::go called
[5] InitializeGraph::go called
[6] InitializeGraph::go called
[1] InitializeGraph::go called
[0] InitializeGraph::go called
[4] SSSP::go run 0 called
[5] SSSP::go run 0 called
[1] SSSP::go run 0 called
[0] SSSP::go run 0 called
[7] SSSP::go run 0 called
[3] SSSP::go run 0 called
[2] SSSP::go run 0 called
[6] SSSP::go run 0 called
Number of nodes visited from source 0 is 600493
Max distance from source 0 is 32
Average distances on visited nodes is 11.2628
[1] SSSP::go run 1 called
[7] SSSP::go run 1 called
[5] SSSP::go run 1 called
[2] SSSP::go run 1 called
[3] SSSP::go run 1 called
[0] SSSP::go run 1 called
[4] SSSP::go run 1 called
[6] SSSP::go run 1 called
Number of nodes visited from source 0 is 600493
Max distance from source 0 is 32
Average distances on visited nodes is 11.2628
[7] SSSP::go run 2 called
[6] SSSP::go run 2 called
[4] SSSP::go run 2 called
[3] SSSP::go run 2 called
[5] SSSP::go run 2 called
[0] SSSP::go run 2 called
[1] SSSP::go run 2 called
[2] SSSP::go run 2 called
Number of nodes visited from source 0 is 600493
Max distance from source 0 is 32
Average distances on visited nodes is 11.2628
[4] SSSP::go run 3 called
[1] SSSP::go run 3 called
[6] SSSP::go run 3 called
[0] SSSP::go run 3 called
[2] SSSP::go run 3 called
[5] SSSP::go run 3 called
[3] SSSP::go run 3 called
[7] SSSP::go run 3 called
Number of nodes visited from source 0 is 600493
Max distance from source 0 is 32
Average distances on visited nodes is 11.2628
[0] SSSP::go run 4 called
[6] SSSP::go run 4 called
[2] SSSP::go run 4 called
[4] SSSP::go run 4 called
[7] SSSP::go run 4 called
[1] SSSP::go run 4 called
[3] SSSP::go run 4 called
[5] SSSP::go run 4 called
Number of nodes visited from source 0 is 600493
Max distance from source 0 is 32
Average distances on visited nodes is 11.2628
[0] SSSP::go run 5 called
[4] SSSP::go run 5 called
[2] SSSP::go run 5 called
[1] SSSP::go run 5 called
[6] SSSP::go run 5 called
[3] SSSP::go run 5 called
[5] SSSP::go run 5 called
[7] SSSP::go run 5 called
Number of nodes visited from source 0 is 600493
Max distance from source 0 is 32
Average distances on visited nodes is 11.2628
[7] SSSP::go run 6 called
[2] SSSP::go run 6 called
[1] SSSP::go run 6 called
[5] SSSP::go run 6 called
[0] SSSP::go run 6 called
[4] SSSP::go run 6 called
[3] SSSP::go run 6 called
[6] SSSP::go run 6 called
Number of nodes visited from source 0 is 600493
Max distance from source 0 is 32
Average distances on visited nodes is 11.2628
[7] SSSP::go run 7 called
[6] SSSP::go run 7 called
[3] SSSP::go run 7 called
[5] SSSP::go run 7 called
[0] SSSP::go run 7 called
[2] SSSP::go run 7 called
[1] SSSP::go run 7 called
[4] SSSP::go run 7 called
Number of nodes visited from source 0 is 600493
Max distance from source 0 is 32
Average distances on visited nodes is 11.2628
[1] SSSP::go run 8 called
[5] SSSP::go run 8 called
[3] SSSP::go run 8 called
[0] SSSP::go run 8 called
[4] SSSP::go run 8 called
[2] SSSP::go run 8 called
[7] SSSP::go run 8 called
[6] SSSP::go run 8 called
Number of nodes visited from source 0 is 600493
Max distance from source 0 is 32
Average distances on visited nodes is 11.2628
[0] SSSP::go run 9 called
[4] SSSP::go run 9 called
[1] SSSP::go run 9 called
[5] SSSP::go run 9 called
[3] SSSP::go run 9 called
[2] SSSP::go run 9 called
[7] SSSP::go run 9 called
[6] SSSP::go run 9 called
Number of nodes visited from source 0 is 600493
Max distance from source 0 is 32
Average distances on visited nodes is 11.2628
[2] SSSP::go run 10 called
[6] SSSP::go run 10 called
[0] SSSP::go run 10 called
[3] SSSP::go run 10 called
[7] SSSP::go run 10 called
[1] SSSP::go run 10 called
[5] SSSP::go run 10 called
[4] SSSP::go run 10 called
Number of nodes visited from source 0 is 600493
Max distance from source 0 is 32
Average distances on visited nodes is 11.2628
[0] SSSP::go run 11 called
[4] SSSP::go run 11 called
[1] SSSP::go run 11 called
[2] SSSP::go run 11 called
[6] SSSP::go run 11 called
[5] SSSP::go run 11 called
[3] SSSP::go run 11 called
[7] SSSP::go run 11 called
Number of nodes visited from source 0 is 600493
Max distance from source 0 is 32
Average distances on visited nodes is 11.2628
[4] SSSP::go run 12 called
[7] SSSP::go run 12 called
[6] SSSP::go run 12 called
[1] SSSP::go run 12 called
[3] SSSP::go run 12 called
[2] SSSP::go run 12 called
[5] SSSP::go run 12 called
[0] SSSP::go run 12 called
Number of nodes visited from source 0 is 600493
Max distance from source 0 is 32
Average distances on visited nodes is 11.2628
[3] SSSP::go run 13 called
[6] SSSP::go run 13 called
[5] SSSP::go run 13 called
[7] SSSP::go run 13 called
[2] SSSP::go run 13 called
[1] SSSP::go run 13 called
[4] SSSP::go run 13 called
[0] SSSP::go run 13 called
Number of nodes visited from source 0 is 600493
Max distance from source 0 is 32
Average distances on visited nodes is 11.2628
[1] SSSP::go run 14 called
[5] SSSP::go run 14 called
[0] SSSP::go run 14 called
[2] SSSP::go run 14 called
[4] SSSP::go run 14 called
[6] SSSP::go run 14 called
[3] SSSP::go run 14 called
[7] SSSP::go run 14 called
Number of nodes visited from source 0 is 600493
Max distance from source 0 is 32
Average distances on visited nodes is 11.2628
[0] SSSP::go run 15 called
[6] SSSP::go run 15 called
[4] SSSP::go run 15 called
[1] SSSP::go run 15 called
[7] SSSP::go run 15 called
[5] SSSP::go run 15 called
[3] SSSP::go run 15 called
[2] SSSP::go run 15 called
Number of nodes visited from source 0 is 600493
Max distance from source 0 is 32
Average distances on visited nodes is 11.2628
[1] SSSP::go run 16 called
[7] SSSP::go run 16 called
[4] SSSP::go run 16 called
[0] SSSP::go run 16 called
[6] SSSP::go run 16 called
[5] SSSP::go run 16 called
[3] SSSP::go run 16 called
[2] SSSP::go run 16 called
Number of nodes visited from source 0 is 600493
Max distance from source 0 is 32
Average distances on visited nodes is 11.2628
[4] SSSP::go run 17 called
[0] SSSP::go run 17 called
[5] SSSP::go run 17 called
[1] SSSP::go run 17 called
[7] SSSP::go run 17 called
[3] SSSP::go run 17 called
[2] SSSP::go run 17 called
[6] SSSP::go run 17 called
Number of nodes visited from source 0 is 600493
Max distance from source 0 is 32
Average distances on visited nodes is 11.2628
[4] SSSP::go run 18 called
[0] SSSP::go run 18 called
[6] SSSP::go run 18 called
[5] SSSP::go run 18 called
[7] SSSP::go run 18 called
[2] SSSP::go run 18 called
[1] SSSP::go run 18 called
[3] SSSP::go run 18 called
Number of nodes visited from source 0 is 600493
Max distance from source 0 is 32
Average distances on visited nodes is 11.2628
[6] SSSP::go run 19 called
[4] SSSP::go run 19 called
[7] SSSP::go run 19 called
[0] SSSP::go run 19 called
[3] SSSP::go run 19 called
[2] SSSP::go run 19 called
[5] SSSP::go run 19 called
[1] SSSP::go run 19 called
Number of nodes visited from source 0 is 600493
Max distance from source 0 is 32
Average distances on visited nodes is 11.2628
exit=0
===== SSSP wiki-talk-temporal MPI=1 runs=20 2026-06-12T17:17:09+03:00 =====
D-Galois Benchmark Suite v6.0.0 (unknown)
Copyright (C) 2018 The University of Texas at Austin
http://iss.ices.utexas.edu/galois/

application: SSSP - Distributed Heterogeneous with worklist.
Variant of Chaotic relaxation SSSP on Distributed Galois.

[0] Master distribution time : 0.001189 seconds to read 168 bytes in 19 seeks (0.141295 MBPS)
[0] Starting graph reading.
[0] Reading graph complete.
[0] Edge inspection time: 0.105172 seconds to read 49574936 bytes (471.37 MBPS)
Loading edge-data while creating edges
[0] Edge loading time: 0.197917 seconds to read 80907496 bytes (408.795 MBPS)
[0] Graph construction complete.
[0] InitializeGraph::go called
[0] SSSP::go run 0 called
Number of nodes visited from source 0 is 2
Max distance from source 0 is 1
Average distances on visited nodes is 0.5
[0] SSSP::go run 1 called
Number of nodes visited from source 0 is 2
Max distance from source 0 is 1
Average distances on visited nodes is 0.5
[0] SSSP::go run 2 called
Number of nodes visited from source 0 is 2
Max distance from source 0 is 1
Average distances on visited nodes is 0.5
[0] SSSP::go run 3 called
Number of nodes visited from source 0 is 2
Max distance from source 0 is 1
Average distances on visited nodes is 0.5
[0] SSSP::go run 4 called
Number of nodes visited from source 0 is 2
Max distance from source 0 is 1
Average distances on visited nodes is 0.5
[0] SSSP::go run 5 called
Number of nodes visited from source 0 is 2
Max distance from source 0 is 1
Average distances on visited nodes is 0.5
[0] SSSP::go run 6 called
Number of nodes visited from source 0 is 2
Max distance from source 0 is 1
Average distances on visited nodes is 0.5
[0] SSSP::go run 7 called
Number of nodes visited from source 0 is 2
Max distance from source 0 is 1
Average distances on visited nodes is 0.5
[0] SSSP::go run 8 called
Number of nodes visited from source 0 is 2
Max distance from source 0 is 1
Average distances on visited nodes is 0.5
[0] SSSP::go run 9 called
Number of nodes visited from source 0 is 2
Max distance from source 0 is 1
Average distances on visited nodes is 0.5
[0] SSSP::go run 10 called
Number of nodes visited from source 0 is 2
Max distance from source 0 is 1
Average distances on visited nodes is 0.5
[0] SSSP::go run 11 called
Number of nodes visited from source 0 is 2
Max distance from source 0 is 1
Average distances on visited nodes is 0.5
[0] SSSP::go run 12 called
Number of nodes visited from source 0 is 2
Max distance from source 0 is 1
Average distances on visited nodes is 0.5
[0] SSSP::go run 13 called
Number of nodes visited from source 0 is 2
Max distance from source 0 is 1
Average distances on visited nodes is 0.5
[0] SSSP::go run 14 called
Number of nodes visited from source 0 is 2
Max distance from source 0 is 1
Average distances on visited nodes is 0.5
[0] SSSP::go run 15 called
Number of nodes visited from source 0 is 2
Max distance from source 0 is 1
Average distances on visited nodes is 0.5
[0] SSSP::go run 16 called
Number of nodes visited from source 0 is 2
Max distance from source 0 is 1
Average distances on visited nodes is 0.5
[0] SSSP::go run 17 called
Number of nodes visited from source 0 is 2
Max distance from source 0 is 1
Average distances on visited nodes is 0.5
[0] SSSP::go run 18 called
Number of nodes visited from source 0 is 2
Max distance from source 0 is 1
Average distances on visited nodes is 0.5
[0] SSSP::go run 19 called
Number of nodes visited from source 0 is 2
Max distance from source 0 is 1
Average distances on visited nodes is 0.5
exit=0
===== SSSP wiki-talk-temporal MPI=2 runs=20 2026-06-12T17:17:13+03:00 =====
D-Galois Benchmark Suite v6.0.0 (unknown)
Copyright (C) 2018 The University of Texas at Austin
http://iss.ices.utexas.edu/galois/

application: SSSP - Distributed Heterogeneous with worklist.
Variant of Chaotic relaxation SSSP on Distributed Galois.

[0] Master distribution time : 0.01142 seconds to read 168 bytes in 20 seeks (0.014711 MBPS)
[0] Starting graph reading.
[1] Master distribution time : 0.02205 seconds to read 336 bytes in 41 seeks (0.0152381 MBPS)
[1] Starting graph reading.
[0] Reading graph complete.
[1] Reading graph complete.
[0] Edge inspection time: 0.132457 seconds to read 15774304 bytes (119.09 MBPS)
[1] Edge inspection time: 0.166041 seconds to read 33800624 bytes (203.568 MBPS)
Loading edge-data while creating edges
[1] Edge loading time: 0.204774 seconds to read 49451144 bytes (241.491 MBPS)
[1] Graph construction complete.
[0] Edge loading time: 0.756876 seconds to read 31456344 bytes (41.5608 MBPS)
[0] Graph construction complete.
[0] InitializeGraph::go called
[1] InitializeGraph::go called
[1] SSSP::go run 0 called
[0] SSSP::go run 0 called
Number of nodes visited from source 0 is 2
Max distance from source 0 is 1
Average distances on visited nodes is 0.5
[1] SSSP::go run 1 called
[0] SSSP::go run 1 called
Number of nodes visited from source 0 is 2
Max distance from source 0 is 1
Average distances on visited nodes is 0.5
[1] SSSP::go run 2 called
[0] SSSP::go run 2 called
Number of nodes visited from source 0 is 2
Max distance from source 0 is 1
Average distances on visited nodes is 0.5
[1] SSSP::go run 3 called
[0] SSSP::go run 3 called
Number of nodes visited from source 0 is 2
Max distance from source 0 is 1
Average distances on visited nodes is 0.5
[1] SSSP::go run 4 called
[0] SSSP::go run 4 called
Number of nodes visited from source 0 is 2
Max distance from source 0 is 1
Average distances on visited nodes is 0.5
[1] SSSP::go run 5 called
[0] SSSP::go run 5 called
Number of nodes visited from source 0 is 2
Max distance from source 0 is 1
Average distances on visited nodes is 0.5
[1] SSSP::go run 6 called
[0] SSSP::go run 6 called
Number of nodes visited from source 0 is 2
Max distance from source 0 is 1
Average distances on visited nodes is 0.5
[1] SSSP::go run 7 called
[0] SSSP::go run 7 called
Number of nodes visited from source 0 is 2
Max distance from source 0 is 1
Average distances on visited nodes is 0.5
[1] SSSP::go run 8 called
[0] SSSP::go run 8 called
Number of nodes visited from source 0 is 2
Max distance from source 0 is 1
Average distances on visited nodes is 0.5
[1] SSSP::go run 9 called
[0] SSSP::go run 9 called
Number of nodes visited from source 0 is 2
Max distance from source 0 is 1
Average distances on visited nodes is 0.5
[1] SSSP::go run 10 called
[0] SSSP::go run 10 called
Number of nodes visited from source 0 is 2
Max distance from source 0 is 1
Average distances on visited nodes is 0.5
[1] SSSP::go run 11 called
[0] SSSP::go run 11 called
Number of nodes visited from source 0 is 2
Max distance from source 0 is 1
Average distances on visited nodes is 0.5
[1] SSSP::go run 12 called
[0] SSSP::go run 12 called
Number of nodes visited from source 0 is 2
Max distance from source 0 is 1
Average distances on visited nodes is 0.5
[1] SSSP::go run 13 called
[0] SSSP::go run 13 called
Number of nodes visited from source 0 is 2
Max distance from source 0 is 1
Average distances on visited nodes is 0.5
[1] SSSP::go run 14 called
[0] SSSP::go run 14 called
Number of nodes visited from source 0 is 2
Max distance from source 0 is 1
Average distances on visited nodes is 0.5
[1] SSSP::go run 15 called
[0] SSSP::go run 15 called
Number of nodes visited from source 0 is 2
Max distance from source 0 is 1
Average distances on visited nodes is 0.5
[1] SSSP::go run 16 called
[0] SSSP::go run 16 called
Number of nodes visited from source 0 is 2
Max distance from source 0 is 1
Average distances on visited nodes is 0.5
[1] SSSP::go run 17 called
[0] SSSP::go run 17 called
Number of nodes visited from source 0 is 2
Max distance from source 0 is 1
Average distances on visited nodes is 0.5
[1] SSSP::go run 18 called
[0] SSSP::go run 18 called
Number of nodes visited from source 0 is 2
Max distance from source 0 is 1
Average distances on visited nodes is 0.5
[1] SSSP::go run 19 called
[0] SSSP::go run 19 called
Number of nodes visited from source 0 is 2
Max distance from source 0 is 1
Average distances on visited nodes is 0.5
exit=0
===== SSSP wiki-talk-temporal MPI=4 runs=20 2026-06-12T17:17:19+03:00 =====
D-Galois Benchmark Suite v6.0.0 (unknown)
Copyright (C) 2018 The University of Texas at Austin
http://iss.ices.utexas.edu/galois/

application: SSSP - Distributed Heterogeneous with worklist.
Variant of Chaotic relaxation SSSP on Distributed Galois.

[0] Master distribution time : 0.023544 seconds to read 168 bytes in 20 seeks (0.00713558 MBPS)
[0] Starting graph reading.
[1] Master distribution time : 0.046133 seconds to read 336 bytes in 42 seeks (0.00728329 MBPS)
[1] Starting graph reading.
[2] Master distribution time : 0.045654 seconds to read 344 bytes in 43 seeks (0.00753494 MBPS)
[2] Starting graph reading.
[3] Master distribution time : 0.067009 seconds to read 336 bytes in 41 seeks (0.00501425 MBPS)
[3] Starting graph reading.
[0] Reading graph complete.
[1] Reading graph complete.
[2] Reading graph complete.
[3] Reading graph complete.
[0] Edge inspection time: 0.165117 seconds to read 7861160 bytes (47.6096 MBPS)
[1] Edge inspection time: 0.168463 seconds to read 7913136 bytes (46.9725 MBPS)
[2] Edge inspection time: 0.167746 seconds to read 8035308 bytes (47.9016 MBPS)
[3] Edge inspection time: 0.291241 seconds to read 25765308 bytes (88.4673 MBPS)
Loading edge-data while creating edges
[3] Edge loading time: 0.263701 seconds to read 33598224 bytes (127.41 MBPS)
[3] Graph construction complete.
[2] Edge loading time: 0.69641 seconds to read 15852912 bytes (22.7638 MBPS)
[2] Graph construction complete.
[0] Edge loading time: 0.746653 seconds to read 15696184 bytes (21.0221 MBPS)
[0] Graph construction complete.
[1] Edge loading time: 0.841214 seconds to read 15760152 bytes (18.735 MBPS)
[1] Graph construction complete.
[1] InitializeGraph::go called
[0] InitializeGraph::go called
[3] InitializeGraph::go called
[2] InitializeGraph::go called
[0] SSSP::go run 0 called
[1] SSSP::go run 0 called
[2] SSSP::go run 0 called
[3] SSSP::go run 0 called
Number of nodes visited from source 0 is 2
Max distance from source 0 is 1
Average distances on visited nodes is 0.5
[0] SSSP::go run 1 called
[2] SSSP::go run 1 called
[1] SSSP::go run 1 called
[3] SSSP::go run 1 called
Number of nodes visited from source 0 is 2
Max distance from source 0 is 1
Average distances on visited nodes is 0.5
[0] SSSP::go run 2 called
[1] SSSP::go run 2 called
[3] SSSP::go run 2 called
[2] SSSP::go run 2 called
Number of nodes visited from source 0 is 2
Max distance from source 0 is 1
Average distances on visited nodes is 0.5
[0] SSSP::go run 3 called
[1] SSSP::go run 3 called
[2] SSSP::go run 3 called
[3] SSSP::go run 3 called
Number of nodes visited from source 0 is 2
Max distance from source 0 is 1
Average distances on visited nodes is 0.5
[0] SSSP::go run 4 called
[2] SSSP::go run 4 called
[1] SSSP::go run 4 called
[3] SSSP::go run 4 called
Number of nodes visited from source 0 is 2
Max distance from source 0 is 1
Average distances on visited nodes is 0.5
[0] SSSP::go run 5 called
[2] SSSP::go run 5 called
[1] SSSP::go run 5 called
[3] SSSP::go run 5 called
Number of nodes visited from source 0 is 2
Max distance from source 0 is 1
Average distances on visited nodes is 0.5
[0] SSSP::go run 6 called
[2] SSSP::go run 6 called
[1] SSSP::go run 6 called
[3] SSSP::go run 6 called
Number of nodes visited from source 0 is 2
Max distance from source 0 is 1
Average distances on visited nodes is 0.5
[0] SSSP::go run 7 called
[2] SSSP::go run 7 called
[3] SSSP::go run 7 called
[1] SSSP::go run 7 called
Number of nodes visited from source 0 is 2
Max distance from source 0 is 1
Average distances on visited nodes is 0.5
[0] SSSP::go run 8 called
[1] SSSP::go run 8 called
[3] SSSP::go run 8 called
[2] SSSP::go run 8 called
Number of nodes visited from source 0 is 2
Max distance from source 0 is 1
Average distances on visited nodes is 0.5
[0] SSSP::go run 9 called
[1] SSSP::go run 9 called
[2] SSSP::go run 9 called
[3] SSSP::go run 9 called
Number of nodes visited from source 0 is 2
Max distance from source 0 is 1
Average distances on visited nodes is 0.5
[0] SSSP::go run 10 called
[3] SSSP::go run 10 called
[2] SSSP::go run 10 called
[1] SSSP::go run 10 called
Number of nodes visited from source 0 is 2
Max distance from source 0 is 1
Average distances on visited nodes is 0.5
[0] SSSP::go run 11 called
[2] SSSP::go run 11 called
[1] SSSP::go run 11 called
[3] SSSP::go run 11 called
Number of nodes visited from source 0 is 2
Max distance from source 0 is 1
Average distances on visited nodes is 0.5
[0] SSSP::go run 12 called
[2] SSSP::go run 12 called
[3] SSSP::go run 12 called
[1] SSSP::go run 12 called
Number of nodes visited from source 0 is 2
Max distance from source 0 is 1
Average distances on visited nodes is 0.5
[0] SSSP::go run 13 called
[2] SSSP::go run 13 called
[1] SSSP::go run 13 called
[3] SSSP::go run 13 called
Number of nodes visited from source 0 is 2
Max distance from source 0 is 1
Average distances on visited nodes is 0.5
[0] SSSP::go run 14 called
[3] SSSP::go run 14 called
[1] SSSP::go run 14 called
[2] SSSP::go run 14 called
Number of nodes visited from source 0 is 2
Max distance from source 0 is 1
Average distances on visited nodes is 0.5
[0] SSSP::go run 15 called
[3] SSSP::go run 15 called
[1] SSSP::go run 15 called
[2] SSSP::go run 15 called
Number of nodes visited from source 0 is 2
Max distance from source 0 is 1
Average distances on visited nodes is 0.5
[0] SSSP::go run 16 called
[1] SSSP::go run 16 called
[2] SSSP::go run 16 called
[3] SSSP::go run 16 called
Number of nodes visited from source 0 is 2
Max distance from source 0 is 1
Average distances on visited nodes is 0.5
[0] SSSP::go run 17 called
[3] SSSP::go run 17 called
[1] SSSP::go run 17 called
[2] SSSP::go run 17 called
Number of nodes visited from source 0 is 2
Max distance from source 0 is 1
Average distances on visited nodes is 0.5
[0] SSSP::go run 18 called
[3] SSSP::go run 18 called
[2] SSSP::go run 18 called
[1] SSSP::go run 18 called
Number of nodes visited from source 0 is 2
Max distance from source 0 is 1
Average distances on visited nodes is 0.5
[0] SSSP::go run 19 called
[3] SSSP::go run 19 called
[1] SSSP::go run 19 called
[2] SSSP::go run 19 called
Number of nodes visited from source 0 is 2
Max distance from source 0 is 1
Average distances on visited nodes is 0.5
exit=0
===== SSSP wiki-talk-temporal MPI=6 runs=20 2026-06-12T17:17:33+03:00 =====
D-Galois Benchmark Suite v6.0.0 (unknown)
Copyright (C) 2018 The University of Texas at Austin
http://iss.ices.utexas.edu/galois/

application: SSSP - Distributed Heterogeneous with worklist.
Variant of Chaotic relaxation SSSP on Distributed Galois.

[3] Master distribution time : 0.032994 seconds to read 336 bytes in 41 seeks (0.0101837 MBPS)
[3] Starting graph reading.
[5] Master distribution time : 0.070168 seconds to read 336 bytes in 40 seeks (0.00478851 MBPS)
[5] Starting graph reading.
[4] Master distribution time : 0.070106 seconds to read 336 bytes in 41 seeks (0.00479274 MBPS)
[4] Starting graph reading.
[3] Reading graph complete.
[2] Master distribution time : 0.069765 seconds to read 344 bytes in 42 seeks (0.00493084 MBPS)
[2] Starting graph reading.
[1] Master distribution time : 0.106031 seconds to read 336 bytes in 41 seeks (0.00316888 MBPS)
[1] Starting graph reading.
[0] Master distribution time : 0.071887 seconds to read 168 bytes in 20 seeks (0.002337 MBPS)
[0] Starting graph reading.
[4] Reading graph complete.
[2] Reading graph complete.
[1] Reading graph complete.
[0] Reading graph complete.
[5] Reading graph complete.
[3] Edge inspection time: 0.21339 seconds to read 5316944 bytes (24.9166 MBPS)
[1] Edge inspection time: 0.181298 seconds to read 4720348 bytes (26.0364 MBPS)
[4] Edge inspection time: 0.212713 seconds to read 5586624 bytes (26.2637 MBPS)
[2] Edge inspection time: 0.215967 seconds to read 5284616 bytes (24.4696 MBPS)
[0] Edge inspection time: 0.217173 seconds to read 5769324 bytes (26.5656 MBPS)
[5] Edge inspection time: 0.396215 seconds to read 22897040 bytes (57.7894 MBPS)
Loading edge-data while creating edges
[4] Edge loading time: 0.792833 seconds to read 10808696 bytes (13.633 MBPS)
[4] Graph construction complete.
[3] Edge loading time: 0.758409 seconds to read 10523448 bytes (13.8757 MBPS)
[1] Edge loading time: 0.796423 seconds to read 9416688 bytes (11.8237 MBPS)
[3] Graph construction complete.
[1] Graph construction complete.
[0] Edge loading time: 0.795994 seconds to read 11522096 bytes (14.4751 MBPS)
[0] Graph construction complete.
[2] Edge loading time: 0.936128 seconds to read 10517544 bytes (11.2352 MBPS)
[2] Graph construction complete.
[5] Edge loading time: 0.323508 seconds to read 28118984 bytes (86.919 MBPS)
[5] Graph construction complete.
[5] InitializeGraph::go called
[1] InitializeGraph::go called
[0] InitializeGraph::go called
[3] InitializeGraph::go called
[2] InitializeGraph::go called
[4] InitializeGraph::go called
[0] SSSP::go run 0 called
[1] SSSP::go run 0 called
[2] SSSP::go run 0 called
[5] SSSP::go run 0 called
[4] SSSP::go run 0 called
[3] SSSP::go run 0 called
Number of nodes visited from source 0 is 2
Max distance from source 0 is 1
Average distances on visited nodes is 0.5
[0] SSSP::go run 1 called
[1] SSSP::go run 1 called
[3] SSSP::go run 1 called
[2] SSSP::go run 1 called
[5] SSSP::go run 1 called
[4] SSSP::go run 1 called
Number of nodes visited from source 0 is 2
Max distance from source 0 is 1
Average distances on visited nodes is 0.5
[0] SSSP::go run 2 called
[2] SSSP::go run 2 called
[1] SSSP::go run 2 called
[5] SSSP::go run 2 called
[4] SSSP::go run 2 called
[3] SSSP::go run 2 called
Number of nodes visited from source 0 is 2
Max distance from source 0 is 1
Average distances on visited nodes is 0.5
[0] SSSP::go run 3 called
[3] SSSP::go run 3 called
[2] SSSP::go run 3 called
[5] SSSP::go run 3 called
[4] SSSP::go run 3 called
[1] SSSP::go run 3 called
Number of nodes visited from source 0 is 2
Max distance from source 0 is 1
Average distances on visited nodes is 0.5
[0] SSSP::go run 4 called
[2] SSSP::go run 4 called
[1] SSSP::go run 4 called
[4] SSSP::go run 4 called
[5] SSSP::go run 4 called
[3] SSSP::go run 4 called
Number of nodes visited from source 0 is 2
Max distance from source 0 is 1
Average distances on visited nodes is 0.5
[0] SSSP::go run 5 called
[3] SSSP::go run 5 called
[2] SSSP::go run 5 called
[5] SSSP::go run 5 called
[1] SSSP::go run 5 called
[4] SSSP::go run 5 called
Number of nodes visited from source 0 is 2
Max distance from source 0 is 1
Average distances on visited nodes is 0.5
[0] SSSP::go run 6 called
[1] SSSP::go run 6 called
[3] SSSP::go run 6 called
[2] SSSP::go run 6 called
[4] SSSP::go run 6 called
[5] SSSP::go run 6 called
Number of nodes visited from source 0 is 2
Max distance from source 0 is 1
Average distances on visited nodes is 0.5
[0] SSSP::go run 7 called
[3] SSSP::go run 7 called
[2] SSSP::go run 7 called
[1] SSSP::go run 7 called
[4] SSSP::go run 7 called
[5] SSSP::go run 7 called
Number of nodes visited from source 0 is 2
Max distance from source 0 is 1
Average distances on visited nodes is 0.5
[0] SSSP::go run 8 called
[1] SSSP::go run 8 called
[5] SSSP::go run 8 called
[3] SSSP::go run 8 called
[2] SSSP::go run 8 called
[4] SSSP::go run 8 called
Number of nodes visited from source 0 is 2
Max distance from source 0 is 1
Average distances on visited nodes is 0.5
[0] SSSP::go run 9 called
[1] SSSP::go run 9 called
[5] SSSP::go run 9 called
[3] SSSP::go run 9 called
[4] SSSP::go run 9 called
[2] SSSP::go run 9 called
Number of nodes visited from source 0 is 2
Max distance from source 0 is 1
Average distances on visited nodes is 0.5
[0] SSSP::go run 10 called
[4] SSSP::go run 10 called
[3] SSSP::go run 10 called
[2] SSSP::go run 10 called
[1] SSSP::go run 10 called
[5] SSSP::go run 10 called
Number of nodes visited from source 0 is 2
Max distance from source 0 is 1
Average distances on visited nodes is 0.5
[0] SSSP::go run 11 called
[1] SSSP::go run 11 called
[2] SSSP::go run 11 called
[3] SSSP::go run 11 called
[5] SSSP::go run 11 called
[4] SSSP::go run 11 called
Number of nodes visited from source 0 is 2
Max distance from source 0 is 1
Average distances on visited nodes is 0.5
[0] SSSP::go run 12 called
[2] SSSP::go run 12 called
[5] SSSP::go run 12 called
[1] SSSP::go run 12 called
[4] SSSP::go run 12 called
[3] SSSP::go run 12 called
Number of nodes visited from source 0 is 2
Max distance from source 0 is 1
Average distances on visited nodes is 0.5
[0] SSSP::go run 13 called
[1] SSSP::go run 13 called
[2] SSSP::go run 13 called
[4] SSSP::go run 13 called
[5] SSSP::go run 13 called
[3] SSSP::go run 13 called
Number of nodes visited from source 0 is 2
Max distance from source 0 is 1
Average distances on visited nodes is 0.5
[0] SSSP::go run 14 called
[1] SSSP::go run 14 called
[4] SSSP::go run 14 called
[5] SSSP::go run 14 called
[3] SSSP::go run 14 called
[2] SSSP::go run 14 called
Number of nodes visited from source 0 is 2
Max distance from source 0 is 1
Average distances on visited nodes is 0.5
[0] SSSP::go run 15 called
[1] SSSP::go run 15 called
[5] SSSP::go run 15 called
[2] SSSP::go run 15 called
[3] SSSP::go run 15 called
[4] SSSP::go run 15 called
Number of nodes visited from source 0 is 2
Max distance from source 0 is 1
Average distances on visited nodes is 0.5
[0] SSSP::go run 16 called
[2] SSSP::go run 16 called
[4] SSSP::go run 16 called
[1] SSSP::go run 16 called
[5] SSSP::go run 16 called
[3] SSSP::go run 16 called
Number of nodes visited from source 0 is 2
Max distance from source 0 is 1
Average distances on visited nodes is 0.5
[0] SSSP::go run 17 called
[2] SSSP::go run 17 called
[4] SSSP::go run 17 called
[5] SSSP::go run 17 called
[3] SSSP::go run 17 called
[1] SSSP::go run 17 called
Number of nodes visited from source 0 is 2
Max distance from source 0 is 1
Average distances on visited nodes is 0.5
[0] SSSP::go run 18 called
[2] SSSP::go run 18 called
[4] SSSP::go run 18 called
[1] SSSP::go run 18 called
[3] SSSP::go run 18 called
[5] SSSP::go run 18 called
Number of nodes visited from source 0 is 2
Max distance from source 0 is 1
Average distances on visited nodes is 0.5
[0] SSSP::go run 19 called
[2] SSSP::go run 19 called
[4] SSSP::go run 19 called
[5] SSSP::go run 19 called
[3] SSSP::go run 19 called
[1] SSSP::go run 19 called
Number of nodes visited from source 0 is 2
Max distance from source 0 is 1
Average distances on visited nodes is 0.5
exit=0
===== SSSP wiki-talk-temporal MPI=8 runs=20 2026-06-12T17:17:56+03:00 =====
D-Galois Benchmark Suite v6.0.0 (unknown)
Copyright (C) 2018 The University of Texas at Austin
http://iss.ices.utexas.edu/galois/

application: SSSP - Distributed Heterogeneous with worklist.
Variant of Chaotic relaxation SSSP on Distributed Galois.

[0] Master distribution time : 0.047392 seconds to read 168 bytes in 20 seeks (0.0035449 MBPS)
[0] Starting graph reading.
[4] Master distribution time : 0.093882 seconds to read 336 bytes in 41 seeks (0.00357896 MBPS)
[4] Starting graph reading.
[6] Master distribution time : 0.093646 seconds to read 336 bytes in 42 seeks (0.00358798 MBPS)
[6] Starting graph reading.
[7] Master distribution time : 0.093733 seconds to read 336 bytes in 41 seeks (0.00358465 MBPS)
[7] Starting graph reading.
[2] Master distribution time : 0.09385 seconds to read 336 bytes in 41 seeks (0.00358018 MBPS)
[2] Starting graph reading.
[5] Master distribution time : 0.095832 seconds to read 336 bytes in 41 seeks (0.00350614 MBPS)
[5] Starting graph reading.
[3] Master distribution time : 0.141738 seconds to read 344 bytes in 42 seeks (0.00242701 MBPS)
[3] Starting graph reading.
[1] Master distribution time : 0.14162 seconds to read 336 bytes in 40 seeks (0.00237255 MBPS)
[1] Starting graph reading.
[0] Reading graph complete.
[4] Reading graph complete.
[6] Reading graph complete.
[2] Reading graph complete.
[5] Reading graph complete.
[3] Reading graph complete.
[1] Reading graph complete.
[7] Reading graph complete.
[0] Edge inspection time: 0.240785 seconds to read 3942076 bytes (16.3718 MBPS)
[4] Edge inspection time: 0.241126 seconds to read 3968972 bytes (16.4602 MBPS)
[2] Edge inspection time: 0.241712 seconds to read 3986656 bytes (16.4934 MBPS)
[5] Edge inspection time: 0.241267 seconds to read 4066328 bytes (16.8541 MBPS)
[3] Edge inspection time: 0.241591 seconds to read 3926472 bytes (16.2526 MBPS)
[1] Edge inspection time: 0.241656 seconds to read 3919076 bytes (16.2176 MBPS)
[6] Edge inspection time: 0.286878 seconds to read 4424732 bytes (15.4237 MBPS)
[7] Edge inspection time: 0.526473 seconds to read 21340568 bytes (40.535 MBPS)
Loading edge-data while creating edges
[0] Edge loading time: 0.718805 seconds to read 7870320 bytes (10.9492 MBPS)
[0] Graph construction complete.
[4] Edge loading time: 0.673297 seconds to read 7870576 bytes (11.6896 MBPS)
[6] Edge loading time: 0.718631 seconds to read 8341104 bytes (11.6069 MBPS)
[6] Graph construction complete.
[5] Edge loading time: 0.671633 seconds to read 7982328 bytes (11.885 MBPS)
[1] Edge loading time: 0.619244 seconds to read 7825856 bytes (12.6378 MBPS)
[1] Graph construction complete.
[4] Graph construction complete.
[5] Graph construction complete.
[3] Edge loading time: 0.720424 seconds to read 7812200 bytes (10.8439 MBPS)
[3] Graph construction complete.
[2] Edge loading time: 0.868038 seconds to read 7947944 bytes (9.15622 MBPS)
[2] Graph construction complete.
[7] Edge loading time: 0.382698 seconds to read 25257112 bytes (65.9975 MBPS)
[7] Graph construction complete.
[7] InitializeGraph::go called
[5] InitializeGraph::go called
[4] InitializeGraph::go called
[2] InitializeGraph::go called
[1] InitializeGraph::go called
[3] InitializeGraph::go called
[0] InitializeGraph::go called
[6] InitializeGraph::go called
[7] SSSP::go run 0 called
[3] SSSP::go run 0 called
[6] SSSP::go run 0 called
[4] SSSP::go run 0 called
[2] SSSP::go run 0 called
[0] SSSP::go run 0 called
[5] SSSP::go run 0 called
[1] SSSP::go run 0 called
Number of nodes visited from source 0 is 2
Max distance from source 0 is 1
Average distances on visited nodes is 0.5
[7] SSSP::go run 1 called
[5] SSSP::go run 1 called
[1] SSSP::go run 1 called
[3] SSSP::go run 1 called
[6] SSSP::go run 1 called
[2] SSSP::go run 1 called
[4] SSSP::go run 1 called
[0] SSSP::go run 1 called
Number of nodes visited from source 0 is 2
Max distance from source 0 is 1
Average distances on visited nodes is 0.5
[7] SSSP::go run 2 called
[6] SSSP::go run 2 called
[2] SSSP::go run 2 called
[3] SSSP::go run 2 called
[4] SSSP::go run 2 called
[0] SSSP::go run 2 called
[5] SSSP::go run 2 called
[1] SSSP::go run 2 called
Number of nodes visited from source 0 is 2
Max distance from source 0 is 1
Average distances on visited nodes is 0.5
[7] SSSP::go run 3 called
[6] SSSP::go run 3 called
[3] SSSP::go run 3 called
[5] SSSP::go run 3 called
[4] SSSP::go run 3 called
[1] SSSP::go run 3 called
[2] SSSP::go run 3 called
[0] SSSP::go run 3 called
Number of nodes visited from source 0 is 2
Max distance from source 0 is 1
Average distances on visited nodes is 0.5
[7] SSSP::go run 4 called
[6] SSSP::go run 4 called
[5] SSSP::go run 4 called
[3] SSSP::go run 4 called
[4] SSSP::go run 4 called
[0] SSSP::go run 4 called
[2] SSSP::go run 4 called
[1] SSSP::go run 4 called
Number of nodes visited from source 0 is 2
Max distance from source 0 is 1
Average distances on visited nodes is 0.5
[7] SSSP::go run 5 called
[5] SSSP::go run 5 called
[3] SSSP::go run 5 called
[6] SSSP::go run 5 called
[1] SSSP::go run 5 called
[2] SSSP::go run 5 called
[4] SSSP::go run 5 called
[0] SSSP::go run 5 called
Number of nodes visited from source 0 is 2
Max distance from source 0 is 1
Average distances on visited nodes is 0.5
[7] SSSP::go run 6 called
[3] SSSP::go run 6 called
[6] SSSP::go run 6 called
[5] SSSP::go run 6 called
[1] SSSP::go run 6 called
[2] SSSP::go run 6 called
[4] SSSP::go run 6 called
[0] SSSP::go run 6 called
Number of nodes visited from source 0 is 2
Max distance from source 0 is 1
Average distances on visited nodes is 0.5
[7] SSSP::go run 7 called
[3] SSSP::go run 7 called
[6] SSSP::go run 7 called
[5] SSSP::go run 7 called
[2] SSSP::go run 7 called
[4] SSSP::go run 7 called
[0] SSSP::go run 7 called
[1] SSSP::go run 7 called
Number of nodes visited from source 0 is 2
Max distance from source 0 is 1
Average distances on visited nodes is 0.5
[7] SSSP::go run 8 called
[3] SSSP::go run 8 called
[5] SSSP::go run 8 called
[1] SSSP::go run 8 called
[6] SSSP::go run 8 called
[2] SSSP::go run 8 called
[4] SSSP::go run 8 called
[0] SSSP::go run 8 called
Number of nodes visited from source 0 is 2
Max distance from source 0 is 1
Average distances on visited nodes is 0.5
[7] SSSP::go run 9 called
[5] SSSP::go run 9 called
[3] SSSP::go run 9 called
[6] SSSP::go run 9 called
[2] SSSP::go run 9 called
[4] SSSP::go run 9 called
[0] SSSP::go run 9 called
[1] SSSP::go run 9 called
Number of nodes visited from source 0 is 2
Max distance from source 0 is 1
Average distances on visited nodes is 0.5
[7] SSSP::go run 10 called
[5] SSSP::go run 10 called
[3] SSSP::go run 10 called
[6] SSSP::go run 10 called
[1] SSSP::go run 10 called
[2] SSSP::go run 10 called
[4] SSSP::go run 10 called
[0] SSSP::go run 10 called
Number of nodes visited from source 0 is 2
Max distance from source 0 is 1
Average distances on visited nodes is 0.5
[7] SSSP::go run 11 called
[6] SSSP::go run 11 called
[2] SSSP::go run 11 called
[3] SSSP::go run 11 called
[4] SSSP::go run 11 called
[0] SSSP::go run 11 called
[5] SSSP::go run 11 called
[1] SSSP::go run 11 called
Number of nodes visited from source 0 is 2
Max distance from source 0 is 1
Average distances on visited nodes is 0.5
[7] SSSP::go run 12 called
[5] SSSP::go run 12 called
[6] SSSP::go run 12 called
[2] SSSP::go run 12 called
[1] SSSP::go run 12 called
[3] SSSP::go run 12 called
[4] SSSP::go run 12 called
[0] SSSP::go run 12 called
Number of nodes visited from source 0 is 2
Max distance from source 0 is 1
Average distances on visited nodes is 0.5
[7] SSSP::go run 13 called
[6] SSSP::go run 13 called
[2] SSSP::go run 13 called
[5] SSSP::go run 13 called
[3] SSSP::go run 13 called
[4] SSSP::go run 13 called
[0] SSSP::go run 13 called
[1] SSSP::go run 13 called
Number of nodes visited from source 0 is 2
Max distance from source 0 is 1
Average distances on visited nodes is 0.5
[7] SSSP::go run 14 called
[3] SSSP::go run 14 called
[5] SSSP::go run 14 called
[6] SSSP::go run 14 called
[2] SSSP::go run 14 called
[1] SSSP::go run 14 called
[4] SSSP::go run 14 called
[0] SSSP::go run 14 called
Number of nodes visited from source 0 is 2
Max distance from source 0 is 1
Average distances on visited nodes is 0.5
[7] SSSP::go run 15 called
[3] SSSP::go run 15 called
[5] SSSP::go run 15 called
[6] SSSP::go run 15 called
[1] SSSP::go run 15 called
[4] SSSP::go run 15 called
[2] SSSP::go run 15 called
[0] SSSP::go run 15 called
Number of nodes visited from source 0 is 2
Max distance from source 0 is 1
Average distances on visited nodes is 0.5
[7] SSSP::go run 16 called
[3] SSSP::go run 16 called
[6] SSSP::go run 16 called
[2] SSSP::go run 16 called
[4] SSSP::go run 16 called
[5] SSSP::go run 16 called
[0] SSSP::go run 16 called
[1] SSSP::go run 16 called
Number of nodes visited from source 0 is 2
Max distance from source 0 is 1
Average distances on visited nodes is 0.5
[7] SSSP::go run 17 called
[3] SSSP::go run 17 called
[5] SSSP::go run 17 called
[6] SSSP::go run 17 called
[2] SSSP::go run 17 called
[1] SSSP::go run 17 called
[4] SSSP::go run 17 called
[0] SSSP::go run 17 called
Number of nodes visited from source 0 is 2
Max distance from source 0 is 1
Average distances on visited nodes is 0.5
[7] SSSP::go run 18 called
[3] SSSP::go run 18 called
[5] SSSP::go run 18 called
[6] SSSP::go run 18 called
[2] SSSP::go run 18 called
[1] SSSP::go run 18 called
[4] SSSP::go run 18 called
[0] SSSP::go run 18 called
Number of nodes visited from source 0 is 2
Max distance from source 0 is 1
Average distances on visited nodes is 0.5
[7] SSSP::go run 19 called
[3] SSSP::go run 19 called
[6] SSSP::go run 19 called
[5] SSSP::go run 19 called
[4] SSSP::go run 19 called
[0] SSSP::go run 19 called
[2] SSSP::go run 19 called
[1] SSSP::go run 19 called
Number of nodes visited from source 0 is 2
Max distance from source 0 is 1
Average distances on visited nodes is 0.5
exit=0
ALL SSSP DONE 2026-06-12T17:18:28+03:00
