===== TC roadNet-PA MPI=1 runs=20 2026-06-12T18:55:18+03:00 =====
D-Galois Benchmark Suite v6.0.0 (unknown)
Copyright (C) 2018 The University of Texas at Austin
http://iss.ices.utexas.edu/galois/

application: TC - Distributed Multi-GPU Triangle Counting 
TC on Distributed GPU (D-IrGL).

[0] Master distribution time : 3.3e-05 seconds to read 168 bytes in 19 seeks (5.09091 MBPS)
INFO: Calculating node degrees for partitioner
[0] Starting graph reading.
[0] Reading graph complete.
[0] Inspection sends complete.
[0] Inspection receives complete.
[0] Need receive 0 edges; self is 3083796
[0] Inspection allocation complete.
[0] Edge loading time: 0.228781 seconds
[0] Determining thread ranges
[0] Graph construction complete.
[0] TC::go run 0 called
Total number of triangles 268600
[0] TC::go run 1 called
Total number of triangles 268600
[0] TC::go run 2 called
Total number of triangles 268600
[0] TC::go run 3 called
Total number of triangles 268600
[0] TC::go run 4 called
Total number of triangles 268600
[0] TC::go run 5 called
Total number of triangles 268600
[0] TC::go run 6 called
Total number of triangles 268600
[0] TC::go run 7 called
Total number of triangles 268600
[0] TC::go run 8 called
Total number of triangles 268600
[0] TC::go run 9 called
Total number of triangles 268600
[0] TC::go run 10 called
Total number of triangles 268600
[0] TC::go run 11 called
Total number of triangles 268600
[0] TC::go run 12 called
Total number of triangles 268600
[0] TC::go run 13 called
Total number of triangles 268600
[0] TC::go run 14 called
Total number of triangles 268600
[0] TC::go run 15 called
Total number of triangles 268600
[0] TC::go run 16 called
Total number of triangles 268600
[0] TC::go run 17 called
Total number of triangles 268600
[0] TC::go run 18 called
Total number of triangles 268600
[0] TC::go run 19 called
Total number of triangles 268600
exit=0
===== TC roadNet-PA MPI=2 runs=20 2026-06-12T18:55:23+03:00 =====
D-Galois Benchmark Suite v6.0.0 (unknown)
Copyright (C) 2018 The University of Texas at Austin
http://iss.ices.utexas.edu/galois/

application: TC - Distributed Multi-GPU Triangle Counting 
TC on Distributed GPU (D-IrGL).

[0] Master distribution time : 0.009114 seconds to read 176 bytes in 21 seeks (0.0193109 MBPS)
INFO: Calculating node degrees for partitioner
[1] Master distribution time : 0.022609 seconds to read 336 bytes in 41 seeks (0.0148613 MBPS)
[0] Starting graph reading.
[1] Starting graph reading.
[0] Reading graph complete.
[1] Reading graph complete.
[1] Inspection sends complete.
[0] Inspection sends complete.
[1] Inspection receives complete.
[1] Need receive 1836 edges; self is 1541906
[1] Inspection allocation complete.
[0] Inspection receives complete.
[0] Need receive 1034 edges; self is 1541890
[0] Inspection allocation complete.
[0] Edge loading time: 0.250895 seconds
[0] Determining thread ranges
[0] Graph construction complete.
[1] Edge loading time: 0.263194 seconds
[1] Determining thread ranges
[1] Graph construction complete.
[0] TC::go run 0 called
[1] TC::go run 0 called
[1] TC::go run 1 called
Total number of triangles 268600
[0] TC::go run 1 called
[1] TC::go run 2 called
Total number of triangles 268600
[0] TC::go run 2 called
[1] TC::go run 3 called
Total number of triangles 268600
[0] TC::go run 3 called
Total number of triangles 268600
[0] TC::go run 4 called
[1] TC::go run 4 called
Total number of triangles 268600
[0] TC::go run 5 called
[1] TC::go run 5 called
[1] TC::go run 6 called
Total number of triangles 268600
[0] TC::go run 6 called
Total number of triangles 268600
[0] TC::go run 7 called
[1] TC::go run 7 called
Total number of triangles 268600
[0] TC::go run 8 called
[1] TC::go run 8 called
[1] TC::go run 9 called
Total number of triangles 268600
[0] TC::go run 9 called
Total number of triangles 268600
[0] TC::go run 10 called
[1] TC::go run 10 called
Total number of triangles 268600
[0] TC::go run 11 called
[1] TC::go run 11 called
[1] TC::go run 12 called
Total number of triangles 268600
[0] TC::go run 12 called
Total number of triangles 268600
[0] TC::go run 13 called
[1] TC::go run 13 called
Total number of triangles 268600
[0] TC::go run 14 called
[1] TC::go run 14 called
Total number of triangles 268600
[0] TC::go run 15 called
[1] TC::go run 15 called
Total number of triangles 268600
[0] TC::go run 16 called
[1] TC::go run 16 called
Total number of triangles 268600
[0] TC::go run 17 called
[1] TC::go run 17 called
Total number of triangles 268600
[0] TC::go run 18 called
[1] TC::go run 18 called
Total number of triangles 268600
[0] TC::go run 19 called
[1] TC::go run 19 called
Total number of triangles 268600
exit=0
===== TC roadNet-PA MPI=4 runs=20 2026-06-12T18:55:30+03:00 =====
D-Galois Benchmark Suite v6.0.0 (unknown)
Copyright (C) 2018 The University of Texas at Austin
http://iss.ices.utexas.edu/galois/

application: TC - Distributed Multi-GPU Triangle Counting 
TC on Distributed GPU (D-IrGL).

[3] Master distribution time : 0.022412 seconds to read 320 bytes in 39 seeks (0.0142781 MBPS)
[1] Master distribution time : 0.049539 seconds to read 336 bytes in 42 seeks (0.00678253 MBPS)
[2] Master distribution time : 0.067616 seconds to read 336 bytes in 41 seeks (0.00496924 MBPS)
[0] Master distribution time : 0.047977 seconds to read 176 bytes in 22 seeks (0.00366842 MBPS)
INFO: Calculating node degrees for partitioner
[3] Starting graph reading.
[1] Starting graph reading.
[3] Reading graph complete.
[2] Starting graph reading.
[1] Reading graph complete.
[0] Starting graph reading.
[0] Reading graph complete.
[2] Reading graph complete.
[2] Inspection sends complete.
[0] Inspection sends complete.
[1] Inspection sends complete.
[3] Inspection sends complete.
[1] Inspection receives complete.
[1] Need receive 1402 edges; self is 771024
[1] Inspection allocation complete.
[0] Inspection receives complete.
[0] Need receive 950 edges; self is 770866
[0] Inspection allocation complete.
[2] Inspection receives complete.
[2] Need receive 1800 edges; self is 770868
[2] Inspection allocation complete.
[3] Inspection receives complete.
[3] Need receive 1904 edges; self is 771038
[3] Inspection allocation complete.
[2] Edge loading time: 0.306245 seconds
[2] Determining thread ranges
[2] Graph construction complete.
[3] Edge loading time: 0.307494 seconds
[3] Determining thread ranges
[3] Graph construction complete.
[0] Edge loading time: 0.328992 seconds
[0] Determining thread ranges
[0] Graph construction complete.
[1] Edge loading time: 0.367564 seconds
[1] Determining thread ranges
[1] Graph construction complete.
[2] TC::go run 0 called
[0] TC::go run 0 called
[3] TC::go run 0 called
[1] TC::go run 0 called
[1] TC::go run 1 called
[3] TC::go run 1 called
Total number of triangles 268600
[0] TC::go run 1 called
[2] TC::go run 1 called
[2] TC::go run 2 called
Total number of triangles 268600
[0] TC::go run 2 called
[1] TC::go run 2 called
[3] TC::go run 2 called
[3] TC::go run 3 called
Total number of triangles 268600
[0] TC::go run 3 called
[1] TC::go run 3 called
[2] TC::go run 3 called
[2] TC::go run 4 called
Total number of triangles 268600
[0] TC::go run 4 called
[3] TC::go run 4 called
[1] TC::go run 4 called
Total number of triangles 268600
[0] TC::go run 5 called
[3] TC::go run 5 called
[1] TC::go run 5 called
[2] TC::go run 5 called
[2] TC::go run 6 called
Total number of triangles 268600
[0] TC::go run 6 called
[3] TC::go run 6 called
[1] TC::go run 6 called
[1] TC::go run 7 called
[3] TC::go run 7 called
Total number of triangles 268600
[0] TC::go run 7 called
[2] TC::go run 7 called
Total number of triangles 268600
[0] TC::go run 8 called
[2] TC::go run 8 called
[1] TC::go run 8 called
[3] TC::go run 8 called
[1] TC::go run 9 called
Total number of triangles 268600
[0] TC::go run 9 called
[2] TC::go run 9 called
[3] TC::go run 9 called
[2] TC::go run 10 called
[3] TC::go run 10 called
Total number of triangles 268600
[0] TC::go run 10 called
[1] TC::go run 10 called
[1] TC::go run 11 called
[2] TC::go run 11 called
[3] TC::go run 11 called
Total number of triangles 268600
[0] TC::go run 11 called
Total number of triangles 268600
[0] TC::go run 12 called
[2] TC::go run 12 called
[1] TC::go run 12 called
[3] TC::go run 12 called
[3] TC::go run 13 called
[1] TC::go run 13 called
[2] TC::go run 13 called
Total number of triangles 268600
[0] TC::go run 13 called
[2] TC::go run 14 called
Total number of triangles 268600
[0] TC::go run 14 called
[3] TC::go run 14 called
[1] TC::go run 14 called
[1] TC::go run 15 called
Total number of triangles 268600
[0] TC::go run 15 called
[3] TC::go run 15 called
[2] TC::go run 15 called
[1] TC::go run 16 called
[2] TC::go run 16 called
[3] TC::go run 16 called
Total number of triangles 268600
[0] TC::go run 16 called
Total number of triangles 268600
[0] TC::go run 17 called
[1] TC::go run 17 called
[2] TC::go run 17 called
[3] TC::go run 17 called
[3] TC::go run 18 called
[1] TC::go run 18 called
[2] TC::go run 18 called
Total number of triangles 268600
[0] TC::go run 18 called
[1] TC::go run 19 called
[3] TC::go run 19 called
[2] TC::go run 19 called
Total number of triangles 268600
[0] TC::go run 19 called
Total number of triangles 268600
exit=0
===== TC roadNet-PA MPI=6 runs=20 2026-06-12T18:55:37+03:00 =====
D-Galois Benchmark Suite v6.0.0 (unknown)
Copyright (C) 2018 The University of Texas at Austin
http://iss.ices.utexas.edu/galois/

application: TC - Distributed Multi-GPU Triangle Counting 
TC on Distributed GPU (D-IrGL).

[0] Master distribution time : 0.035131 seconds to read 168 bytes in 20 seeks (0.0047821 MBPS)
INFO: Calculating node degrees for partitioner
[4] Master distribution time : 0.070491 seconds to read 320 bytes in 40 seeks (0.00453959 MBPS)
[2] Master distribution time : 0.070176 seconds to read 328 bytes in 40 seeks (0.00467396 MBPS)
[1] Master distribution time : 0.070616 seconds to read 336 bytes in 40 seeks (0.00475813 MBPS)
[3] Master distribution time : 0.070352 seconds to read 328 bytes in 40 seeks (0.00466227 MBPS)
[5] Master distribution time : 0.102539 seconds to read 312 bytes in 37 seeks (0.00304274 MBPS)
[0] Starting graph reading.
[4] Starting graph reading.
[2] Starting graph reading.
[3] Starting graph reading.
[5] Starting graph reading.
[0] Reading graph complete.
[4] Reading graph complete.
[2] Reading graph complete.
[1] Starting graph reading.
[3] Reading graph complete.
[5] Reading graph complete.
[1] Reading graph complete.
[2] Inspection sends complete.
[5] Inspection sends complete.
[0] Inspection sends complete.
[1] Inspection sends complete.
[3] Inspection sends complete.
[4] Inspection sends complete.
[0] Inspection receives complete.
[0] Need receive 820 edges; self is 513724
[0] Inspection allocation complete.
[1] Inspection receives complete.
[1] Need receive 1508 edges; self is 513772
[1] Inspection allocation complete.
[2] Inspection receives complete.
[2] Need receive 1268 edges; self is 514396
[2] Inspection allocation complete.
[4] Inspection receives complete.
[4] Need receive 1320 edges; self is 513974
[4] Inspection allocation complete.
[5] Inspection receives complete.
[5] Need receive 1658 edges; self is 513958
[5] Inspection allocation complete.
[3] Inspection receives complete.
[3] Need receive 1070 edges; self is 513972
[3] Inspection allocation complete.
[1] Edge loading time: 0.394491 seconds
[1] Determining thread ranges
[1] Graph construction complete.
[2] Edge loading time: 0.391672 seconds
[2] Determining thread ranges
[2] Graph construction complete.
[4] Edge loading time: 0.388577 seconds
[4] Determining thread ranges
[4] Graph construction complete.
[5] Edge loading time: 0.38782 seconds
[5] Determining thread ranges
[5] Graph construction complete.
[0] Edge loading time: 0.423811 seconds
[0] Determining thread ranges
[0] Graph construction complete.
[3] Edge loading time: 0.3913 seconds
[3] Determining thread ranges
[3] Graph construction complete.
[1] TC::go run 0 called
[3] TC::go run 0 called
[4] TC::go run 0 called
[0] TC::go run 0 called
[5] TC::go run 0 called
[2] TC::go run 0 called
[3] TC::go run 1 called
[1] TC::go run 1 called
Total number of triangles 268600
[0] TC::go run 1 called
[5] TC::go run 1 called
[4] TC::go run 1 called
[2] TC::go run 1 called
[1] TC::go run 2 called
Total number of triangles 268600
[0] TC::go run 2 called
[4] TC::go run 2 called
[3] TC::go run 2 called
[2] TC::go run 2 called
[5] TC::go run 2 called
[5] TC::go run 3 called
[4] TC::go run 3 called
[3] TC::go run 3 called
[1] TC::go run 3 called
[2] TC::go run 3 called
Total number of triangles 268600
[0] TC::go run 3 called
[1] TC::go run 4 called
[4] TC::go run 4 called
[3] TC::go run 4 called
[2] TC::go run 4 called
Total number of triangles 268600
[0] TC::go run 4 called
[5] TC::go run 4 called
[5] TC::go run 5 called
[1] TC::go run 5 called
[4] TC::go run 5 called
[3] TC::go run 5 called
Total number of triangles 268600
[0] TC::go run 5 called
[2] TC::go run 5 called
[3] TC::go run 6 called
[2] TC::go run 6 called
[1] TC::go run 6 called
[4] TC::go run 6 called
[5] TC::go run 6 called
Total number of triangles 268600
[0] TC::go run 6 called
[1] TC::go run 7 called
[4] TC::go run 7 called
Total number of triangles 268600
[0] TC::go run 7 called
[3] TC::go run 7 called
[2] TC::go run 7 called
[5] TC::go run 7 called
[3] TC::go run 8 called
[1] TC::go run 8 called
[4] TC::go run 8 called
[2] TC::go run 8 called
[5] TC::go run 8 called
Total number of triangles 268600
[0] TC::go run 8 called
[1] TC::go run 9 called
[4] TC::go run 9 called
[3] TC::go run 9 called
Total number of triangles 268600
[0] TC::go run 9 called
[2] TC::go run 9 called
[5] TC::go run 9 called
[1] TC::go run 10 called
[3] TC::go run 10 called
[4] TC::go run 10 called
[5] TC::go run 10 called
[2] TC::go run 10 called
Total number of triangles 268600
[0] TC::go run 10 called
[5] TC::go run 11 called
[4] TC::go run 11 called
[3] TC::go run 11 called
[1] TC::go run 11 called
[2] TC::go run 11 called
Total number of triangles 268600
[0] TC::go run 11 called
[3] TC::go run 12 called
[5] TC::go run 12 called
[1] TC::go run 12 called
Total number of triangles 268600
[0] TC::go run 12 called
[4] TC::go run 12 called
[2] TC::go run 12 called
[1] TC::go run 13 called
[4] TC::go run 13 called
Total number of triangles 268600
[0] TC::go run 13 called
[3] TC::go run 13 called
[5] TC::go run 13 called
[2] TC::go run 13 called
[5] TC::go run 14 called
[3] TC::go run 14 called
[4] TC::go run 14 called
[1] TC::go run 14 called
[2] TC::go run 14 called
Total number of triangles 268600
[0] TC::go run 14 called
[1] TC::go run 15 called
[4] TC::go run 15 called
[3] TC::go run 15 called
Total number of triangles 268600
[0] TC::go run 15 called
[2] TC::go run 15 called
[5] TC::go run 15 called
[5] TC::go run 16 called
[4] TC::go run 16 called
[3] TC::go run 16 called
[1] TC::go run 16 called
[2] TC::go run 16 called
Total number of triangles 268600
[0] TC::go run 16 called
[1] TC::go run 17 called
[4] TC::go run 17 called
[3] TC::go run 17 called
Total number of triangles 268600
[0] TC::go run 17 called
[2] TC::go run 17 called
[5] TC::go run 17 called
[1] TC::go run 18 called
[3] TC::go run 18 called
Total number of triangles 268600
[0] TC::go run 18 called
[2] TC::go run 18 called
[5] TC::go run 18 called
[4] TC::go run 18 called
[1] TC::go run 19 called
[4] TC::go run 19 called
[3] TC::go run 19 called
Total number of triangles 268600
[0] TC::go run 19 called
[2] TC::go run 19 called
[5] TC::go run 19 called
Total number of triangles 268600
exit=0
===== TC roadNet-PA MPI=8 runs=20 2026-06-12T18:55:47+03:00 =====
D-Galois Benchmark Suite v6.0.0 (unknown)
Copyright (C) 2018 The University of Texas at Austin
http://iss.ices.utexas.edu/galois/

application: TC - Distributed Multi-GPU Triangle Counting 
TC on Distributed GPU (D-IrGL).

[7] Master distribution time : 0.046535 seconds to read 312 bytes in 37 seeks (0.00670463 MBPS)
[4] Master distribution time : 0.094606 seconds to read 328 bytes in 41 seeks (0.00346701 MBPS)
[0] Master distribution time : 0.093203 seconds to read 168 bytes in 19 seeks (0.00180252 MBPS)
INFO: Calculating node degrees for partitioner
[5] Master distribution time : 0.094663 seconds to read 328 bytes in 40 seeks (0.00346492 MBPS)
[2] Master distribution time : 0.094593 seconds to read 344 bytes in 43 seeks (0.00363663 MBPS)
[1] Master distribution time : 0.13657 seconds to read 336 bytes in 41 seeks (0.00246028 MBPS)
[3] Master distribution time : 0.14254 seconds to read 328 bytes in 40 seeks (0.00230111 MBPS)
[6] Master distribution time : 0.142643 seconds to read 320 bytes in 40 seeks (0.00224336 MBPS)
[7] Starting graph reading.
[4] Starting graph reading.
[0] Starting graph reading.
[0] Reading graph complete.
[5] Starting graph reading.
[7] Reading graph complete.
[2] Starting graph reading.
[1] Starting graph reading.
[3] Starting graph reading.
[6] Starting graph reading.
[4] Reading graph complete.
[5] Reading graph complete.
[2] Reading graph complete.
[1] Reading graph complete.
[3] Reading graph complete.
[6] Reading graph complete.
[4] Inspection sends complete.
[6] Inspection sends complete.
[0] Inspection sends complete.
[7] Inspection sends complete.
[1] Inspection sends complete.
[2] Inspection sends complete.
[5] Inspection sends complete.
[2] Inspection receives complete.
[2] Need receive 1532 edges; self is 385554
[2] Inspection allocation complete.
[3] Inspection sends complete.
[4] Inspection receives complete.
[4] Need receive 998 edges; self is 385276
[4] Inspection allocation complete.
[1] Inspection receives complete.
[1] Need receive 1996 edges; self is 385268
[1] Inspection allocation complete.
[3] Inspection receives complete.
[3] Need receive 1312 edges; self is 385472
[3] Inspection allocation complete.
[6] Inspection receives complete.
[6] Need receive 1646 edges; self is 385124
[6] Inspection allocation complete.
[0] Inspection receives complete.
[0] Need receive 1228 edges; self is 385598
[0] Inspection allocation complete.
[5] Inspection receives complete.
[5] Need receive 1520 edges; self is 385590
[5] Inspection allocation complete.
[7] Inspection receives complete.
[7] Need receive 1602 edges; self is 385914
[7] Inspection allocation complete.
[2] Edge loading time: 0.475526 seconds
[2] Determining thread ranges
[2] Graph construction complete.
[1] Edge loading time: 0.430318 seconds
[1] Determining thread ranges
[1] Graph construction complete.
[4] Edge loading time: 0.475622 seconds
[4] Determining thread ranges
[4] Graph construction complete.
[6] Edge loading time: 0.4271 seconds
[6] Determining thread ranges
[6] Graph construction complete.
[0] Edge loading time: 0.427596 seconds
[0] Determining thread ranges
[0] Graph construction complete.
[5] Edge loading time: 0.427602 seconds
[5] Determining thread ranges
[5] Graph construction complete.
[7] Edge loading time: 0.427346 seconds
[7] Determining thread ranges
[7] Graph construction complete.
[3] Edge loading time: 0.471385 seconds
[3] Determining thread ranges
[3] Graph construction complete.
[4] TC::go run 0 called
[6] TC::go run 0 called
[5] TC::go run 0 called
[0] TC::go run 0 called
[2] TC::go run 0 called
[7] TC::go run 0 called
[3] TC::go run 0 called
[1] TC::go run 0 called
[5] TC::go run 1 called
Total number of triangles 268600
[0] TC::go run 1 called
[2] TC::go run 1 called
[4] TC::go run 1 called
[3] TC::go run 1 called
[6] TC::go run 1 called
[1] TC::go run 1 called
[7] TC::go run 1 called
[7] TC::go run 2 called
[6] TC::go run 2 called
[1] TC::go run 2 called
Total number of triangles 268600
[0] TC::go run 2 called
[3] TC::go run 2 called
[2] TC::go run 2 called
[4] TC::go run 2 called
[5] TC::go run 2 called
[6] TC::go run 3 called
[5] TC::go run 3 called
[1] TC::go run 3 called
Total number of triangles 268600
[0] TC::go run 3 called
[7] TC::go run 3 called
[2] TC::go run 3 called
[4] TC::go run 3 called
[3] TC::go run 3 called
[3] TC::go run 4 called
[1] TC::go run 4 called
[5] TC::go run 4 called
[7] TC::go run 4 called
[2] TC::go run 4 called
[6] TC::go run 4 called
Total number of triangles 268600
[0] TC::go run 4 called
[4] TC::go run 4 called
[4] TC::go run 5 called
Total number of triangles 268600
[0] TC::go run 5 called
[5] TC::go run 5 called
[1] TC::go run 5 called
[3] TC::go run 5 called
[7] TC::go run 5 called
[6] TC::go run 5 called
[2] TC::go run 5 called
Total number of triangles 268600
[0] TC::go run 6 called
[7] TC::go run 6 called
[2] TC::go run 6 called
[3] TC::go run 6 called
[4] TC::go run 6 called
[5] TC::go run 6 called
[6] TC::go run 6 called
[1] TC::go run 6 called
[4] TC::go run 7 called
[5] TC::go run 7 called
[7] TC::go run 7 called
[6] TC::go run 7 called
Total number of triangles 268600
[0] TC::go run 7 called
[3] TC::go run 7 called
[1] TC::go run 7 called
[2] TC::go run 7 called
[2] TC::go run 8 called
[3] TC::go run 8 called
[5] TC::go run 8 called
[7] TC::go run 8 called
[6] TC::go run 8 called
Total number of triangles 268600
[0] TC::go run 8 called
[4] TC::go run 8 called
[1] TC::go run 8 called
Total number of triangles 268600
[0] TC::go run 9 called
[5] TC::go run 9 called
[6] TC::go run 9 called
[4] TC::go run 9 called
[1] TC::go run 9 called
[2] TC::go run 9 called
[3] TC::go run 9 called
[7] TC::go run 9 called
[6] TC::go run 10 called
[5] TC::go run 10 called
[1] TC::go run 10 called
[7] TC::go run 10 called
[2] TC::go run 10 called
[3] TC::go run 10 called
Total number of triangles 268600
[0] TC::go run 10 called
[4] TC::go run 10 called
[6] TC::go run 11 called
Total number of triangles 268600
[0] TC::go run 11 called
[4] TC::go run 11 called
[2] TC::go run 11 called
[5] TC::go run 11 called
[7] TC::go run 11 called
[3] TC::go run 11 called
[1] TC::go run 11 called
[4] TC::go run 12 called
[3] TC::go run 12 called
[5] TC::go run 12 called
Total number of triangles 268600
[0] TC::go run 12 called
[2] TC::go run 12 called
[7] TC::go run 12 called
[1] TC::go run 12 called
[6] TC::go run 12 called
Total number of triangles 268600
[0] TC::go run 13 called
[3] TC::go run 13 called
[2] TC::go run 13 called
[4] TC::go run 13 called
[7] TC::go run 13 called
[1] TC::go run 13 called
[6] TC::go run 13 called
[5] TC::go run 13 called
[5] TC::go run 14 called
[1] TC::go run 14 called
Total number of triangles 268600
[0] TC::go run 14 called
[4] TC::go run 14 called
[7] TC::go run 14 called
[3] TC::go run 14 called
[2] TC::go run 14 called
[6] TC::go run 14 called
[2] TC::go run 15 called
[4] TC::go run 15 called
[6] TC::go run 15 called
Total number of triangles 268600
[0] TC::go run 15 called
[5] TC::go run 15 called
[3] TC::go run 15 called
[7] TC::go run 15 called
[1] TC::go run 15 called
[1] TC::go run 16 called
[7] TC::go run 16 called
Total number of triangles 268600
[0] TC::go run 16 called
[5] TC::go run 16 called
[4] TC::go run 16 called
[3] TC::go run 16 called
[2] TC::go run 16 called
[6] TC::go run 16 called
[2] TC::go run 17 called
[4] TC::go run 17 called
[6] TC::go run 17 called
[3] TC::go run 17 called
[7] TC::go run 17 called
[1] TC::go run 17 called
Total number of triangles 268600
[0] TC::go run 17 called
[5] TC::go run 17 called
[2] TC::go run 18 called
[6] TC::go run 18 called
[1] TC::go run 18 called
[5] TC::go run 18 called
[3] TC::go run 18 called
[7] TC::go run 18 called
[4] TC::go run 18 called
Total number of triangles 268600
[0] TC::go run 18 called
[1] TC::go run 19 called
[4] TC::go run 19 called
[3] TC::go run 19 called
Total number of triangles 268600
[0] TC::go run 19 called
[5] TC::go run 19 called
[7] TC::go run 19 called
[6] TC::go run 19 called
[2] TC::go run 19 called
Total number of triangles 268600
exit=0
===== TC web-Google MPI=1 runs=20 2026-06-12T18:55:58+03:00 =====
D-Galois Benchmark Suite v6.0.0 (unknown)
Copyright (C) 2018 The University of Texas at Austin
http://iss.ices.utexas.edu/galois/

application: TC - Distributed Multi-GPU Triangle Counting 
TC on Distributed GPU (D-IrGL).

[0] Master distribution time : 3.1e-05 seconds to read 160 bytes in 19 seeks (5.16129 MBPS)
INFO: Calculating node degrees for partitioner
[0] Starting graph reading.
[0] Reading graph complete.
[0] Inspection sends complete.
[0] Inspection receives complete.
[0] Need receive 0 edges; self is 5105039
[0] Inspection allocation complete.
[0] Edge loading time: 1.3088 seconds
[0] Determining thread ranges
[0] Graph construction complete.
[0] TC::go run 0 called
Total number of triangles 25055293
[0] TC::go run 1 called
Total number of triangles 25055293
[0] TC::go run 2 called
Total number of triangles 25055293
[0] TC::go run 3 called
Total number of triangles 25055293
[0] TC::go run 4 called
Total number of triangles 25055293
[0] TC::go run 5 called
Total number of triangles 25055293
[0] TC::go run 6 called
Total number of triangles 25055293
[0] TC::go run 7 called
Total number of triangles 25055293
[0] TC::go run 8 called
Total number of triangles 25055293
[0] TC::go run 9 called
Total number of triangles 25055293
[0] TC::go run 10 called
Total number of triangles 25055293
[0] TC::go run 11 called
Total number of triangles 25055293
[0] TC::go run 12 called
Total number of triangles 25055293
[0] TC::go run 13 called
Total number of triangles 25055293
[0] TC::go run 14 called
Total number of triangles 25055293
[0] TC::go run 15 called
Total number of triangles 25055293
[0] TC::go run 16 called
Total number of triangles 25055293
[0] TC::go run 17 called
Total number of triangles 25055293
[0] TC::go run 18 called
Total number of triangles 25055293
[0] TC::go run 19 called
Total number of triangles 25055293
exit=0
===== TC web-Google MPI=2 runs=20 2026-06-12T18:56:42+03:00 =====
D-Galois Benchmark Suite v6.0.0 (unknown)
Copyright (C) 2018 The University of Texas at Austin
http://iss.ices.utexas.edu/galois/

application: TC - Distributed Multi-GPU Triangle Counting 
TC on Distributed GPU (D-IrGL).

[0] Master distribution time : 3.3e-05 seconds to read 168 bytes in 21 seeks (5.09091 MBPS)
INFO: Calculating node degrees for partitioner
[1] Master distribution time : 0.03432 seconds to read 320 bytes in 40 seeks (0.00932401 MBPS)
[0] Starting graph reading.
[1] Starting graph reading.
[0] Reading graph complete.
[1] Reading graph complete.
[0] Inspection sends complete.
[1] Inspection sends complete.
[1] Inspection receives complete.
[1] Need receive 1131494 edges; self is 2380311
[1] Inspection allocation complete.
[0] Inspection receives complete.
[0] Need receive 1221158 edges; self is 2724728
[0] Inspection allocation complete.
[0] Edge loading time: 2.28631 seconds
[0] Determining thread ranges
[0] Graph construction complete.
[1] Edge loading time: 2.36339 seconds
[1] Determining thread ranges
[1] Graph construction complete.
[0] TC::go run 0 called
[1] TC::go run 0 called
Total number of triangles 25055293
[0] TC::go run 1 called
[1] TC::go run 1 called
Total number of triangles 25055293
[0] TC::go run 2 called
[1] TC::go run 2 called
Total number of triangles 25055293
[0] TC::go run 3 called
[1] TC::go run 3 called
Total number of triangles 25055293
[0] TC::go run 4 called
[1] TC::go run 4 called
Total number of triangles 25055293
[0] TC::go run 5 called
[1] TC::go run 5 called
Total number of triangles 25055293
[0] TC::go run 6 called
[1] TC::go run 6 called
Total number of triangles 25055293
[0] TC::go run 7 called
[1] TC::go run 7 called
Total number of triangles 25055293
[0] TC::go run 8 called
[1] TC::go run 8 called
Total number of triangles 25055293
[0] TC::go run 9 called
[1] TC::go run 9 called
Total number of triangles 25055293
[0] TC::go run 10 called
[1] TC::go run 10 called
Total number of triangles 25055293
[0] TC::go run 11 called
[1] TC::go run 11 called
Total number of triangles 25055293
[0] TC::go run 12 called
[1] TC::go run 12 called
Total number of triangles 25055293
[0] TC::go run 13 called
[1] TC::go run 13 called
Total number of triangles 25055293
[0] TC::go run 14 called
[1] TC::go run 14 called
Total number of triangles 25055293
[0] TC::go run 15 called
[1] TC::go run 15 called
Total number of triangles 25055293
[0] TC::go run 16 called
[1] TC::go run 16 called
Total number of triangles 25055293
[0] TC::go run 17 called
[1] TC::go run 17 called
Total number of triangles 25055293
[0] TC::go run 18 called
[1] TC::go run 18 called
[1] TC::go run 19 called
Total number of triangles 25055293
[0] TC::go run 19 called
Total number of triangles 25055293
exit=0
===== TC web-Google MPI=4 runs=20 2026-06-12T18:57:33+03:00 =====
D-Galois Benchmark Suite v6.0.0 (unknown)
Copyright (C) 2018 The University of Texas at Austin
http://iss.ices.utexas.edu/galois/

application: TC - Distributed Multi-GPU Triangle Counting 
TC on Distributed GPU (D-IrGL).

[2] Master distribution time : 0.022568 seconds to read 328 bytes in 41 seeks (0.0145339 MBPS)
[1] Master distribution time : 0.069544 seconds to read 320 bytes in 39 seeks (0.0046014 MBPS)
[3] Master distribution time : 0.070427 seconds to read 312 bytes in 39 seeks (0.00443012 MBPS)
[0] Master distribution time : 0.047443 seconds to read 160 bytes in 19 seeks (0.00337247 MBPS)
INFO: Calculating node degrees for partitioner
[3] Starting graph reading.
[0] Starting graph reading.
[2] Starting graph reading.
[1] Starting graph reading.
[2] Reading graph complete.
[1] Reading graph complete.
[3] Reading graph complete.
[0] Reading graph complete.
[2] Inspection sends complete.
[0] Inspection sends complete.
[3] Inspection sends complete.
[1] Inspection sends complete.
[1] Inspection receives complete.
[1] Need receive 1421834 edges; self is 1335240
[2] Inspection receives complete.
[2] Need receive 1333998 edges; self is 1257919
[2] Inspection allocation complete.
[0] Inspection receives complete.
[0] Need receive 1533956 edges; self is 1389488
[0] Inspection allocation complete.
[3] Inspection receives complete.
[3] Need receive 1248297 edges; self is 1122392
[3] Inspection allocation complete.
[1] Inspection allocation complete.
[0] Edge loading time: 3.34892 seconds
[0] Determining thread ranges
[0] Graph construction complete.
[3] Edge loading time: 3.60112 seconds
[3] Determining thread ranges
[3] Graph construction complete.
[1] Edge loading time: 3.62469 seconds
[1] Determining thread ranges
[1] Graph construction complete.
[2] Edge loading time: 3.62383 seconds
[2] Determining thread ranges
[2] Graph construction complete.
[0] TC::go run 0 called
[2] TC::go run 0 called
[1] TC::go run 0 called
[3] TC::go run 0 called
Total number of triangles 25055293
[0] TC::go run 1 called
[1] TC::go run 1 called
[2] TC::go run 1 called
[3] TC::go run 1 called
Total number of triangles 25055293
[0] TC::go run 2 called
[1] TC::go run 2 called
[2] TC::go run 2 called
[3] TC::go run 2 called
Total number of triangles 25055293
[0] TC::go run 3 called
[1] TC::go run 3 called
[2] TC::go run 3 called
[3] TC::go run 3 called
Total number of triangles 25055293
[0] TC::go run 4 called
[1] TC::go run 4 called
[3] TC::go run 4 called
[2] TC::go run 4 called
Total number of triangles 25055293
[0] TC::go run 5 called
[1] TC::go run 5 called
[3] TC::go run 5 called
[2] TC::go run 5 called
Total number of triangles 25055293
[0] TC::go run 6 called
[1] TC::go run 6 called
[2] TC::go run 6 called
[3] TC::go run 6 called
Total number of triangles 25055293
[0] TC::go run 7 called
[2] TC::go run 7 called
[1] TC::go run 7 called
[3] TC::go run 7 called
Total number of triangles 25055293
[0] TC::go run 8 called
[1] TC::go run 8 called
[2] TC::go run 8 called
[3] TC::go run 8 called
Total number of triangles 25055293
[0] TC::go run 9 called
[2] TC::go run 9 called
[1] TC::go run 9 called
[3] TC::go run 9 called
Total number of triangles 25055293
[0] TC::go run 10 called
[1] TC::go run 10 called
[3] TC::go run 10 called
[2] TC::go run 10 called
Total number of triangles 25055293
[0] TC::go run 11 called
[1] TC::go run 11 called
[2] TC::go run 11 called
[3] TC::go run 11 called
Total number of triangles 25055293
[0] TC::go run 12 called
[1] TC::go run 12 called
[2] TC::go run 12 called
[3] TC::go run 12 called
Total number of triangles 25055293
[0] TC::go run 13 called
[2] TC::go run 13 called
[1] TC::go run 13 called
[3] TC::go run 13 called
Total number of triangles 25055293
[0] TC::go run 14 called
[2] TC::go run 14 called
[1] TC::go run 14 called
[3] TC::go run 14 called
Total number of triangles 25055293
[0] TC::go run 15 called
[2] TC::go run 15 called
[1] TC::go run 15 called
[3] TC::go run 15 called
Total number of triangles 25055293
[0] TC::go run 16 called
[1] TC::go run 16 called
[2] TC::go run 16 called
[3] TC::go run 16 called
Total number of triangles 25055293
[0] TC::go run 17 called
[1] TC::go run 17 called
[2] TC::go run 17 called
[3] TC::go run 17 called
Total number of triangles 25055293
[0] TC::go run 18 called
[1] TC::go run 18 called
[3] TC::go run 18 called
[2] TC::go run 18 called
Total number of triangles 25055293
[0] TC::go run 19 called
[2] TC::go run 19 called
[1] TC::go run 19 called
[3] TC::go run 19 called
Total number of triangles 25055293
exit=0
===== TC web-Google MPI=6 runs=20 2026-06-12T18:58:29+03:00 =====
D-Galois Benchmark Suite v6.0.0 (unknown)
Copyright (C) 2018 The University of Texas at Austin
http://iss.ices.utexas.edu/galois/

application: TC - Distributed Multi-GPU Triangle Counting 
TC on Distributed GPU (D-IrGL).

[0] Master distribution time : 0.03573 seconds to read 160 bytes in 19 seeks (0.00447803 MBPS)
INFO: Calculating node degrees for partitioner
[1] Master distribution time : 0.070351 seconds to read 320 bytes in 40 seeks (0.00454862 MBPS)
[2] Master distribution time : 0.103339 seconds to read 328 bytes in 41 seeks (0.00317402 MBPS)
[3] Master distribution time : 0.102745 seconds to read 328 bytes in 41 seeks (0.00319237 MBPS)
[5] Master distribution time : 0.106121 seconds to read 312 bytes in 38 seeks (0.00294004 MBPS)
[4] Master distribution time : 0.106364 seconds to read 320 bytes in 39 seeks (0.00300854 MBPS)
[0] Starting graph reading.
[2] Starting graph reading.
[3] Starting graph reading.
[4] Starting graph reading.
[5] Starting graph reading.
[0] Reading graph complete.
[1] Starting graph reading.
[1] Reading graph complete.
[2] Reading graph complete.
[3] Reading graph complete.
[5] Reading graph complete.
[4] Reading graph complete.
[5] Inspection sends complete.
[4] Inspection sends complete.
[2] Inspection sends complete.
[3] Inspection sends complete.
[1] Inspection sends complete.
[0] Inspection sends complete.
[0] Inspection receives complete.
[0] Need receive 1456192 edges; self is 941194
[2] Inspection receives complete.
[2] Need receive 1305755 edges; self is 875014
[2] Inspection allocation complete.
[1] Inspection receives complete.
[1] Need receive 1374280 edges; self is 908520
[1] Inspection allocation complete.
[3] Inspection receives complete.
[3] Need receive 1247569 edges; self is 841341
[3] Inspection allocation complete.
[4] Inspection receives complete.
[4] Need receive 1197256 edges; self is 816254
[4] Inspection allocation complete.
[0] Inspection allocation complete.
[5] Inspection receives complete.
[5] Need receive 1111533 edges; self is 722716
[5] Inspection allocation complete.
[0] Edge loading time: 4.15701 seconds
[0] Determining thread ranges
[0] Graph construction complete.
[5] Edge loading time: 4.32412 seconds
[5] Determining thread ranges
[5] Graph construction complete.
[4] Edge loading time: 4.36787 seconds
[4] Determining thread ranges
[4] Graph construction complete.
[3] Edge loading time: 4.39219 seconds
[3] Determining thread ranges
[3] Graph construction complete.
[2] Edge loading time: 4.42699 seconds
[2] Determining thread ranges
[2] Graph construction complete.
[1] Edge loading time: 4.4264 seconds
[1] Determining thread ranges
[1] Graph construction complete.
[5] TC::go run 0 called
[1] TC::go run 0 called
[0] TC::go run 0 called
[4] TC::go run 0 called
[3] TC::go run 0 called
[2] TC::go run 0 called
[1] TC::go run 1 called
Total number of triangles 25055293
[0] TC::go run 1 called
[4] TC::go run 1 called
[3] TC::go run 1 called
[2] TC::go run 1 called
[5] TC::go run 1 called
[1] TC::go run 2 called
[4] TC::go run 2 called
Total number of triangles 25055293
[0] TC::go run 2 called
[3] TC::go run 2 called
[2] TC::go run 2 called
[5] TC::go run 2 called
[1] TC::go run 3 called
Total number of triangles 25055293
[0] TC::go run 3 called
[3] TC::go run 3 called
[2] TC::go run 3 called
[5] TC::go run 3 called
[4] TC::go run 3 called
[1] TC::go run 4 called
Total number of triangles 25055293
[0] TC::go run 4 called
[4] TC::go run 4 called
[3] TC::go run 4 called
[2] TC::go run 4 called
[5] TC::go run 4 called
[1] TC::go run 5 called
[4] TC::go run 5 called
[3] TC::go run 5 called
[2] TC::go run 5 called
Total number of triangles 25055293
[0] TC::go run 5 called
[5] TC::go run 5 called
[1] TC::go run 6 called
[3] TC::go run 6 called
[4] TC::go run 6 called
Total number of triangles 25055293
[0] TC::go run 6 called
[2] TC::go run 6 called
[5] TC::go run 6 called
[1] TC::go run 7 called
[3] TC::go run 7 called
Total number of triangles 25055293
[0] TC::go run 7 called
[2] TC::go run 7 called
[5] TC::go run 7 called
[4] TC::go run 7 called
[1] TC::go run 8 called
[4] TC::go run 8 called
[3] TC::go run 8 called
Total number of triangles 25055293
[0] TC::go run 8 called
[2] TC::go run 8 called
[5] TC::go run 8 called
[1] TC::go run 9 called
Total number of triangles 25055293
[0] TC::go run 9 called
[4] TC::go run 9 called
[3] TC::go run 9 called
[2] TC::go run 9 called
[5] TC::go run 9 called
[1] TC::go run 10 called
Total number of triangles 25055293
[0] TC::go run 10 called
[4] TC::go run 10 called
[3] TC::go run 10 called
[2] TC::go run 10 called
[5] TC::go run 10 called
[1] TC::go run 11 called
[4] TC::go run 11 called
[3] TC::go run 11 called
[2] TC::go run 11 called
Total number of triangles 25055293
[0] TC::go run 11 called
[5] TC::go run 11 called
[1] TC::go run 12 called
[4] TC::go run 12 called
[3] TC::go run 12 called
Total number of triangles 25055293
[0] TC::go run 12 called
[5] TC::go run 12 called
[2] TC::go run 12 called
[1] TC::go run 13 called
[4] TC::go run 13 called
[3] TC::go run 13 called
Total number of triangles 25055293
[0] TC::go run 13 called
[5] TC::go run 13 called
[2] TC::go run 13 called
[1] TC::go run 14 called
[3] TC::go run 14 called
Total number of triangles 25055293
[0] TC::go run 14 called
[2] TC::go run 14 called
[5] TC::go run 14 called
[4] TC::go run 14 called
[1] TC::go run 15 called
[4] TC::go run 15 called
[3] TC::go run 15 called
Total number of triangles 25055293
[0] TC::go run 15 called
[2] TC::go run 15 called
[5] TC::go run 15 called
[1] TC::go run 16 called
[4] TC::go run 16 called
Total number of triangles 25055293
[0] TC::go run 16 called
[3] TC::go run 16 called
[2] TC::go run 16 called
[5] TC::go run 16 called
[1] TC::go run 17 called
[4] TC::go run 17 called
Total number of triangles 25055293
[0] TC::go run 17 called
[3] TC::go run 17 called
[5] TC::go run 17 called
[2] TC::go run 17 called
[1] TC::go run 18 called
[4] TC::go run 18 called
[3] TC::go run 18 called
Total number of triangles 25055293
[0] TC::go run 18 called
[2] TC::go run 18 called
[5] TC::go run 18 called
[1] TC::go run 19 called
[3] TC::go run 19 called
[2] TC::go run 19 called
Total number of triangles 25055293
[0] TC::go run 19 called
[4] TC::go run 19 called
[5] TC::go run 19 called
Total number of triangles 25055293
exit=0
===== TC web-Google MPI=8 runs=20 2026-06-12T18:59:27+03:00 =====
D-Galois Benchmark Suite v6.0.0 (unknown)
Copyright (C) 2018 The University of Texas at Austin
http://iss.ices.utexas.edu/galois/

application: TC - Distributed Multi-GPU Triangle Counting 
TC on Distributed GPU (D-IrGL).

[5] Master distribution time : 0.133222 seconds to read 320 bytes in 39 seeks (0.00240201 MBPS)
[6] Master distribution time : 0.136447 seconds to read 312 bytes in 39 seeks (0.0022866 MBPS)
[2] Master distribution time : 0.136339 seconds to read 328 bytes in 41 seeks (0.00240577 MBPS)
[0] Master distribution time : 0.047675 seconds to read 168 bytes in 19 seeks (0.00352386 MBPS)
INFO: Calculating node degrees for partitioner
[4] Master distribution time : 0.139365 seconds to read 328 bytes in 41 seeks (0.00235353 MBPS)
[1] Master distribution time : 0.139361 seconds to read 336 bytes in 41 seeks (0.002411 MBPS)
[3] Master distribution time : 0.142421 seconds to read 328 bytes in 40 seeks (0.00230303 MBPS)
[7] Master distribution time : 0.143355 seconds to read 304 bytes in 38 seeks (0.00212061 MBPS)
[5] Starting graph reading.
[6] Starting graph reading.
[2] Starting graph reading.
[0] Starting graph reading.
[4] Starting graph reading.
[1] Starting graph reading.
[3] Starting graph reading.
[7] Starting graph reading.
[5] Reading graph complete.
[6] Reading graph complete.
[2] Reading graph complete.
[0] Reading graph complete.
[4] Reading graph complete.
[1] Reading graph complete.
[3] Reading graph complete.
[7] Reading graph complete.
[7] Inspection sends complete.
[3] Inspection sends complete.
[1] Inspection sends complete.
[4] Inspection sends complete.
[5] Inspection sends complete.
[6] Inspection sends complete.
[2] Inspection sends complete.
[0] Inspection sends complete.
[0] Inspection receives complete.
[0] Need receive 1338480 edges; self is 708350
[0] Inspection allocation complete.
[4] Inspection receives complete.
[4] Need receive 1137242 edges; self is 637745
[4] Inspection allocation complete.
[2] Inspection receives complete.
[2] Need receive 1238662 edges; self is 685880
[2] Inspection allocation complete.
[3] Inspection receives complete.
[3] Need receive 1173701 edges; self is 649360
[3] Inspection allocation complete.
[1] Inspection receives complete.
[1] Need receive 1273158 edges; self is 681138
[1] Inspection allocation complete.
[6] Inspection receives complete.
[6] Need receive 1066244 edges; self is 598013
[6] Inspection allocation complete.
[5] Inspection receives complete.
[5] Need receive 1103126 edges; self is 620174
[5] Inspection allocation complete.
[7] Inspection receives complete.
[7] Need receive 977505 edges; self is 524379
[7] Inspection allocation complete.
[0] Edge loading time: 4.56402 seconds
[0] Determining thread ranges
[0] Graph construction complete.
[7] Edge loading time: 4.7128 seconds
[7] Determining thread ranges
[7] Graph construction complete.
[1] Edge loading time: 4.70892 seconds
[1] Determining thread ranges
[1] Graph construction complete.
[6] Edge loading time: 4.75647 seconds
[6] Determining thread ranges
[6] Graph construction complete.
[4] Edge loading time: 4.74995 seconds
[4] Determining thread ranges
[4] Graph construction complete.
[2] Edge loading time: 4.75363 seconds
[2] Determining thread ranges
[2] Graph construction complete.
[5] Edge loading time: 4.70513 seconds
[5] Determining thread ranges
[5] Graph construction complete.
[3] Edge loading time: 4.75564 seconds
[3] Determining thread ranges
[3] Graph construction complete.
[6] TC::go run 0 called
[7] TC::go run 0 called
[0] TC::go run 0 called
[4] TC::go run 0 called
[1] TC::go run 0 called
[5] TC::go run 0 called
[2] TC::go run 0 called
[3] TC::go run 0 called
Total number of triangles 25055293
[0] TC::go run 1 called
[4] TC::go run 1 called
[2] TC::go run 1 called
[6] TC::go run 1 called
[1] TC::go run 1 called
[3] TC::go run 1 called
[7] TC::go run 1 called
[5] TC::go run 1 called
[1] TC::go run 2 called
[5] TC::go run 2 called
[3] TC::go run 2 called
[2] TC::go run 2 called
[7] TC::go run 2 called
[6] TC::go run 2 called
Total number of triangles 25055293
[0] TC::go run 2 called
[4] TC::go run 2 called
Total number of triangles 25055293
[0] TC::go run 3 called
[1] TC::go run 3 called
[4] TC::go run 3 called
[3] TC::go run 3 called
[5] TC::go run 3 called
[7] TC::go run 3 called
[2] TC::go run 3 called
[6] TC::go run 3 called
Total number of triangles 25055293
[0] TC::go run 4 called
[4] TC::go run 4 called
[2] TC::go run 4 called
[6] TC::go run 4 called
[1] TC::go run 4 called
[3] TC::go run 4 called
[5] TC::go run 4 called
[7] TC::go run 4 called
[1] TC::go run 5 called
[3] TC::go run 5 called
Total number of triangles 25055293
[0] TC::go run 5 called
[5] TC::go run 5 called
[7] TC::go run 5 called
[2] TC::go run 5 called
[4] TC::go run 5 called
[6] TC::go run 5 called
Total number of triangles 25055293
[0] TC::go run 6 called
[1] TC::go run 6 called
[4] TC::go run 6 called
[2] TC::go run 6 called
[5] TC::go run 6 called
[6] TC::go run 6 called
[3] TC::go run 6 called
[7] TC::go run 6 called
[1] TC::go run 7 called
[5] TC::go run 7 called
Total number of triangles 25055293
[0] TC::go run 7 called
[3] TC::go run 7 called
[4] TC::go run 7 called
[7] TC::go run 7 called
[2] TC::go run 7 called
[6] TC::go run 7 called
Total number of triangles 25055293
[0] TC::go run 8 called
[2] TC::go run 8 called
[6] TC::go run 8 called
[1] TC::go run 8 called
[3] TC::go run 8 called
[5] TC::go run 8 called
[4] TC::go run 8 called
[7] TC::go run 8 called
Total number of triangles 25055293
[0] TC::go run 9 called
[1] TC::go run 9 called
[5] TC::go run 9 called
[4] TC::go run 9 called
[2] TC::go run 9 called
[3] TC::go run 9 called
[7] TC::go run 9 called
[6] TC::go run 9 called
Total number of triangles 25055293
[0] TC::go run 10 called
[4] TC::go run 10 called
[2] TC::go run 10 called
[1] TC::go run 10 called
[6] TC::go run 10 called
[5] TC::go run 10 called
[3] TC::go run 10 called
[7] TC::go run 10 called
[1] TC::go run 11 called
Total number of triangles 25055293
[0] TC::go run 11 called
[2] TC::go run 11 called
[6] TC::go run 11 called
[3] TC::go run 11 called
[5] TC::go run 11 called
[7] TC::go run 11 called
[4] TC::go run 11 called
Total number of triangles 25055293
[0] TC::go run 12 called
[4] TC::go run 12 called
[2] TC::go run 12 called
[1] TC::go run 12 called
[6] TC::go run 12 called
[5] TC::go run 12 called
[3] TC::go run 12 called
[7] TC::go run 12 called
Total number of triangles 25055293
[0] TC::go run 13 called
[2] TC::go run 13 called
[6] TC::go run 13 called
[4] TC::go run 13 called
[1] TC::go run 13 called
[3] TC::go run 13 called
[5] TC::go run 13 called
[7] TC::go run 13 called
Total number of triangles 25055293
[0] TC::go run 14 called
[1] TC::go run 14 called
[5] TC::go run 14 called
[3] TC::go run 14 called
[7] TC::go run 14 called
[2] TC::go run 14 called
[6] TC::go run 14 called
[4] TC::go run 14 called
Total number of triangles 25055293
[0] TC::go run 15 called
[1] TC::go run 15 called
[3] TC::go run 15 called
[5] TC::go run 15 called
[7] TC::go run 15 called
[2] TC::go run 15 called
[4] TC::go run 15 called
[6] TC::go run 15 called
Total number of triangles 25055293
[0] TC::go run 16 called
[1] TC::go run 16 called
[3] TC::go run 16 called
[4] TC::go run 16 called
[7] TC::go run 16 called
[2] TC::go run 16 called
[5] TC::go run 16 called
[6] TC::go run 16 called
Total number of triangles 25055293
[0] TC::go run 17 called
[4] TC::go run 17 called
[2] TC::go run 17 called
[3] TC::go run 17 called
[6] TC::go run 17 called
[1] TC::go run 17 called
[5] TC::go run 17 called
[7] TC::go run 17 called
Total number of triangles 25055293
[0] TC::go run 18 called
[4] TC::go run 18 called
[1] TC::go run 18 called
[5] TC::go run 18 called
[2] TC::go run 18 called
[3] TC::go run 18 called
[7] TC::go run 18 called
[6] TC::go run 18 called
Total number of triangles 25055293
[0] TC::go run 19 called
[2] TC::go run 19 called
[6] TC::go run 19 called
[4] TC::go run 19 called
[1] TC::go run 19 called
[5] TC::go run 19 called
[3] TC::go run 19 called
[7] TC::go run 19 called
Total number of triangles 25055293
exit=0
===== TC wiki-talk-temporal MPI=1 runs=20 2026-06-12T19:00:26+03:00 =====
D-Galois Benchmark Suite v6.0.0 (unknown)
Copyright (C) 2018 The University of Texas at Austin
http://iss.ices.utexas.edu/galois/

application: TC - Distributed Multi-GPU Triangle Counting 
TC on Distributed GPU (D-IrGL).

[0] Master distribution time : 0.001035 seconds to read 168 bytes in 19 seeks (0.162319 MBPS)
INFO: Calculating node degrees for partitioner
[0] Starting graph reading.
[0] Reading graph complete.
[0] Inspection sends complete.
[0] Inspection receives complete.
[0] Need receive 0 edges; self is 3130742
[0] Inspection allocation complete.
[0] Edge loading time: 0.265009 seconds
[0] Determining thread ranges
[0] Graph construction complete.
[0] TC::go run 0 called
Total number of triangles 15291260
[0] TC::go run 1 called
Total number of triangles 15291260
[0] TC::go run 2 called
Total number of triangles 15291260
[0] TC::go run 3 called
Total number of triangles 15291260
[0] TC::go run 4 called
Total number of triangles 15291260
[0] TC::go run 5 called
Total number of triangles 15291260
[0] TC::go run 6 called
Total number of triangles 15291260
[0] TC::go run 7 called
Total number of triangles 15291260
[0] TC::go run 8 called
Total number of triangles 15291260
[0] TC::go run 9 called
Total number of triangles 15291260
[0] TC::go run 10 called
Total number of triangles 15291260
[0] TC::go run 11 called
Total number of triangles 15291260
[0] TC::go run 12 called
Total number of triangles 15291260
[0] TC::go run 13 called
Total number of triangles 15291260
[0] TC::go run 14 called
Total number of triangles 15291260
[0] TC::go run 15 called
Total number of triangles 15291260
[0] TC::go run 16 called
Total number of triangles 15291260
[0] TC::go run 17 called
Total number of triangles 15291260
[0] TC::go run 18 called
Total number of triangles 15291260
[0] TC::go run 19 called
Total number of triangles 15291260
exit=0
===== TC wiki-talk-temporal MPI=2 runs=20 2026-06-12T19:02:50+03:00 =====
D-Galois Benchmark Suite v6.0.0 (unknown)
Copyright (C) 2018 The University of Texas at Austin
http://iss.ices.utexas.edu/galois/

application: TC - Distributed Multi-GPU Triangle Counting 
TC on Distributed GPU (D-IrGL).

[0] Master distribution time : 3.2e-05 seconds to read 168 bytes in 20 seeks (5.25 MBPS)
INFO: Calculating node degrees for partitioner
[1] Master distribution time : 0.024534 seconds to read 336 bytes in 41 seeks (0.0136953 MBPS)
[0] Starting graph reading.
[1] Starting graph reading.
[0] Reading graph complete.
[1] Reading graph complete.
[0] Inspection sends complete.
[1] Inspection sends complete.
[1] Inspection receives complete.
[1] Need receive 595324 edges; self is 2504120
[1] Inspection allocation complete.
[0] Inspection receives complete.
[0] Need receive 261224 edges; self is 626622
[0] Inspection allocation complete.
[1] Edge loading time: 0.444367 seconds
[1] Determining thread ranges
[1] Graph construction complete.
[0] Edge loading time: 0.454829 seconds
[0] Determining thread ranges
[0] Graph construction complete.
[0] TC::go run 0 called
[1] TC::go run 0 called
Total number of triangles 15291260
[0] TC::go run 1 called
[1] TC::go run 1 called
Total number of triangles 15291260
[0] TC::go run 2 called
[1] TC::go run 2 called
Total number of triangles 15291260
[0] TC::go run 3 called
[1] TC::go run 3 called
Total number of triangles 15291260
[0] TC::go run 4 called
[1] TC::go run 4 called
Total number of triangles 15291260
[0] TC::go run 5 called
[1] TC::go run 5 called
Total number of triangles 15291260
[0] TC::go run 6 called
[1] TC::go run 6 called
Total number of triangles 15291260
[0] TC::go run 7 called
[1] TC::go run 7 called
Total number of triangles 15291260
[0] TC::go run 8 called
[1] TC::go run 8 called
Total number of triangles 15291260
[0] TC::go run 9 called
[1] TC::go run 9 called
Total number of triangles 15291260
[0] TC::go run 10 called
[1] TC::go run 10 called
Total number of triangles 15291260
[0] TC::go run 11 called
[1] TC::go run 11 called
Total number of triangles 15291260
[0] TC::go run 12 called
[1] TC::go run 12 called
Total number of triangles 15291260
[0] TC::go run 13 called
[1] TC::go run 13 called
Total number of triangles 15291260
[0] TC::go run 14 called
[1] TC::go run 14 called
Total number of triangles 15291260
[0] TC::go run 15 called
[1] TC::go run 15 called
Total number of triangles 15291260
[0] TC::go run 16 called
[1] TC::go run 16 called
Total number of triangles 15291260
[0] TC::go run 17 called
[1] TC::go run 17 called
Total number of triangles 15291260
[0] TC::go run 18 called
[1] TC::go run 18 called
Total number of triangles 15291260
[0] TC::go run 19 called
[1] TC::go run 19 called
Total number of triangles 15291260
exit=0
===== TC wiki-talk-temporal MPI=4 runs=20 2026-06-12T19:06:11+03:00 =====
D-Galois Benchmark Suite v6.0.0 (unknown)
Copyright (C) 2018 The University of Texas at Austin
http://iss.ices.utexas.edu/galois/

application: TC - Distributed Multi-GPU Triangle Counting 
TC on Distributed GPU (D-IrGL).

[0] Master distribution time : 0.023189 seconds to read 168 bytes in 20 seeks (0.00724481 MBPS)
INFO: Calculating node degrees for partitioner
[3] Master distribution time : 0.046275 seconds to read 328 bytes in 40 seeks (0.00708806 MBPS)
[2] Master distribution time : 0.073351 seconds to read 336 bytes in 41 seeks (0.00458071 MBPS)
[1] Master distribution time : 0.070239 seconds to read 344 bytes in 42 seeks (0.00489756 MBPS)
[0] Starting graph reading.
[3] Starting graph reading.
[2] Starting graph reading.
[0] Reading graph complete.
[1] Starting graph reading.
[2] Reading graph complete.
[1] Reading graph complete.
[3] Reading graph complete.
[0] Inspection sends complete.
[1] Inspection sends complete.
[2] Inspection sends complete.
[3] Inspection sends complete.
[3] Inspection receives complete.
[3] Need receive 906299 edges; self is 1530486
[3] Inspection allocation complete.
[0] Inspection receives complete.
[0] Need receive 405870 edges; self is 211406
[0] Inspection allocation complete.
[1] Inspection receives complete.
[1] Need receive 450604 edges; self is 415216
[1] Inspection allocation complete.
[2] Inspection receives complete.
[2] Need receive 610097 edges; self is 973634
[2] Inspection allocation complete.
[3] Edge loading time: 0.799196 seconds
[3] Determining thread ranges
[3] Graph construction complete.
[0] Edge loading time: 0.836154 seconds
[0] Determining thread ranges
[0] Graph construction complete.
[2] Edge loading time: 0.814564 seconds
[2] Determining thread ranges
[2] Graph construction complete.
[1] Edge loading time: 0.839328 seconds
[1] Determining thread ranges
[1] Graph construction complete.
[1] TC::go run 0 called
[0] TC::go run 0 called
[2] TC::go run 0 called
[3] TC::go run 0 called
[1] TC::go run 1 called
Total number of triangles 15291260
[0] TC::go run 1 called
[2] TC::go run 1 called
[3] TC::go run 1 called
[1] TC::go run 2 called
Total number of triangles 15291260
[0] TC::go run 2 called
[3] TC::go run 2 called
[2] TC::go run 2 called
[1] TC::go run 3 called
[3] TC::go run 3 called
Total number of triangles 15291260
[0] TC::go run 3 called
[2] TC::go run 3 called
[1] TC::go run 4 called
Total number of triangles 15291260
[0] TC::go run 4 called
[2] TC::go run 4 called
[3] TC::go run 4 called
[1] TC::go run 5 called
[3] TC::go run 5 called
Total number of triangles 15291260
[0] TC::go run 5 called
[2] TC::go run 5 called
[1] TC::go run 6 called
[3] TC::go run 6 called
Total number of triangles 15291260
[0] TC::go run 6 called
[2] TC::go run 6 called
[1] TC::go run 7 called
[3] TC::go run 7 called
Total number of triangles 15291260
[0] TC::go run 7 called
[2] TC::go run 7 called
[1] TC::go run 8 called
[3] TC::go run 8 called
Total number of triangles 15291260
[0] TC::go run 8 called
[2] TC::go run 8 called
[1] TC::go run 9 called
[3] TC::go run 9 called
Total number of triangles 15291260
[0] TC::go run 9 called
[2] TC::go run 9 called
[1] TC::go run 10 called
Total number of triangles 15291260
[0] TC::go run 10 called
[3] TC::go run 10 called
[2] TC::go run 10 called
[1] TC::go run 11 called
[3] TC::go run 11 called
Total number of triangles 15291260
[0] TC::go run 11 called
[2] TC::go run 11 called
[1] TC::go run 12 called
Total number of triangles 15291260
[0] TC::go run 12 called
[3] TC::go run 12 called
[2] TC::go run 12 called
[1] TC::go run 13 called
Total number of triangles 15291260
[0] TC::go run 13 called
[2] TC::go run 13 called
[3] TC::go run 13 called
[1] TC::go run 14 called
Total number of triangles 15291260
[0] TC::go run 14 called
[3] TC::go run 14 called
[2] TC::go run 14 called
[1] TC::go run 15 called
[3] TC::go run 15 called
Total number of triangles 15291260
[0] TC::go run 15 called
[2] TC::go run 15 called
[1] TC::go run 16 called
[3] TC::go run 16 called
Total number of triangles 15291260
[0] TC::go run 16 called
[2] TC::go run 16 called
[1] TC::go run 17 called
Total number of triangles 15291260
[0] TC::go run 17 called
[2] TC::go run 17 called
[3] TC::go run 17 called
[1] TC::go run 18 called
Total number of triangles 15291260
[0] TC::go run 18 called
[2] TC::go run 18 called
[3] TC::go run 18 called
[1] TC::go run 19 called
Total number of triangles 15291260
[0] TC::go run 19 called
[2] TC::go run 19 called
[3] TC::go run 19 called
Total number of triangles 15291260
exit=0
===== TC wiki-talk-temporal MPI=6 runs=20 2026-06-12T19:10:32+03:00 =====
D-Galois Benchmark Suite v6.0.0 (unknown)
Copyright (C) 2018 The University of Texas at Austin
http://iss.ices.utexas.edu/galois/

application: TC - Distributed Multi-GPU Triangle Counting 
TC on Distributed GPU (D-IrGL).

[4] Master distribution time : 0.07037 seconds to read 336 bytes in 41 seeks (0.00477476 MBPS)
[5] Master distribution time : 0.071383 seconds to read 328 bytes in 40 seeks (0.00459493 MBPS)
[1] Master distribution time : 0.105343 seconds to read 336 bytes in 40 seeks (0.00318958 MBPS)
[2] Master distribution time : 0.105518 seconds to read 344 bytes in 42 seeks (0.00326011 MBPS)
[0] Master distribution time : 0.035137 seconds to read 168 bytes in 20 seeks (0.00478128 MBPS)
INFO: Calculating node degrees for partitioner
[3] Master distribution time : 0.112242 seconds to read 336 bytes in 42 seeks (0.00299353 MBPS)
[4] Starting graph reading.
[5] Starting graph reading.
[1] Starting graph reading.
[2] Starting graph reading.
[0] Starting graph reading.
[0] Reading graph complete.
[3] Starting graph reading.
[4] Reading graph complete.
[5] Reading graph complete.
[1] Reading graph complete.
[2] Reading graph complete.
[3] Reading graph complete.
[0] Inspection sends complete.
[1] Inspection sends complete.
[2] Inspection sends complete.
[3] Inspection sends complete.
[4] Inspection sends complete.
[5] Inspection sends complete.
[2] Inspection receives complete.
[2] Need receive 531436 edges; self is 309782
[2] Inspection allocation complete.
[0] Inspection receives complete.
[0] Need receive 388673 edges; self is 130356
[0] Inspection allocation complete.
[4] Inspection receives complete.
[4] Need receive 927925 edges; self is 938702
[4] Inspection allocation complete.
[5] Inspection receives complete.
[5] Need receive 717812 edges; self is 1028913
[5] Inspection allocation complete.
[1] Inspection receives complete.
[1] Need receive 472048 edges; self is 186484
[1] Inspection allocation complete.
[3] Inspection receives complete.
[3] Need receive 641064 edges; self is 536505
[3] Inspection allocation complete.
[5] Edge loading time: 1.00679 seconds
[5] Determining thread ranges
[5] Graph construction complete.
[4] Edge loading time: 1.04329 seconds
[4] Determining thread ranges
[4] Graph construction complete.
[2] Edge loading time: 1.11128 seconds
[2] Determining thread ranges
[2] Graph construction complete.
[0] Edge loading time: 1.11463 seconds
[0] Determining thread ranges
[0] Graph construction complete.
[1] Edge loading time: 1.11348 seconds
[1] Determining thread ranges
[1] Graph construction complete.
[3] Edge loading time: 1.07844 seconds
[3] Determining thread ranges
[3] Graph construction complete.
[0] TC::go run 0 called
[1] TC::go run 0 called
[2] TC::go run 0 called
[5] TC::go run 0 called
[3] TC::go run 0 called
[4] TC::go run 0 called
[3] TC::go run 1 called
[5] TC::go run 1 called
[1] TC::go run 1 called
[2] TC::go run 1 called
Total number of triangles 15291260
[0] TC::go run 1 called
[4] TC::go run 1 called
[3] TC::go run 2 called
[1] TC::go run 2 called
[2] TC::go run 2 called
[5] TC::go run 2 called
[4] TC::go run 2 called
Total number of triangles 15291260
[0] TC::go run 2 called
[3] TC::go run 3 called
[2] TC::go run 3 called
[5] TC::go run 3 called
[1] TC::go run 3 called
Total number of triangles 15291260
[0] TC::go run 3 called
[4] TC::go run 3 called
[3] TC::go run 4 called
[2] TC::go run 4 called
[5] TC::go run 4 called
[1] TC::go run 4 called
Total number of triangles 15291260
[0] TC::go run 4 called
[4] TC::go run 4 called
[3] TC::go run 5 called
[2] TC::go run 5 called
[5] TC::go run 5 called
[1] TC::go run 5 called
[4] TC::go run 5 called
Total number of triangles 15291260
[0] TC::go run 5 called
[3] TC::go run 6 called
[2] TC::go run 6 called
[5] TC::go run 6 called
[1] TC::go run 6 called
Total number of triangles 15291260
[0] TC::go run 6 called
[4] TC::go run 6 called
[3] TC::go run 7 called
[5] TC::go run 7 called
[2] TC::go run 7 called
[1] TC::go run 7 called
Total number of triangles 15291260
[0] TC::go run 7 called
[4] TC::go run 7 called
[3] TC::go run 8 called
[2] TC::go run 8 called
[5] TC::go run 8 called
[1] TC::go run 8 called
[4] TC::go run 8 called
Total number of triangles 15291260
[0] TC::go run 8 called
[3] TC::go run 9 called
[5] TC::go run 9 called
[1] TC::go run 9 called
[2] TC::go run 9 called
[4] TC::go run 9 called
Total number of triangles 15291260
[0] TC::go run 9 called
[3] TC::go run 10 called
[5] TC::go run 10 called
[1] TC::go run 10 called
Total number of triangles 15291260
[0] TC::go run 10 called
[2] TC::go run 10 called
[4] TC::go run 10 called
[3] TC::go run 11 called
[2] TC::go run 11 called
[5] TC::go run 11 called
[1] TC::go run 11 called
[4] TC::go run 11 called
Total number of triangles 15291260
[0] TC::go run 11 called
[3] TC::go run 12 called
[5] TC::go run 12 called
[2] TC::go run 12 called
[1] TC::go run 12 called
Total number of triangles 15291260
[0] TC::go run 12 called
[4] TC::go run 12 called
[3] TC::go run 13 called
[1] TC::go run 13 called
[4] TC::go run 13 called
[5] TC::go run 13 called
[2] TC::go run 13 called
Total number of triangles 15291260
[0] TC::go run 13 called
[3] TC::go run 14 called
[1] TC::go run 14 called
Total number of triangles 15291260
[0] TC::go run 14 called
[5] TC::go run 14 called
[4] TC::go run 14 called
[2] TC::go run 14 called
[3] TC::go run 15 called
[5] TC::go run 15 called
[1] TC::go run 15 called
[2] TC::go run 15 called
[4] TC::go run 15 called
Total number of triangles 15291260
[0] TC::go run 15 called
[3] TC::go run 16 called
[2] TC::go run 16 called
[1] TC::go run 16 called
Total number of triangles 15291260
[0] TC::go run 16 called
[4] TC::go run 16 called
[5] TC::go run 16 called
[3] TC::go run 17 called
[1] TC::go run 17 called
[2] TC::go run 17 called
[5] TC::go run 17 called
[4] TC::go run 17 called
Total number of triangles 15291260
[0] TC::go run 17 called
[3] TC::go run 18 called
[1] TC::go run 18 called
[5] TC::go run 18 called
[2] TC::go run 18 called
Total number of triangles 15291260
[0] TC::go run 18 called
[4] TC::go run 18 called
[3] TC::go run 19 called
[5] TC::go run 19 called
[2] TC::go run 19 called
[1] TC::go run 19 called
[4] TC::go run 19 called
Total number of triangles 15291260
[0] TC::go run 19 called
Total number of triangles 15291260
exit=0
===== TC wiki-talk-temporal MPI=8 runs=20 2026-06-12T19:15:09+03:00 =====
D-Galois Benchmark Suite v6.0.0 (unknown)
Copyright (C) 2018 The University of Texas at Austin
http://iss.ices.utexas.edu/galois/

application: TC - Distributed Multi-GPU Triangle Counting 
TC on Distributed GPU (D-IrGL).

[6] Master distribution time : 0.09326 seconds to read 336 bytes in 41 seeks (0.00360283 MBPS)
[3] Master distribution time : 0.088417 seconds to read 336 bytes in 40 seeks (0.00380017 MBPS)
[5] Master distribution time : 0.088607 seconds to read 344 bytes in 42 seeks (0.00388231 MBPS)
[2] Master distribution time : 0.088292 seconds to read 344 bytes in 42 seeks (0.00389616 MBPS)
[1] Master distribution time : 0.106339 seconds to read 336 bytes in 40 seeks (0.00315971 MBPS)
[4] Master distribution time : 0.106383 seconds to read 336 bytes in 41 seeks (0.0031584 MBPS)
[0] Master distribution time : 0.050139 seconds to read 168 bytes in 20 seeks (0.00335069 MBPS)
INFO: Calculating node degrees for partitioner
[7] Master distribution time : 0.094438 seconds to read 320 bytes in 39 seeks (0.00338847 MBPS)
[6] Starting graph reading.
[3] Starting graph reading.
[5] Starting graph reading.
[0] Starting graph reading.
[0] Reading graph complete.
[2] Starting graph reading.
[2] Reading graph complete.
[1] Starting graph reading.
[1] Reading graph complete.
[4] Starting graph reading.
[4] Reading graph complete.
[7] Starting graph reading.
[6] Reading graph complete.
[3] Reading graph complete.
[5] Reading graph complete.
[7] Reading graph complete.
[1] Inspection sends complete.
[0] Inspection sends complete.
[3] Inspection sends complete.
[2] Inspection sends complete.
[4] Inspection sends complete.
[5] Inspection sends complete.
[6] Inspection sends complete.
[2] Inspection receives complete.
[2] Need receive 498138 edges; self is 165405
[2] Inspection allocation complete.
[0] Inspection receives complete.
[0] Need receive 365429 edges; self is 82673
[0] Inspection allocation complete.
[7] Inspection sends complete.
[5] Inspection receives complete.
[5] Need receive 863158 edges; self is 607798
[5] Inspection allocation complete.
[1] Inspection receives complete.
[1] Need receive 446589 edges; self is 128733
[1] Inspection allocation complete.
[7] Inspection receives complete.
[7] Need receive 594149 edges; self is 773233
[7] Inspection allocation complete.
[6] Inspection receives complete.
[6] Need receive 851823 edges; self is 757253
[6] Inspection allocation complete.
[4] Inspection receives complete.
[4] Need receive 662773 edges; self is 365836
[4] Inspection allocation complete.
[3] Inspection receives complete.
[3] Need receive 568931 edges; self is 249811
[3] Inspection allocation complete.
[6] Edge loading time: 1.13594 seconds
[6] Determining thread ranges
[6] Graph construction complete.
[2] Edge loading time: 1.35103 seconds
[2] Determining thread ranges
[2] Graph construction complete.
[5] Edge loading time: 1.26648 seconds
[5] Determining thread ranges
[5] Graph construction complete.
[0] Edge loading time: 1.35099 seconds
[0] Determining thread ranges
[0] Graph construction complete.
[4] Edge loading time: 1.26684 seconds
[4] Determining thread ranges
[4] Graph construction complete.
[1] Edge loading time: 1.30749 seconds
[1] Determining thread ranges
[1] Graph construction complete.
[7] Edge loading time: 1.25394 seconds
[7] Determining thread ranges
[7] Graph construction complete.
[3] Edge loading time: 1.25199 seconds
[3] Determining thread ranges
[3] Graph construction complete.
[0] TC::go run 0 called
[1] TC::go run 0 called
[2] TC::go run 0 called
[3] TC::go run 0 called
[7] TC::go run 0 called
[4] TC::go run 0 called
[5] TC::go run 0 called
[6] TC::go run 0 called
[3] TC::go run 1 called
[2] TC::go run 1 called
[1] TC::go run 1 called
[7] TC::go run 1 called
Total number of triangles 15291260
[0] TC::go run 1 called
[6] TC::go run 1 called
[4] TC::go run 1 called
[5] TC::go run 1 called
[3] TC::go run 2 called
[2] TC::go run 2 called
[1] TC::go run 2 called
[7] TC::go run 2 called
Total number of triangles 15291260
[0] TC::go run 2 called
[5] TC::go run 2 called
[4] TC::go run 2 called
[6] TC::go run 2 called
[3] TC::go run 3 called
[7] TC::go run 3 called
[2] TC::go run 3 called
[6] TC::go run 3 called
[1] TC::go run 3 called
[5] TC::go run 3 called
Total number of triangles 15291260
[0] TC::go run 3 called
[4] TC::go run 3 called
[3] TC::go run 4 called
[2] TC::go run 4 called
[6] TC::go run 4 called
[7] TC::go run 4 called
Total number of triangles 15291260
[0] TC::go run 4 called
[1] TC::go run 4 called
[4] TC::go run 4 called
[5] TC::go run 4 called
[3] TC::go run 5 called
[1] TC::go run 5 called
[7] TC::go run 5 called
[2] TC::go run 5 called
[5] TC::go run 5 called
Total number of triangles 15291260
[0] TC::go run 5 called
[6] TC::go run 5 called
[4] TC::go run 5 called
[3] TC::go run 6 called
[2] TC::go run 6 called
[7] TC::go run 6 called
[1] TC::go run 6 called
Total number of triangles 15291260
[0] TC::go run 6 called
[6] TC::go run 6 called
[5] TC::go run 6 called
[4] TC::go run 6 called
[3] TC::go run 7 called
[7] TC::go run 7 called
[2] TC::go run 7 called
[1] TC::go run 7 called
[6] TC::go run 7 called
[5] TC::go run 7 called
Total number of triangles 15291260
[0] TC::go run 7 called
[4] TC::go run 7 called
[3] TC::go run 8 called
[1] TC::go run 8 called
[7] TC::go run 8 called
[5] TC::go run 8 called
[2] TC::go run 8 called
Total number of triangles 15291260
[0] TC::go run 8 called
[6] TC::go run 8 called
[4] TC::go run 8 called
[3] TC::go run 9 called
[2] TC::go run 9 called
[7] TC::go run 9 called
[1] TC::go run 9 called
Total number of triangles 15291260
[0] TC::go run 9 called
[6] TC::go run 9 called
[4] TC::go run 9 called
[5] TC::go run 9 called
[3] TC::go run 10 called
[7] TC::go run 10 called
[1] TC::go run 10 called
[2] TC::go run 10 called
[5] TC::go run 10 called
[6] TC::go run 10 called
Total number of triangles 15291260
[0] TC::go run 10 called
[4] TC::go run 10 called
[3] TC::go run 11 called
[1] TC::go run 11 called
[2] TC::go run 11 called
Total number of triangles 15291260
[0] TC::go run 11 called
[7] TC::go run 11 called
[5] TC::go run 11 called
[6] TC::go run 11 called
[4] TC::go run 11 called
[3] TC::go run 12 called
[7] TC::go run 12 called
[1] TC::go run 12 called
[2] TC::go run 12 called
[6] TC::go run 12 called
Total number of triangles 15291260
[0] TC::go run 12 called
[5] TC::go run 12 called
[4] TC::go run 12 called
[3] TC::go run 13 called
[7] TC::go run 13 called
[1] TC::go run 13 called
[5] TC::go run 13 called
[2] TC::go run 13 called
Total number of triangles 15291260
[0] TC::go run 13 called
[6] TC::go run 13 called
[4] TC::go run 13 called
[3] TC::go run 14 called
[1] TC::go run 14 called
[2] TC::go run 14 called
[7] TC::go run 14 called
[6] TC::go run 14 called
[5] TC::go run 14 called
Total number of triangles 15291260
[0] TC::go run 14 called
[4] TC::go run 14 called
[3] TC::go run 15 called
[7] TC::go run 15 called
[1] TC::go run 15 called
[2] TC::go run 15 called
[6] TC::go run 15 called
[5] TC::go run 15 called
Total number of triangles 15291260
[0] TC::go run 15 called
[4] TC::go run 15 called
[3] TC::go run 16 called
[7] TC::go run 16 called
[2] TC::go run 16 called
Total number of triangles 15291260
[0] TC::go run 16 called
[6] TC::go run 16 called
[4] TC::go run 16 called
[1] TC::go run 16 called
[5] TC::go run 16 called
[1] TC::go run 17 called
[2] TC::go run 17 called
[5] TC::go run 17 called
[3] TC::go run 17 called
[7] TC::go run 17 called
Total number of triangles 15291260
[0] TC::go run 17 called
[4] TC::go run 17 called
[6] TC::go run 17 called
[3] TC::go run 18 called
[7] TC::go run 18 called
[2] TC::go run 18 called
Total number of triangles 15291260
[0] TC::go run 18 called
[1] TC::go run 18 called
[5] TC::go run 18 called
[4] TC::go run 18 called
[6] TC::go run 18 called
[3] TC::go run 19 called
[2] TC::go run 19 called
[7] TC::go run 19 called
[6] TC::go run 19 called
Total number of triangles 15291260
[0] TC::go run 19 called
[1] TC::go run 19 called
[5] TC::go run 19 called
[4] TC::go run 19 called
Total number of triangles 15291260
exit=0
ALL TC DONE 2026-06-12T19:19:55+03:00
