===== tc_roadNet-PA_2p =====
D-Galois Benchmark Suite v6.0.0 (unknown)
Copyright (C) 2018 The University of Texas at Austin
http://iss.ices.utexas.edu/galois/

application: TC - Distributed Multi-GPU Triangle Counting 
TC on Distributed GPU (D-IrGL).

[1] Master distribution time : 0.015871 seconds to read 336 bytes in 41 seeks (0.0211707 MBPS)
[0] Master distribution time : 0.018822 seconds to read 176 bytes in 21 seeks (0.00935076 MBPS)
INFO: Calculating node degrees for partitioner
[0] Starting graph reading.
[1] Starting graph reading.
[1] Reading graph complete.
[0] Reading graph complete.
[0] Inspection sends complete.
[1] Inspection sends complete.
[1] Inspection receives complete.
[1] Need receive 1836 edges; self is 1541906
[1] Inspection allocation complete.
[0] Inspection receives complete.
[0] Need receive 1034 edges; self is 1541890
[0] Inspection allocation complete.
[0] Edge loading time: 0.170793 seconds
[0] Determining thread ranges
[0] Graph construction complete.
[1] Edge loading time: 0.202897 seconds
[1] Determining thread ranges
[1] Graph construction complete.
[0] TC::go run 0 called
[1] TC::go run 0 called
Total number of triangles 268600
===== tc_roadNet-PA_4p =====
D-Galois Benchmark Suite v6.0.0 (unknown)
Copyright (C) 2018 The University of Texas at Austin
http://iss.ices.utexas.edu/galois/

application: TC - Distributed Multi-GPU Triangle Counting 
TC on Distributed GPU (D-IrGL).

[3] Master distribution time : 0.022842 seconds to read 320 bytes in 39 seeks (0.0140093 MBPS)
[1] Master distribution time : 0.046794 seconds to read 336 bytes in 42 seeks (0.00718041 MBPS)
[0] Master distribution time : 0.046834 seconds to read 176 bytes in 22 seeks (0.00375795 MBPS)
INFO: Calculating node degrees for partitioner
[2] Master distribution time : 0.046962 seconds to read 336 bytes in 41 seeks (0.00715472 MBPS)
[3] Starting graph reading.
[1] Starting graph reading.
[0] Starting graph reading.
[2] Starting graph reading.
[3] Reading graph complete.
[1] Reading graph complete.
[0] Reading graph complete.
[2] Reading graph complete.
[2] Inspection sends complete.
[0] Inspection sends complete.
[3] Inspection sends complete.
[1] Inspection sends complete.
[1] Inspection receives complete.
[1] Need receive 1402 edges; self is 771024
[1] Inspection allocation complete.
[2] Inspection receives complete.
[2] Need receive 1800 edges; self is 770868
[2] Inspection allocation complete.
[3] Inspection receives complete.
[3] Need receive 1904 edges; self is 771038
[3] Inspection allocation complete.
[0] Inspection receives complete.
[0] Need receive 950 edges; self is 770866
[0] Inspection allocation complete.
[0] Edge loading time: 0.217175 seconds
[0] Determining thread ranges
[0] Graph construction complete.
[3] Edge loading time: 0.243825 seconds
[3] Determining thread ranges
[3] Graph construction complete.
[1] Edge loading time: 0.262495 seconds
[1] Determining thread ranges
[1] Graph construction complete.
[2] Edge loading time: 0.262616 seconds
[2] Determining thread ranges
[2] Graph construction complete.
[1] TC::go run 0 called
[0] TC::go run 0 called
[3] TC::go run 0 called
[2] TC::go run 0 called
Total number of triangles 268600
===== tc_roadNet-PA_6p =====
D-Galois Benchmark Suite v6.0.0 (unknown)
Copyright (C) 2018 The University of Texas at Austin
http://iss.ices.utexas.edu/galois/

application: TC - Distributed Multi-GPU Triangle Counting 
TC on Distributed GPU (D-IrGL).

[1] Master distribution time : 0.035757 seconds to read 336 bytes in 40 seeks (0.00939676 MBPS)
[4] Master distribution time : 0.066881 seconds to read 320 bytes in 40 seeks (0.00478462 MBPS)
[3] Master distribution time : 0.070898 seconds to read 328 bytes in 40 seeks (0.00462636 MBPS)
[2] Master distribution time : 0.070965 seconds to read 328 bytes in 40 seeks (0.004622 MBPS)
[0] Master distribution time : 0.069997 seconds to read 168 bytes in 20 seeks (0.0024001 MBPS)
INFO: Calculating node degrees for partitioner
[5] Master distribution time : 0.071829 seconds to read 312 bytes in 37 seeks (0.00434365 MBPS)
[1] Starting graph reading.
[1] Reading graph complete.
[3] Starting graph reading.
[2] Starting graph reading.
[0] Starting graph reading.
[5] Starting graph reading.
[4] Starting graph reading.
[4] Reading graph complete.
[3] Reading graph complete.
[2] Reading graph complete.
[0] Reading graph complete.
[5] Reading graph complete.
[3] Inspection sends complete.
[2] Inspection sends complete.
[4] Inspection sends complete.
[0] Inspection sends complete.
[1] Inspection sends complete.
[5] Inspection sends complete.
[4] Inspection receives complete.
[4] Need receive 1320 edges; self is 513974
[4] Inspection allocation complete.
[0] Inspection receives complete.
[0] Need receive 820 edges; self is 513724
[0] Inspection allocation complete.
[1] Inspection receives complete.
[1] Need receive 1508 edges; self is 513772
[1] Inspection allocation complete.
[3] Inspection receives complete.
[3] Need receive 1070 edges; self is 513972
[3] Inspection allocation complete.
[2] Inspection receives complete.
[2] Need receive 1268 edges; self is 514396
[2] Inspection allocation complete.
[5] Inspection receives complete.
[5] Need receive 1658 edges; self is 513958
[5] Inspection allocation complete.
[0] Edge loading time: 0.290965 seconds
[0] Determining thread ranges
[0] Graph construction complete.
[2] Edge loading time: 0.283784 seconds
[2] Determining thread ranges
[2] Graph construction complete.
[5] Edge loading time: 0.253698 seconds
[5] Determining thread ranges
[5] Graph construction complete.
[3] Edge loading time: 0.309199 seconds
[3] Determining thread ranges
[3] Graph construction complete.
[4] Edge loading time: 0.323659 seconds
[4] Determining thread ranges
[4] Graph construction complete.
[1] Edge loading time: 0.323666 seconds
[1] Determining thread ranges
[1] Graph construction complete.
[1] TC::go run 0 called
[4] TC::go run 0 called
[5] TC::go run 0 called
[0] TC::go run 0 called
[3] TC::go run 0 called
[2] TC::go run 0 called
Total number of triangles 268600
===== tc_roadNet-PA_8p =====
D-Galois Benchmark Suite v6.0.0 (unknown)
Copyright (C) 2018 The University of Texas at Austin
http://iss.ices.utexas.edu/galois/

application: TC - Distributed Multi-GPU Triangle Counting 
TC on Distributed GPU (D-IrGL).

[0] Master distribution time : 0.045083 seconds to read 168 bytes in 19 seeks (0.00372646 MBPS)
INFO: Calculating node degrees for partitioner
[2] Master distribution time : 0.091885 seconds to read 344 bytes in 43 seeks (0.00374381 MBPS)
[3] Master distribution time : 0.091835 seconds to read 328 bytes in 40 seeks (0.00357162 MBPS)
[6] Master distribution time : 0.106859 seconds to read 320 bytes in 40 seeks (0.0029946 MBPS)
[4] Master distribution time : 0.094826 seconds to read 328 bytes in 41 seeks (0.00345897 MBPS)
[1] Master distribution time : 0.094768 seconds to read 336 bytes in 41 seeks (0.0035455 MBPS)
[7] Master distribution time : 0.095821 seconds to read 312 bytes in 37 seeks (0.00325607 MBPS)
[5] Master distribution time : 0.139809 seconds to read 328 bytes in 40 seeks (0.00234606 MBPS)
[0] Starting graph reading.
[0] Reading graph complete.
[2] Starting graph reading.
[3] Starting graph reading.
[6] Starting graph reading.
[4] Starting graph reading.
[1] Starting graph reading.
[7] Starting graph reading.
[5] Starting graph reading.
[2] Reading graph complete.
[3] Reading graph complete.
[6] Reading graph complete.
[4] Reading graph complete.
[1] Reading graph complete.
[7] Reading graph complete.
[5] Reading graph complete.
[0] Inspection sends complete.
[3] Inspection sends complete.
[5] Inspection sends complete.
[6] Inspection sends complete.
[7] Inspection sends complete.
[1] Inspection sends complete.
[2] Inspection sends complete.
[4] Inspection sends complete.
[0] Inspection receives complete.
[0] Need receive 1228 edges; self is 385598
[0] Inspection allocation complete.
[1] Inspection receives complete.
[1] Need receive 1996 edges; self is 385268
[1] Inspection allocation complete.
[2] Inspection receives complete.
[2] Need receive 1532 edges; self is 385554
[2] Inspection allocation complete.
[3] Inspection receives complete.
[3] Need receive 1312 edges; self is 385472
[3] Inspection allocation complete.
[5] Inspection receives complete.
[5] Need receive 1520 edges; self is 385590
[5] Inspection allocation complete.
[6] Inspection receives complete.
[6] Need receive 1646 edges; self is 385124
[6] Inspection allocation complete.
[4] Inspection receives complete.
[4] Need receive 998 edges; self is 385276
[4] Inspection allocation complete.
[7] Inspection receives complete.
[7] Need receive 1602 edges; self is 385914
[7] Inspection allocation complete.
[4] Edge loading time: 0.303161 seconds
[4] Determining thread ranges
[4] Graph construction complete.
[0] Edge loading time: 0.383956 seconds
[0] Determining thread ranges
[0] Graph construction complete.
[1] Edge loading time: 0.384095 seconds
[1] Determining thread ranges
[1] Graph construction complete.
[2] Edge loading time: 0.38049 seconds
[2] Determining thread ranges
[2] Graph construction complete.
[6] Edge loading time: 0.327378 seconds
[6] Determining thread ranges
[6] Graph construction complete.
[5] Edge loading time: 0.332482 seconds
[5] Determining thread ranges
[5] Graph construction complete.
[7] Edge loading time: 0.32425 seconds
[7] Determining thread ranges
[7] Graph construction complete.
[3] Edge loading time: 0.37784 seconds
[3] Determining thread ranges
[3] Graph construction complete.
[2] TC::go run 0 called
[6] TC::go run 0 called
[1] TC::go run 0 called
[7] TC::go run 0 called
[3] TC::go run 0 called
[5] TC::go run 0 called
[0] TC::go run 0 called
[4] TC::go run 0 called
Total number of triangles 268600
