===== MPI=1 runs=10 2026-06-10T23:15:55+03:00 =====
D-Galois Benchmark Suite v6.0.0 (unknown)
Copyright (C) 2018 The University of Texas at Austin
http://iss.ices.utexas.edu/galois/

application: TC - Distributed Multi-GPU Triangle Counting 
TC on Distributed GPU (D-IrGL).

[0] Master distribution time : 6e-05 seconds to read 168 bytes in 19 seeks (2.8 MBPS)
INFO: Calculating node degrees for partitioner
[0] Starting graph reading.
[0] Reading graph complete.
[0] Inspection sends complete.
[0] Inspection receives complete.
[0] Need receive 0 edges; self is 3083796
[0] Inspection allocation complete.
[0] Edge loading time: 0.507426 seconds
[0] Determining thread ranges
[0] Graph construction complete.
[0] TC::go run 0 called
Total number of triangles 268600
[0] TC::go run 1 called
Total number of triangles 268600
[0] TC::go run 2 called
Total number of triangles 268600
[0] TC::go run 3 called
Total number of triangles 268600
[0] TC::go run 4 called
Total number of triangles 268600
[0] TC::go run 5 called
Total number of triangles 268600
[0] TC::go run 6 called
Total number of triangles 268600
[0] TC::go run 7 called
Total number of triangles 268600
[0] TC::go run 8 called
Total number of triangles 268600
[0] TC::go run 9 called
Total number of triangles 268600
exit=0
===== MPI=2 runs=10 2026-06-10T23:16:02+03:00 =====
D-Galois Benchmark Suite v6.0.0 (unknown)
Copyright (C) 2018 The University of Texas at Austin
http://iss.ices.utexas.edu/galois/

application: TC - Distributed Multi-GPU Triangle Counting 
TC on Distributed GPU (D-IrGL).

[0] Master distribution time : 8e-05 seconds to read 176 bytes in 21 seeks (2.2 MBPS)
INFO: Calculating node degrees for partitioner
[1] Master distribution time : 0.015448 seconds to read 336 bytes in 41 seeks (0.0217504 MBPS)
[0] Starting graph reading.
[1] Starting graph reading.
[0] Reading graph complete.
[1] Reading graph complete.
[0] Inspection sends complete.
[1] Inspection sends complete.
[0] Inspection receives complete.
[0] Need receive 1034 edges; self is 1541890
[0] Inspection allocation complete.
[1] Inspection receives complete.
[1] Need receive 1836 edges; self is 1541906
[1] Inspection allocation complete.
[1] Edge loading time: 0.572774 seconds
[1] Determining thread ranges
[1] Graph construction complete.
[0] Edge loading time: 0.591345 seconds
[0] Determining thread ranges
[0] Graph construction complete.
[1] TC::go run 0 called
[0] TC::go run 0 called
Total number of triangles 268600
[0] TC::go run 1 called
[1] TC::go run 1 called
[1] TC::go run 2 called
Total number of triangles 268600
[0] TC::go run 2 called
[1] TC::go run 3 called
Total number of triangles 268600
[0] TC::go run 3 called
Total number of triangles 268600
[0] TC::go run 4 called
[1] TC::go run 4 called
Total number of triangles 268600
[0] TC::go run 5 called
[1] TC::go run 5 called
Total number of triangles 268600
[0] TC::go run 6 called
[1] TC::go run 6 called
Total number of triangles 268600
[0] TC::go run 7 called
[1] TC::go run 7 called
Total number of triangles 268600
[0] TC::go run 8 called
[1] TC::go run 8 called
Total number of triangles 268600
[0] TC::go run 9 called
[1] TC::go run 9 called
Total number of triangles 268600
exit=0
===== MPI=4 runs=10 2026-06-10T23:16:10+03:00 =====
D-Galois Benchmark Suite v6.0.0 (unknown)
Copyright (C) 2018 The University of Texas at Austin
http://iss.ices.utexas.edu/galois/

application: TC - Distributed Multi-GPU Triangle Counting 
TC on Distributed GPU (D-IrGL).

[0] Master distribution time : 6.9e-05 seconds to read 176 bytes in 22 seeks (2.55072 MBPS)
INFO: Calculating node degrees for partitioner
[2] Master distribution time : 0.091186 seconds to read 336 bytes in 41 seeks (0.00368478 MBPS)
[1] Master distribution time : 0.096099 seconds to read 336 bytes in 42 seeks (0.00349639 MBPS)
[3] Master distribution time : 0.095546 seconds to read 320 bytes in 39 seeks (0.00334917 MBPS)
[0] Starting graph reading.
[2] Starting graph reading.
[0] Reading graph complete.
[3] Starting graph reading.
[1] Starting graph reading.
[2] Reading graph complete.
[1] Reading graph complete.
[3] Reading graph complete.
[2] Inspection sends complete.
[1] Inspection sends complete.
[0] Inspection sends complete.
[3] Inspection sends complete.
[0] Inspection receives complete.
[0] Need receive 950 edges; self is 770866
[0] Inspection allocation complete.
[2] Inspection receives complete.
[2] Need receive 1800 edges; self is 770868
[3] Inspection receives complete.
[3] Need receive 1904 edges; self is 771038
[3] Inspection allocation complete.
[1] Inspection receives complete.
[1] Need receive 1402 edges; self is 771024
[1] Inspection allocation complete.
[2] Inspection allocation complete.
[3] Edge loading time: 0.70154 seconds
[3] Determining thread ranges
[3] Graph construction complete.
[0] Edge loading time: 0.709962 seconds
[0] Determining thread ranges
[0] Graph construction complete.
[1] Edge loading time: 0.693245 seconds
[1] Determining thread ranges
[1] Graph construction complete.
[2] Edge loading time: 0.68449 seconds
[2] Determining thread ranges
[2] Graph construction complete.
[1] TC::go run 0 called
[2] TC::go run 0 called
[0] TC::go run 0 called
[3] TC::go run 0 called
[2] TC::go run 1 called
Total number of triangles 268600
[0] TC::go run 1 called
[1] TC::go run 1 called
[3] TC::go run 1 called
[3] TC::go run 2 called
[2] TC::go run 2 called
Total number of triangles 268600
[0] TC::go run 2 called
[1] TC::go run 2 called
[2] TC::go run 3 called
[1] TC::go run 3 called
Total number of triangles 268600
[0] TC::go run 3 called
[3] TC::go run 3 called
[3] TC::go run 4 called
[2] TC::go run 4 called
Total number of triangles 268600
[0] TC::go run 4 called
[1] TC::go run 4 called
[2] TC::go run 5 called
[3] TC::go run 5 called
Total number of triangles 268600
[0] TC::go run 5 called
[1] TC::go run 5 called
[1] TC::go run 6 called
[3] TC::go run 6 called
Total number of triangles 268600
[0] TC::go run 6 called
[2] TC::go run 6 called
[2] TC::go run 7 called
[1] TC::go run 7 called
[3] TC::go run 7 called
Total number of triangles 268600
[0] TC::go run 7 called
[1] TC::go run 8 called
[2] TC::go run 8 called
[3] TC::go run 8 called
Total number of triangles 268600
[0] TC::go run 8 called
Total number of triangles 268600
[0] TC::go run 9 called
[2] TC::go run 9 called
[1] TC::go run 9 called
[3] TC::go run 9 called
Total number of triangles 268600
exit=0
===== MPI=6 runs=10 2026-06-10T23:16:20+03:00 =====
D-Galois Benchmark Suite v6.0.0 (unknown)
Copyright (C) 2018 The University of Texas at Austin
http://iss.ices.utexas.edu/galois/

application: TC - Distributed Multi-GPU Triangle Counting 
TC on Distributed GPU (D-IrGL).

[0] Master distribution time : 0.035799 seconds to read 168 bytes in 20 seeks (0.00469287 MBPS)
INFO: Calculating node degrees for partitioner
[5] Master distribution time : 0.137168 seconds to read 312 bytes in 37 seeks (0.00227458 MBPS)
[1] Master distribution time : 0.109081 seconds to read 336 bytes in 40 seeks (0.00308028 MBPS)
[2] Master distribution time : 0.11189 seconds to read 328 bytes in 40 seeks (0.00293145 MBPS)
[3] Master distribution time : 0.14303 seconds to read 328 bytes in 40 seeks (0.00229323 MBPS)
[4] Master distribution time : 0.110012 seconds to read 320 bytes in 40 seeks (0.00290877 MBPS)
[0] Starting graph reading.
[5] Starting graph reading.
[2] Starting graph reading.
[1] Starting graph reading.
[0] Reading graph complete.
[4] Starting graph reading.
[3] Starting graph reading.
[5] Reading graph complete.
[2] Reading graph complete.
[1] Reading graph complete.
[4] Reading graph complete.
[3] Reading graph complete.
[1] Inspection sends complete.
[3] Inspection sends complete.
[0] Inspection sends complete.
[4] Inspection sends complete.
[5] Inspection sends complete.
[2] Inspection sends complete.
[0] Inspection receives complete.
[0] Need receive 820 edges; self is 513724
[0] Inspection allocation complete.
[1] Inspection receives complete.
[1] Need receive 1508 edges; self is 513772
[1] Inspection allocation complete.
[2] Inspection receives complete.
[2] Need receive 1268 edges; self is 514396
[2] Inspection allocation complete.
[4] Inspection receives complete.
[4] Need receive 1320 edges; self is 513974
[4] Inspection allocation complete.
[5] Inspection receives complete.
[5] Need receive 1658 edges; self is 513958
[5] Inspection allocation complete.
[3] Inspection receives complete.
[3] Need receive 1070 edges; self is 513972
[3] Inspection allocation complete.
[4] Edge loading time: 0.832211 seconds
[4] Determining thread ranges
[4] Graph construction complete.
[1] Edge loading time: 0.815125 seconds
[1] Determining thread ranges
[1] Graph construction complete.
[5] Edge loading time: 0.812544 seconds
[5] Determining thread ranges
[5] Graph construction complete.
[2] Edge loading time: 0.82762 seconds
[2] Determining thread ranges
[2] Graph construction complete.
[3] Edge loading time: 0.847381 seconds
[3] Determining thread ranges
[3] Graph construction complete.
[0] Edge loading time: 0.890029 seconds
[0] Determining thread ranges
[0] Graph construction complete.
[3] TC::go run 0 called
[2] TC::go run 0 called
[1] TC::go run 0 called
[5] TC::go run 0 called
[0] TC::go run 0 called
[4] TC::go run 0 called
[5] TC::go run 1 called
[3] TC::go run 1 called
[4] TC::go run 1 called
[2] TC::go run 1 called
[1] TC::go run 1 called
Total number of triangles 268600
[0] TC::go run 1 called
[3] TC::go run 2 called
[5] TC::go run 2 called
[1] TC::go run 2 called
[2] TC::go run 2 called
Total number of triangles 268600
[0] TC::go run 2 called
[4] TC::go run 2 called
[4] TC::go run 3 called
[1] TC::go run 3 called
[5] TC::go run 3 called
Total number of triangles 268600
[0] TC::go run 3 called
[3] TC::go run 3 called
[2] TC::go run 3 called
[3] TC::go run 4 called
[1] TC::go run 4 called
[4] TC::go run 4 called
[5] TC::go run 4 called
Total number of triangles 268600
[0] TC::go run 4 called
[2] TC::go run 4 called
[3] TC::go run 5 called
[1] TC::go run 5 called
[5] TC::go run 5 called
Total number of triangles 268600
[0] TC::go run 5 called
[2] TC::go run 5 called
[4] TC::go run 5 called
[1] TC::go run 6 called
Total number of triangles 268600
[0] TC::go run 6 called
[4] TC::go run 6 called
[5] TC::go run 6 called
[3] TC::go run 6 called
[2] TC::go run 6 called
[3] TC::go run 7 called
[1] TC::go run 7 called
[5] TC::go run 7 called
Total number of triangles 268600
[0] TC::go run 7 called
[2] TC::go run 7 called
[4] TC::go run 7 called
[1] TC::go run 8 called
[4] TC::go run 8 called
[3] TC::go run 8 called
Total number of triangles 268600
[0] TC::go run 8 called
[5] TC::go run 8 called
[2] TC::go run 8 called
[3] TC::go run 9 called
[5] TC::go run 9 called
[2] TC::go run 9 called
[1] TC::go run 9 called
[4] TC::go run 9 called
Total number of triangles 268600
[0] TC::go run 9 called
Total number of triangles 268600
exit=0
===== MPI=8 runs=10 2026-06-10T23:16:32+03:00 =====
D-Galois Benchmark Suite v6.0.0 (unknown)
Copyright (C) 2018 The University of Texas at Austin
http://iss.ices.utexas.edu/galois/

application: TC - Distributed Multi-GPU Triangle Counting 
TC on Distributed GPU (D-IrGL).

[0] Master distribution time : 0.041062 seconds to read 168 bytes in 19 seeks (0.00409137 MBPS)
INFO: Calculating node degrees for partitioner
[2] Master distribution time : 0.096948 seconds to read 344 bytes in 43 seeks (0.00354829 MBPS)
[4] Master distribution time : 0.137084 seconds to read 328 bytes in 41 seeks (0.00239269 MBPS)
[3] Master distribution time : 0.096482 seconds to read 328 bytes in 40 seeks (0.0033996 MBPS)
[6] Master distribution time : 0.143878 seconds to read 320 bytes in 40 seeks (0.00222411 MBPS)
[7] Master distribution time : 0.192026 seconds to read 312 bytes in 37 seeks (0.00162478 MBPS)
[5] Master distribution time : 0.189029 seconds to read 328 bytes in 40 seeks (0.00173518 MBPS)
[1] Master distribution time : 0.144413 seconds to read 336 bytes in 41 seeks (0.00232666 MBPS)
[0] Starting graph reading.
[2] Starting graph reading.
[7] Starting graph reading.
[0] Reading graph complete.
[5] Starting graph reading.
[2] Reading graph complete.
[4] Starting graph reading.
[3] Starting graph reading.
[7] Reading graph complete.
[5] Reading graph complete.
[6] Starting graph reading.
[1] Starting graph reading.
[4] Reading graph complete.
[6] Reading graph complete.
[1] Reading graph complete.
[3] Reading graph complete.
[5] Inspection sends complete.
[0] Inspection sends complete.
[2] Inspection sends complete.
[6] Inspection sends complete.
[7] Inspection sends complete.
[4] Inspection sends complete.
[3] Inspection sends complete.
[1] Inspection sends complete.
[4] Inspection receives complete.
[4] Need receive 998 edges; self is 385276
[4] Inspection allocation complete.
[5] Inspection receives complete.
[5] Need receive 1520 edges; self is 385590
[5] Inspection allocation complete.
[2] Inspection receives complete.
[2] Need receive 1532 edges; self is 385554
[2] Inspection allocation complete.
[6] Inspection receives complete.
[6] Need receive 1646 edges; self is 385124
[6] Inspection allocation complete.
[3] Inspection receives complete.
[3] Need receive 1312 edges; self is 385472
[3] Inspection allocation complete.
[1] Inspection receives complete.
[1] Need receive 1996 edges; self is 385268
[1] Inspection allocation complete.
[7] Inspection receives complete.
[7] Need receive 1602 edges; self is 385914
[7] Inspection allocation complete.
[0] Inspection receives complete.
[0] Need receive 1228 edges; self is 385598
[0] Inspection allocation complete.
[1] Edge loading time: 0.907839 seconds
[1] Determining thread ranges
[1] Graph construction complete.
[2] Edge loading time: 0.953107 seconds
[2] Determining thread ranges
[2] Graph construction complete.
[0] Edge loading time: 0.865899 seconds
[0] Determining thread ranges
[0] Graph construction complete.
[5] Edge loading time: 0.961672 seconds
[5] Determining thread ranges
[5] Graph construction complete.
[7] Edge loading time: 0.910813 seconds
[7] Determining thread ranges
[7] Graph construction complete.
[4] Edge loading time: 0.960884 seconds
[4] Determining thread ranges
[4] Graph construction complete.
[3] Edge loading time: 0.91289 seconds
[3] Determining thread ranges
[3] Graph construction complete.
[6] Edge loading time: 0.915869 seconds
[6] Determining thread ranges
[6] Graph construction complete.
[3] TC::go run 0 called
[7] TC::go run 0 called
[2] TC::go run 0 called
[1] TC::go run 0 called
[5] TC::go run 0 called
[6] TC::go run 0 called
[0] TC::go run 0 called
[4] TC::go run 0 called
Total number of triangles 268600
[0] TC::go run 1 called
[2] TC::go run 1 called
[7] TC::go run 1 called
[4] TC::go run 1 called
[3] TC::go run 1 called
[6] TC::go run 1 called
[1] TC::go run 1 called
[5] TC::go run 1 called
[7] TC::go run 2 called
[4] TC::go run 2 called
[3] TC::go run 2 called
Total number of triangles 268600
[0] TC::go run 2 called
[1] TC::go run 2 called
[2] TC::go run 2 called
[6] TC::go run 2 called
[5] TC::go run 2 called
Total number of triangles 268600
[0] TC::go run 3 called
[2] TC::go run 3 called
[1] TC::go run 3 called
[4] TC::go run 3 called
[3] TC::go run 3 called
[6] TC::go run 3 called
[7] TC::go run 3 called
[5] TC::go run 3 called
[1] TC::go run 4 called
[7] TC::go run 4 called
[5] TC::go run 4 called
[3] TC::go run 4 called
Total number of triangles 268600
[0] TC::go run 4 called
[4] TC::go run 4 called
[2] TC::go run 4 called
[6] TC::go run 4 called
[6] TC::go run 5 called
[7] TC::go run 5 called
[3] TC::go run 5 called
Total number of triangles 268600
[0] TC::go run 5 called
[4] TC::go run 5 called
[5] TC::go run 5 called
[1] TC::go run 5 called
[2] TC::go run 5 called
Total number of triangles 268600
[0] TC::go run 6 called
[3] TC::go run 6 called
[1] TC::go run 6 called
[2] TC::go run 6 called
[5] TC::go run 6 called
[4] TC::go run 6 called
[7] TC::go run 6 called
[6] TC::go run 6 called
[2] TC::go run 7 called
[4] TC::go run 7 called
[3] TC::go run 7 called
[6] TC::go run 7 called
[1] TC::go run 7 called
Total number of triangles 268600
[0] TC::go run 7 called
[5] TC::go run 7 called
[7] TC::go run 7 called
[7] TC::go run 8 called
[3] TC::go run 8 called
[5] TC::go run 8 called
[1] TC::go run 8 called
[6] TC::go run 8 called
[2] TC::go run 8 called
[4] TC::go run 8 called
Total number of triangles 268600
[0] TC::go run 8 called
[4] TC::go run 9 called
[3] TC::go run 9 called
[2] TC::go run 9 called
Total number of triangles 268600
[0] TC::go run 9 called
[7] TC::go run 9 called
[6] TC::go run 9 called
[1] TC::go run 9 called
[5] TC::go run 9 called
Total number of triangles 268600
exit=0
