===== MPI=1 runs=10 2026-06-10T23:54:11+03:00 =====
D-Galois Benchmark Suite v6.0.0 (unknown)
Copyright (C) 2018 The University of Texas at Austin
http://iss.ices.utexas.edu/galois/

application: TC - Distributed Multi-GPU Triangle Counting 
TC on Distributed GPU (D-IrGL).

[0] Master distribution time : 0.001132 seconds to read 168 bytes in 19 seeks (0.14841 MBPS)
INFO: Calculating node degrees for partitioner
[0] Starting graph reading.
[0] Reading graph complete.
[0] Inspection sends complete.
[0] Inspection receives complete.
[0] Need receive 0 edges; self is 3130742
[0] Inspection allocation complete.
[0] Edge loading time: 0.618614 seconds
[0] Determining thread ranges
[0] Graph construction complete.
[0] TC::go run 0 called
Total number of triangles 15291260
[0] TC::go run 1 called
Total number of triangles 15291260
[0] TC::go run 2 called
Total number of triangles 15291260
[0] TC::go run 3 called
Total number of triangles 15291260
[0] TC::go run 4 called
Total number of triangles 15291260
[0] TC::go run 5 called
Total number of triangles 15291260
[0] TC::go run 6 called
Total number of triangles 15291260
[0] TC::go run 7 called
Total number of triangles 15291260
[0] TC::go run 8 called
Total number of triangles 15291260
[0] TC::go run 9 called
Total number of triangles 15291260
exit=0
===== MPI=2 runs=10 2026-06-10T23:57:06+03:00 =====
D-Galois Benchmark Suite v6.0.0 (unknown)
Copyright (C) 2018 The University of Texas at Austin
http://iss.ices.utexas.edu/galois/

application: TC - Distributed Multi-GPU Triangle Counting 
TC on Distributed GPU (D-IrGL).

[0] Master distribution time : 6.1e-05 seconds to read 168 bytes in 20 seeks (2.7541 MBPS)
INFO: Calculating node degrees for partitioner
[1] Master distribution time : 0.026674 seconds to read 336 bytes in 41 seeks (0.0125965 MBPS)
[0] Starting graph reading.
[1] Starting graph reading.
[0] Reading graph complete.
[1] Reading graph complete.
[0] Inspection sends complete.
[1] Inspection sends complete.
[1] Inspection receives complete.
[1] Need receive 595324 edges; self is 2504120
[1] Inspection allocation complete.
[0] Inspection receives complete.
[0] Need receive 261224 edges; self is 626622
[0] Inspection allocation complete.
[1] Edge loading time: 1.02901 seconds
[1] Determining thread ranges
[1] Graph construction complete.
[0] Edge loading time: 0.989739 seconds
[0] Determining thread ranges
[0] Graph construction complete.
[0] TC::go run 0 called
[1] TC::go run 0 called
Total number of triangles 15291260
[0] TC::go run 1 called
[1] TC::go run 1 called
Total number of triangles 15291260
[0] TC::go run 2 called
[1] TC::go run 2 called
Total number of triangles 15291260
[0] TC::go run 3 called
[1] TC::go run 3 called
Total number of triangles 15291260
[0] TC::go run 4 called
[1] TC::go run 4 called
Total number of triangles 15291260
[0] TC::go run 5 called
[1] TC::go run 5 called
Total number of triangles 15291260
[0] TC::go run 6 called
[1] TC::go run 6 called
Total number of triangles 15291260
[0] TC::go run 7 called
[1] TC::go run 7 called
Total number of triangles 15291260
[0] TC::go run 8 called
[1] TC::go run 8 called
Total number of triangles 15291260
[0] TC::go run 9 called
[1] TC::go run 9 called
Total number of triangles 15291260
exit=0
===== MPI=4 runs=10 2026-06-11T00:01:00+03:00 =====
D-Galois Benchmark Suite v6.0.0 (unknown)
Copyright (C) 2018 The University of Texas at Austin
http://iss.ices.utexas.edu/galois/

application: TC - Distributed Multi-GPU Triangle Counting 
TC on Distributed GPU (D-IrGL).

[0] Master distribution time : 0.024966 seconds to read 168 bytes in 20 seeks (0.00672915 MBPS)
INFO: Calculating node degrees for partitioner
[1] Master distribution time : 0.047758 seconds to read 344 bytes in 42 seeks (0.00720298 MBPS)
[3] Master distribution time : 0.053671 seconds to read 328 bytes in 40 seeks (0.00611131 MBPS)
[2] Master distribution time : 0.074656 seconds to read 336 bytes in 41 seeks (0.00450064 MBPS)
[1] Starting graph reading.
[0] Starting graph reading.
[3] Starting graph reading.
[2] Starting graph reading.
[0] Reading graph complete.
[1] Reading graph complete.
[2] Reading graph complete.
[3] Reading graph complete.
[1] Inspection sends complete.
[0] Inspection sends complete.
[2] Inspection sends complete.
[3] Inspection sends complete.
[3] Inspection receives complete.
[3] Need receive 906299 edges; self is 1530486
[3] Inspection allocation complete.
[0] Inspection receives complete.
[0] Need receive 405870 edges; self is 211406
[0] Inspection allocation complete.
[2] Inspection receives complete.
[2] Need receive 610097 edges; self is 973634
[2] Inspection allocation complete.
[1] Inspection receives complete.
[1] Need receive 450604 edges; self is 415216
[1] Inspection allocation complete.
[3] Edge loading time: 0.655249 seconds
[3] Determining thread ranges
[3] Graph construction complete.
[2] Edge loading time: 0.675672 seconds
[2] Determining thread ranges
[2] Graph construction complete.
[0] Edge loading time: 0.727131 seconds
[0] Determining thread ranges
[0] Graph construction complete.
[1] Edge loading time: 0.670257 seconds
[1] Determining thread ranges
[1] Graph construction complete.
[0] TC::go run 0 called
[1] TC::go run 0 called
[2] TC::go run 0 called
[3] TC::go run 0 called
[1] TC::go run 1 called
Total number of triangles 15291260
[0] TC::go run 1 called
[3] TC::go run 1 called
[2] TC::go run 1 called
[1] TC::go run 2 called
Total number of triangles 15291260
[0] TC::go run 2 called
[2] TC::go run 2 called
[3] TC::go run 2 called
[1] TC::go run 3 called
[3] TC::go run 3 called
Total number of triangles 15291260
[0] TC::go run 3 called
[2] TC::go run 3 called
[1] TC::go run 4 called
Total number of triangles 15291260
[0] TC::go run 4 called
[2] TC::go run 4 called
[3] TC::go run 4 called
[1] TC::go run 5 called
Total number of triangles 15291260
[0] TC::go run 5 called
[3] TC::go run 5 called
[2] TC::go run 5 called
[1] TC::go run 6 called
Total number of triangles 15291260
[0] TC::go run 6 called
[3] TC::go run 6 called
[2] TC::go run 6 called
[1] TC::go run 7 called
[3] TC::go run 7 called
Total number of triangles 15291260
[0] TC::go run 7 called
[2] TC::go run 7 called
[1] TC::go run 8 called
[3] TC::go run 8 called
Total number of triangles 15291260
[0] TC::go run 8 called
[2] TC::go run 8 called
[1] TC::go run 9 called
Total number of triangles 15291260
[0] TC::go run 9 called
[2] TC::go run 9 called
[3] TC::go run 9 called
Total number of triangles 15291260
exit=0
===== MPI=6 runs=10 2026-06-11T00:02:47+03:00 =====
D-Galois Benchmark Suite v6.0.0 (unknown)
Copyright (C) 2018 The University of Texas at Austin
http://iss.ices.utexas.edu/galois/

application: TC - Distributed Multi-GPU Triangle Counting 
TC on Distributed GPU (D-IrGL).

[3] Master distribution time : 0.074678 seconds to read 336 bytes in 42 seeks (0.00449932 MBPS)
[1] Master distribution time : 0.070769 seconds to read 336 bytes in 40 seeks (0.00474784 MBPS)
[0] Master distribution time : 0.0344 seconds to read 168 bytes in 20 seeks (0.00488372 MBPS)
INFO: Calculating node degrees for partitioner
[4] Master distribution time : 0.071945 seconds to read 336 bytes in 41 seeks (0.00467023 MBPS)
[5] Master distribution time : 0.081648 seconds to read 328 bytes in 40 seeks (0.00401724 MBPS)
[2] Master distribution time : 0.105728 seconds to read 344 bytes in 42 seeks (0.00325363 MBPS)
[1] Starting graph reading.
[0] Starting graph reading.
[3] Starting graph reading.
[1] Reading graph complete.
[0] Reading graph complete.
[4] Starting graph reading.
[4] Reading graph complete.
[5] Starting graph reading.
[2] Starting graph reading.
[2] Reading graph complete.
[3] Reading graph complete.
[5] Reading graph complete.
[1] Inspection sends complete.
[0] Inspection sends complete.
[2] Inspection sends complete.
[3] Inspection sends complete.
[4] Inspection sends complete.
[0] Inspection receives complete.
[0] Need receive 388673 edges; self is 130356
[0] Inspection allocation complete.
[5] Inspection sends complete.
[5] Inspection receives complete.
[5] Need receive 717812 edges; self is 1028913
[5] Inspection allocation complete.
[1] Inspection receives complete.
[1] Need receive 472048 edges; self is 186484
[1] Inspection allocation complete.
[2] Inspection receives complete.
[2] Need receive 531436 edges; self is 309782
[2] Inspection allocation complete.
[3] Inspection receives complete.
[3] Need receive 641064 edges; self is 536505
[3] Inspection allocation complete.
[4] Inspection receives complete.
[4] Need receive 927925 edges; self is 938702
[4] Inspection allocation complete.
[5] Edge loading time: 0.716123 seconds
[5] Determining thread ranges
[5] Graph construction complete.
[1] Edge loading time: 0.803477 seconds
[1] Determining thread ranges
[1] Graph construction complete.
[0] Edge loading time: 0.855075 seconds
[0] Determining thread ranges
[0] Graph construction complete.
[2] Edge loading time: 0.794193 seconds
[2] Determining thread ranges
[2] Graph construction complete.
[4] Edge loading time: 0.710181 seconds
[4] Determining thread ranges
[4] Graph construction complete.
[3] Edge loading time: 0.795711 seconds
[3] Determining thread ranges
[3] Graph construction complete.
[0] TC::go run 0 called
[1] TC::go run 0 called
[4] TC::go run 0 called
[2] TC::go run 0 called
[3] TC::go run 0 called
[5] TC::go run 0 called
[3] TC::go run 1 called
[2] TC::go run 1 called
[1] TC::go run 1 called
[5] TC::go run 1 called
[4] TC::go run 1 called
Total number of triangles 15291260
[0] TC::go run 1 called
[3] TC::go run 2 called
[1] TC::go run 2 called
[2] TC::go run 2 called
[4] TC::go run 2 called
Total number of triangles 15291260
[0] TC::go run 2 called
[5] TC::go run 2 called
[3] TC::go run 3 called
[2] TC::go run 3 called
[5] TC::go run 3 called
[1] TC::go run 3 called
[4] TC::go run 3 called
Total number of triangles 15291260
[0] TC::go run 3 called
[3] TC::go run 4 called
[5] TC::go run 4 called
[2] TC::go run 4 called
[1] TC::go run 4 called
[4] TC::go run 4 called
Total number of triangles 15291260
[0] TC::go run 4 called
[3] TC::go run 5 called
[5] TC::go run 5 called
[2] TC::go run 5 called
[1] TC::go run 5 called
Total number of triangles 15291260
[0] TC::go run 5 called
[4] TC::go run 5 called
[3] TC::go run 6 called
[1] TC::go run 6 called
Total number of triangles 15291260
[0] TC::go run 6 called
[2] TC::go run 6 called
[5] TC::go run 6 called
[4] TC::go run 6 called
[3] TC::go run 7 called
[5] TC::go run 7 called
[1] TC::go run 7 called
[2] TC::go run 7 called
Total number of triangles 15291260
[0] TC::go run 7 called
[4] TC::go run 7 called
[3] TC::go run 8 called
[5] TC::go run 8 called
[1] TC::go run 8 called
Total number of triangles 15291260
[0] TC::go run 8 called
[4] TC::go run 8 called
[2] TC::go run 8 called
[3] TC::go run 9 called
[5] TC::go run 9 called
[2] TC::go run 9 called
[1] TC::go run 9 called
[4] TC::go run 9 called
Total number of triangles 15291260
[0] TC::go run 9 called
Total number of triangles 15291260
exit=0
===== MPI=8 runs=10 2026-06-11T00:04:40+03:00 =====
D-Galois Benchmark Suite v6.0.0 (unknown)
Copyright (C) 2018 The University of Texas at Austin
http://iss.ices.utexas.edu/galois/

application: TC - Distributed Multi-GPU Triangle Counting 
TC on Distributed GPU (D-IrGL).

[0] Master distribution time : 0.048552 seconds to read 168 bytes in 20 seeks (0.00346021 MBPS)
INFO: Calculating node degrees for partitioner
[3] Master distribution time : 0.091494 seconds to read 336 bytes in 40 seeks (0.00367237 MBPS)
[6] Master distribution time : 0.061484 seconds to read 336 bytes in 41 seeks (0.00546484 MBPS)
[7] Master distribution time : 0.098984 seconds to read 320 bytes in 39 seeks (0.00323285 MBPS)
[5] Master distribution time : 0.095665 seconds to read 344 bytes in 42 seeks (0.00359588 MBPS)
[4] Master distribution time : 0.095535 seconds to read 336 bytes in 41 seeks (0.00351704 MBPS)
[1] Master distribution time : 0.095527 seconds to read 336 bytes in 40 seeks (0.00351733 MBPS)
[2] Master distribution time : 0.142605 seconds to read 344 bytes in 42 seeks (0.00241226 MBPS)
[6] Starting graph reading.
[3] Starting graph reading.
[4] Starting graph reading.
[5] Starting graph reading.
[1] Starting graph reading.
[0] Starting graph reading.
[0] Reading graph complete.
[6] Reading graph complete.
[3] Reading graph complete.
[7] Starting graph reading.
[7] Reading graph complete.
[2] Starting graph reading.
[4] Reading graph complete.
[5] Reading graph complete.
[1] Reading graph complete.
[2] Reading graph complete.
[2] Inspection sends complete.
[1] Inspection sends complete.
[3] Inspection sends complete.
[4] Inspection sends complete.
[0] Inspection sends complete.
[5] Inspection sends complete.
[6] Inspection sends complete.
[0] Inspection receives complete.
[0] Need receive 365429 edges; self is 82673
[0] Inspection allocation complete.
[1] Inspection receives complete.
[1] Need receive 446589 edges; self is 128733
[1] Inspection allocation complete.
[7] Inspection sends complete.
[7] Inspection receives complete.
[7] Need receive 594149 edges; self is 773233
[7] Inspection allocation complete.
[4] Inspection receives complete.
[4] Need receive 662773 edges; self is 365836
[4] Inspection allocation complete.
[2] Inspection receives complete.
[2] Need receive 498138 edges; self is 165405
[2] Inspection allocation complete.
[3] Inspection receives complete.
[3] Need receive 568931 edges; self is 249811
[3] Inspection allocation complete.
[6] Inspection receives complete.
[6] Need receive 851823 edges; self is 757253
[5] Inspection receives complete.
[5] Need receive 863158 edges; self is 607798
[5] Inspection allocation complete.
[6] Inspection allocation complete.
[6] Edge loading time: 0.93469 seconds
[6] Determining thread ranges
[6] Graph construction complete.
[5] Edge loading time: 1.02307 seconds
[5] Determining thread ranges
[5] Graph construction complete.
[4] Edge loading time: 1.07135 seconds
[4] Determining thread ranges
[4] Graph construction complete.
[2] Edge loading time: 1.07431 seconds
[2] Determining thread ranges
[2] Graph construction complete.
[3] Edge loading time: 1.05177 seconds
[3] Determining thread ranges
[3] Graph construction complete.
[7] Edge loading time: 1.06151 seconds
[7] Determining thread ranges
[7] Graph construction complete.
[1] Edge loading time: 1.12743 seconds
[1] Determining thread ranges
[1] Graph construction complete.
[0] Edge loading time: 1.14534 seconds
[0] Determining thread ranges
[0] Graph construction complete.
[2] TC::go run 0 called
[0] TC::go run 0 called
[7] TC::go run 0 called
[3] TC::go run 0 called
[1] TC::go run 0 called
[5] TC::go run 0 called
[6] TC::go run 0 called
[4] TC::go run 0 called
[3] TC::go run 1 called
[1] TC::go run 1 called
[5] TC::go run 1 called
[2] TC::go run 1 called
[7] TC::go run 1 called
[6] TC::go run 1 called
Total number of triangles 15291260
[0] TC::go run 1 called
[4] TC::go run 1 called
[3] TC::go run 2 called
[1] TC::go run 2 called
[5] TC::go run 2 called
[2] TC::go run 2 called
[7] TC::go run 2 called
Total number of triangles 15291260
[0] TC::go run 2 called
[6] TC::go run 2 called
[4] TC::go run 2 called
[3] TC::go run 3 called
[7] TC::go run 3 called
[2] TC::go run 3 called
[1] TC::go run 3 called
Total number of triangles 15291260
[0] TC::go run 3 called
[6] TC::go run 3 called
[5] TC::go run 3 called
[4] TC::go run 3 called
[3] TC::go run 4 called
[1] TC::go run 4 called
[7] TC::go run 4 called
[5] TC::go run 4 called
[2] TC::go run 4 called
[6] TC::go run 4 called
Total number of triangles 15291260
[0] TC::go run 4 called
[4] TC::go run 4 called
[3] TC::go run 5 called
[1] TC::go run 5 called
[2] TC::go run 5 called
[7] TC::go run 5 called
[5] TC::go run 5 called
[6] TC::go run 5 called
Total number of triangles 15291260
[0] TC::go run 5 called
[4] TC::go run 5 called
[3] TC::go run 6 called
[2] TC::go run 6 called
[7] TC::go run 6 called
Total number of triangles 15291260
[0] TC::go run 6 called
[6] TC::go run 6 called
[1] TC::go run 6 called
[4] TC::go run 6 called
[5] TC::go run 6 called
[3] TC::go run 7 called
[7] TC::go run 7 called
[1] TC::go run 7 called
[5] TC::go run 7 called
[2] TC::go run 7 called
Total number of triangles 15291260
[0] TC::go run 7 called
[6] TC::go run 7 called
[4] TC::go run 7 called
[3] TC::go run 8 called
[2] TC::go run 8 called
Total number of triangles 15291260
[0] TC::go run 8 called
[4] TC::go run 8 called
[7] TC::go run 8 called
[6] TC::go run 8 called
[1] TC::go run 8 called
[5] TC::go run 8 called
[3] TC::go run 9 called
[7] TC::go run 9 called
[1] TC::go run 9 called
[2] TC::go run 9 called
[6] TC::go run 9 called
[5] TC::go run 9 called
Total number of triangles 15291260
[0] TC::go run 9 called
[4] TC::go run 9 called
Total number of triangles 15291260
exit=0
