===== MPI=1 runs=10 2026-06-10T23:28:49+03:00 =====
D-Galois Benchmark Suite v6.0.0 (unknown)
Copyright (C) 2018 The University of Texas at Austin
http://iss.ices.utexas.edu/galois/

application: TC - Distributed Multi-GPU Triangle Counting 
TC on Distributed GPU (D-IrGL).

[0] Master distribution time : 6.2e-05 seconds to read 160 bytes in 19 seeks (2.58065 MBPS)
INFO: Calculating node degrees for partitioner
[0] Starting graph reading.
[0] Reading graph complete.
[0] Inspection sends complete.
[0] Inspection receives complete.
[0] Need receive 0 edges; self is 5105039
[0] Inspection allocation complete.
[0] Edge loading time: 2.19036 seconds
[0] Determining thread ranges
[0] Graph construction complete.
[0] TC::go run 0 called
Total number of triangles 25055293
[0] TC::go run 1 called
Total number of triangles 25055293
[0] TC::go run 2 called
Total number of triangles 25055293
[0] TC::go run 3 called
Total number of triangles 25055293
[0] TC::go run 4 called
Total number of triangles 25055293
[0] TC::go run 5 called
Total number of triangles 25055293
[0] TC::go run 6 called
Total number of triangles 25055293
[0] TC::go run 7 called
Total number of triangles 25055293
[0] TC::go run 8 called
Total number of triangles 25055293
[0] TC::go run 9 called
Total number of triangles 25055293
exit=0
===== MPI=2 runs=10 2026-06-10T23:29:37+03:00 =====
D-Galois Benchmark Suite v6.0.0 (unknown)
Copyright (C) 2018 The University of Texas at Austin
http://iss.ices.utexas.edu/galois/

application: TC - Distributed Multi-GPU Triangle Counting 
TC on Distributed GPU (D-IrGL).

[0] Master distribution time : 0.011793 seconds to read 168 bytes in 21 seeks (0.0142457 MBPS)
INFO: Calculating node degrees for partitioner
[1] Master distribution time : 0.023634 seconds to read 320 bytes in 40 seeks (0.0135398 MBPS)
[0] Starting graph reading.
[1] Starting graph reading.
[0] Reading graph complete.
[1] Reading graph complete.
[0] Inspection sends complete.
[1] Inspection sends complete.
[1] Inspection receives complete.
[1] Need receive 1131494 edges; self is 2380311
[0] Inspection receives complete.
[1] Inspection allocation complete.
[0] Need receive 1221158 edges; self is 2724728
[0] Inspection allocation complete.
[0] Edge loading time: 3.72156 seconds
[0] Determining thread ranges
[0] Graph construction complete.
[1] Edge loading time: 3.83725 seconds
[1] Determining thread ranges
[1] Graph construction complete.
[0] TC::go run 0 called
[1] TC::go run 0 called
Total number of triangles 25055293
[0] TC::go run 1 called
[1] TC::go run 1 called
Total number of triangles 25055293
[0] TC::go run 2 called
[1] TC::go run 2 called
Total number of triangles 25055293
[0] TC::go run 3 called
[1] TC::go run 3 called
Total number of triangles 25055293
[0] TC::go run 4 called
[1] TC::go run 4 called
Total number of triangles 25055293
[0] TC::go run 5 called
[1] TC::go run 5 called
Total number of triangles 25055293
[0] TC::go run 6 called
[1] TC::go run 6 called
Total number of triangles 25055293
[0] TC::go run 7 called
[1] TC::go run 7 called
Total number of triangles 25055293
[0] TC::go run 8 called
[1] TC::go run 8 called
Total number of triangles 25055293
[0] TC::go run 9 called
[1] TC::go run 9 called
Total number of triangles 25055293
exit=0
===== MPI=4 runs=10 2026-06-10T23:30:36+03:00 =====
D-Galois Benchmark Suite v6.0.0 (unknown)
Copyright (C) 2018 The University of Texas at Austin
http://iss.ices.utexas.edu/galois/

application: TC - Distributed Multi-GPU Triangle Counting 
TC on Distributed GPU (D-IrGL).

[0] Master distribution time : 0.045058 seconds to read 160 bytes in 19 seeks (0.00355098 MBPS)
INFO: Calculating node degrees for partitioner
[1] Master distribution time : 0.070322 seconds to read 320 bytes in 39 seeks (0.0045505 MBPS)
[3] Master distribution time : 0.070147 seconds to read 312 bytes in 39 seeks (0.0044478 MBPS)
[2] Master distribution time : 0.073016 seconds to read 328 bytes in 41 seeks (0.00449217 MBPS)
[0] Starting graph reading.
[3] Starting graph reading.
[1] Starting graph reading.
[2] Starting graph reading.
[0] Reading graph complete.
[3] Reading graph complete.
[1] Reading graph complete.
[2] Reading graph complete.
[2] Inspection sends complete.
[3] Inspection sends complete.
[0] Inspection sends complete.
[1] Inspection sends complete.
[2] Inspection receives complete.
[1] Inspection receives complete.
[0] Inspection receives complete.
[3] Inspection receives complete.
[2] Need receive 1333998 edges; self is 1257919
[2] Inspection allocation complete.
[0] Need receive 1533956 edges; self is 1389488
[0] Inspection allocation complete.
[3] Need receive 1248297 edges; self is 1122392
[1] Need receive 1421834 edges; self is 1335240
[1] Inspection allocation complete.
[3] Inspection allocation complete.
[2] Edge loading time: 6.49775 seconds
[2] Determining thread ranges
[2] Graph construction complete.
[1] Edge loading time: 6.50274 seconds
[1] Determining thread ranges
[1] Graph construction complete.
[0] Edge loading time: 6.67058 seconds
[0] Determining thread ranges
[0] Graph construction complete.
[3] Edge loading time: 6.80869 seconds
[3] Determining thread ranges
[3] Graph construction complete.
[0] TC::go run 0 called
[2] TC::go run 0 called
[3] TC::go run 0 called
[1] TC::go run 0 called
Total number of triangles 25055293
[0] TC::go run 1 called
[2] TC::go run 1 called
[1] TC::go run 1 called
[3] TC::go run 1 called
Total number of triangles 25055293
[0] TC::go run 2 called
[1] TC::go run 2 called
[2] TC::go run 2 called
[3] TC::go run 2 called
Total number of triangles 25055293
[0] TC::go run 3 called
[2] TC::go run 3 called
[1] TC::go run 3 called
[3] TC::go run 3 called
Total number of triangles 25055293
[0] TC::go run 4 called
[1] TC::go run 4 called
[3] TC::go run 4 called
[2] TC::go run 4 called
Total number of triangles 25055293
[0] TC::go run 5 called
[1] TC::go run 5 called
[3] TC::go run 5 called
[2] TC::go run 5 called
Total number of triangles 25055293
[0] TC::go run 6 called
[1] TC::go run 6 called
[2] TC::go run 6 called
[3] TC::go run 6 called
Total number of triangles 25055293
[0] TC::go run 7 called
[2] TC::go run 7 called
[1] TC::go run 7 called
[3] TC::go run 7 called
Total number of triangles 25055293
[0] TC::go run 8 called
[1] TC::go run 8 called
[3] TC::go run 8 called
[2] TC::go run 8 called
Total number of triangles 25055293
[0] TC::go run 9 called
[1] TC::go run 9 called
[3] TC::go run 9 called
[2] TC::go run 9 called
Total number of triangles 25055293
exit=0
===== MPI=6 runs=10 2026-06-10T23:31:40+03:00 =====
D-Galois Benchmark Suite v6.0.0 (unknown)
Copyright (C) 2018 The University of Texas at Austin
http://iss.ices.utexas.edu/galois/

application: TC - Distributed Multi-GPU Triangle Counting 
TC on Distributed GPU (D-IrGL).

[2] Master distribution time : 0.070618 seconds to read 328 bytes in 41 seeks (0.00464471 MBPS)
[3] Master distribution time : 0.036786 seconds to read 328 bytes in 41 seeks (0.00891644 MBPS)
[0] Master distribution time : 0.036954 seconds to read 160 bytes in 19 seeks (0.00432971 MBPS)
INFO: Calculating node degrees for partitioner
[1] Master distribution time : 0.072667 seconds to read 320 bytes in 40 seeks (0.00440365 MBPS)
[4] Master distribution time : 0.072086 seconds to read 320 bytes in 39 seeks (0.00443914 MBPS)
[5] Master distribution time : 0.06596 seconds to read 312 bytes in 38 seeks (0.00473014 MBPS)
[0] Starting graph reading.
[3] Starting graph reading.
[2] Starting graph reading.
[1] Starting graph reading.
[4] Starting graph reading.
[5] Starting graph reading.
[2] Reading graph complete.
[0] Reading graph complete.
[5] Reading graph complete.
[3] Reading graph complete.
[1] Reading graph complete.
[4] Reading graph complete.
[4] Inspection sends complete.
[5] Inspection sends complete.
[0] Inspection sends complete.
[3] Inspection sends complete.
[2] Inspection sends complete.
[1] Inspection sends complete.
[1] Inspection receives complete.
[2] Inspection receives complete.
[0] Inspection receives complete.
[2] Need receive 1305755 edges; self is 875014
[2] Inspection allocation complete.
[1] Need receive 1374280 edges; self is 908520
[1] Inspection allocation complete.
[4] Inspection receives complete.
[0] Need receive 1456192 edges; self is 941194
[0] Inspection allocation complete.
[3] Inspection receives complete.
[4] Need receive 1197256 edges; self is 816254
[4] Inspection allocation complete.
[3] Need receive 1247569 edges; self is 841341
[3] Inspection allocation complete.
[5] Inspection receives complete.
[5] Need receive 1111533 edges; self is 722716
[5] Inspection allocation complete.
[0] Edge loading time: 7.61769 seconds
[0] Determining thread ranges
[0] Graph construction complete.
[4] Edge loading time: 7.98406 seconds
[1] Edge loading time: 8.02995 seconds
[1] Determining thread ranges
[1] Graph construction complete.
[4] Determining thread ranges
[4] Graph construction complete.
[5] Edge loading time: 7.91314 seconds
[5] Determining thread ranges
[5] Graph construction complete.
[2] Edge loading time: 8.04995 seconds
[2] Determining thread ranges
[2] Graph construction complete.
[3] Edge loading time: 8.12527 seconds
[3] Determining thread ranges
[3] Graph construction complete.
[0] TC::go run 0 called
[1] TC::go run 0 called
[5] TC::go run 0 called
[3] TC::go run 0 called
[4] TC::go run 0 called
[2] TC::go run 0 called
[1] TC::go run 1 called
Total number of triangles 25055293
[0] TC::go run 1 called
[3] TC::go run 1 called
[2] TC::go run 1 called
[4] TC::go run 1 called
[5] TC::go run 1 called
[1] TC::go run 2 called
[4] TC::go run 2 called
Total number of triangles 25055293
[0] TC::go run 2 called
[3] TC::go run 2 called
[5] TC::go run 2 called
[2] TC::go run 2 called
[1] TC::go run 3 called
[3] TC::go run 3 called
[2] TC::go run 3 called
[5] TC::go run 3 called
[4] TC::go run 3 called
Total number of triangles 25055293
[0] TC::go run 3 called
[1] TC::go run 4 called
Total number of triangles 25055293
[0] TC::go run 4 called
[4] TC::go run 4 called
[3] TC::go run 4 called
[5] TC::go run 4 called
[2] TC::go run 4 called
[1] TC::go run 5 called
[4] TC::go run 5 called
Total number of triangles 25055293
[0] TC::go run 5 called
[3] TC::go run 5 called
[5] TC::go run 5 called
[2] TC::go run 5 called
[1] TC::go run 6 called
Total number of triangles 25055293
[0] TC::go run 6 called
[4] TC::go run 6 called
[3] TC::go run 6 called
[2] TC::go run 6 called
[5] TC::go run 6 called
[1] TC::go run 7 called
[4] TC::go run 7 called
[3] TC::go run 7 called
Total number of triangles 25055293
[0] TC::go run 7 called
[5] TC::go run 7 called
[2] TC::go run 7 called
[1] TC::go run 8 called
Total number of triangles 25055293
[0] TC::go run 8 called
[4] TC::go run 8 called
[3] TC::go run 8 called
[2] TC::go run 8 called
[5] TC::go run 8 called
[1] TC::go run 9 called
[4] TC::go run 9 called
[3] TC::go run 9 called
Total number of triangles 25055293
[0] TC::go run 9 called
[5] TC::go run 9 called
[2] TC::go run 9 called
Total number of triangles 25055293
exit=0
===== MPI=8 runs=10 2026-06-10T23:32:47+03:00 =====
D-Galois Benchmark Suite v6.0.0 (unknown)
Copyright (C) 2018 The University of Texas at Austin
http://iss.ices.utexas.edu/galois/

application: TC - Distributed Multi-GPU Triangle Counting 
TC on Distributed GPU (D-IrGL).

[0] Master distribution time : 0.046735 seconds to read 168 bytes in 19 seeks (0.00359474 MBPS)
INFO: Calculating node degrees for partitioner
[3] Master distribution time : 0.093302 seconds to read 328 bytes in 40 seeks (0.00351547 MBPS)
[1] Master distribution time : 0.142272 seconds to read 336 bytes in 41 seeks (0.00236167 MBPS)
[2] Master distribution time : 0.166223 seconds to read 328 bytes in 41 seeks (0.00197325 MBPS)
[6] Master distribution time : 0.139491 seconds to read 312 bytes in 39 seeks (0.0022367 MBPS)
[7] Master distribution time : 0.186216 seconds to read 304 bytes in 38 seeks (0.00163251 MBPS)
[5] Master distribution time : 0.154847 seconds to read 320 bytes in 39 seeks (0.00206656 MBPS)
[4] Master distribution time : 0.144816 seconds to read 328 bytes in 41 seeks (0.00226494 MBPS)
[0] Starting graph reading.
[3] Starting graph reading.
[1] Starting graph reading.
[6] Starting graph reading.
[5] Starting graph reading.
[2] Starting graph reading.
[0] Reading graph complete.
[4] Starting graph reading.
[7] Starting graph reading.
[3] Reading graph complete.
[1] Reading graph complete.
[5] Reading graph complete.
[2] Reading graph complete.
[4] Reading graph complete.
[6] Reading graph complete.
[7] Reading graph complete.
[7] Inspection sends complete.
[1] Inspection sends complete.
[5] Inspection sends complete.
[4] Inspection sends complete.
[6] Inspection sends complete.
[3] Inspection sends complete.
[0] Inspection sends complete.
[2] Inspection sends complete.
[2] Inspection receives complete.
[1] Inspection receives complete.
[2] Need receive 1238662 edges; self is 685880
[6] Inspection receives complete.
[0] Inspection receives complete.
[1] Need receive 1273158 edges; self is 681138
[1] Inspection allocation complete.
[2] Inspection allocation complete.
[5] Inspection receives complete.
[7] Inspection receives complete.
[4] Inspection receives complete.
[6] Need receive 1066244 edges; self is 598013
[6] Inspection allocation complete.
[0] Need receive 1338480 edges; self is 708350
[0] Inspection allocation complete.
[3] Inspection receives complete.
[5] Need receive 1103126 edges; self is 620174
[5] Inspection allocation complete.
[7] Need receive 977505 edges; self is 524379
[7] Inspection allocation complete.
[3] Need receive 1173701 edges; self is 649360
[4] Need receive 1137242 edges; self is 637745
[4] Inspection allocation complete.
[3] Inspection allocation complete.
[0] Edge loading time: 9.46558 seconds
[0] Determining thread ranges
[0] Graph construction complete.
[7] Edge loading time: 9.74966 seconds
[7] Determining thread ranges
[7] Graph construction complete.
[1] Edge loading time: 9.83385 seconds
[1] Determining thread ranges
[1] Graph construction complete.
[6] Edge loading time: 9.87645 seconds
[6] Determining thread ranges
[6] Graph construction complete.
[5] Edge loading time: 9.83209 seconds
[5] Determining thread ranges
[5] Graph construction complete.
[2] Edge loading time: 9.94395 seconds
[2] Determining thread ranges
[2] Graph construction complete.
[3] Edge loading time: 9.8394 seconds
[3] Determining thread ranges
[3] Graph construction complete.
[4] Edge loading time: 9.89545 seconds
[4] Determining thread ranges
[4] Graph construction complete.
[4] TC::go run 0 called
[7] TC::go run 0 called
[0] TC::go run 0 called
[5] TC::go run 0 called
[6] TC::go run 0 called
[2] TC::go run 0 called
[1] TC::go run 0 called
[3] TC::go run 0 called
Total number of triangles 25055293
[0] TC::go run 1 called
[2] TC::go run 1 called
[4] TC::go run 1 called
[1] TC::go run 1 called
[6] TC::go run 1 called
[5] TC::go run 1 called
[3] TC::go run 1 called
[7] TC::go run 1 called
Total number of triangles 25055293
[0] TC::go run 2 called
[1] TC::go run 2 called
[3] TC::go run 2 called
[2] TC::go run 2 called
[4] TC::go run 2 called
[7] TC::go run 2 called
[5] TC::go run 2 called
[6] TC::go run 2 called
Total number of triangles 25055293
[0] TC::go run 3 called
[2] TC::go run 3 called
[4] TC::go run 3 called
[1] TC::go run 3 called
[6] TC::go run 3 called
[3] TC::go run 3 called
[7] TC::go run 3 called
[5] TC::go run 3 called
Total number of triangles 25055293
[0] TC::go run 4 called
[1] TC::go run 4 called
[3] TC::go run 4 called
[2] TC::go run 4 called
[5] TC::go run 4 called
[4] TC::go run 4 called
[7] TC::go run 4 called
[6] TC::go run 4 called
Total number of triangles 25055293
[0] TC::go run 5 called
[1] TC::go run 5 called
[3] TC::go run 5 called
[5] TC::go run 5 called
[4] TC::go run 5 called
[2] TC::go run 5 called
[7] TC::go run 5 called
[6] TC::go run 5 called
Total number of triangles 25055293
[0] TC::go run 6 called
[1] TC::go run 6 called
[2] TC::go run 6 called
[4] TC::go run 6 called
[6] TC::go run 6 called
[5] TC::go run 6 called
[3] TC::go run 6 called
[7] TC::go run 6 called
Total number of triangles 25055293
[0] TC::go run 7 called
[1] TC::go run 7 called
[2] TC::go run 7 called
[4] TC::go run 7 called
[3] TC::go run 7 called
[6] TC::go run 7 called
[7] TC::go run 7 called
[5] TC::go run 7 called
Total number of triangles 25055293
[2] TC::go run 8 called
[1] TC::go run 8 called
[5] TC::go run 8 called
[0] TC::go run 8 called
[6] TC::go run 8 called
[3] TC::go run 8 called
[4] TC::go run 8 called
[7] TC::go run 8 called
Total number of triangles 25055293
[0] TC::go run 9 called
[1] TC::go run 9 called
[5] TC::go run 9 called
[2] TC::go run 9 called
[3] TC::go run 9 called
[6] TC::go run 9 called
[4] TC::go run 9 called
[7] TC::go run 9 called
Total number of triangles 25055293
exit=0
