===== tc_web-Google_2p =====
D-Galois Benchmark Suite v6.0.0 (unknown)
Copyright (C) 2018 The University of Texas at Austin
http://iss.ices.utexas.edu/galois/

application: TC - Distributed Multi-GPU Triangle Counting 
TC on Distributed GPU (D-IrGL).

[1] Master distribution time : 0.004359 seconds to read 320 bytes in 40 seeks (0.0734113 MBPS)
[0] Master distribution time : 0.018694 seconds to read 168 bytes in 21 seeks (0.00898684 MBPS)
INFO: Calculating node degrees for partitioner
[1] Starting graph reading.
[0] Starting graph reading.
[1] Reading graph complete.
[0] Reading graph complete.
[1] Inspection sends complete.
[0] Inspection sends complete.
[0] Inspection receives complete.
[0] Need receive 1221158 edges; self is 2724728
[0] Inspection allocation complete.
[1] Inspection receives complete.
[1] Need receive 1131494 edges; self is 2380311
[1] Inspection allocation complete.
[0] Edge loading time: 1.86679 seconds
[0] Determining thread ranges
[0] Graph construction complete.
[1] Edge loading time: 1.90347 seconds
[1] Determining thread ranges
[1] Graph construction complete.
[0] TC::go run 0 called
[1] TC::go run 0 called
Total number of triangles 25055293
===== tc_web-Google_4p =====
D-Galois Benchmark Suite v6.0.0 (unknown)
Copyright (C) 2018 The University of Texas at Austin
http://iss.ices.utexas.edu/galois/

application: TC - Distributed Multi-GPU Triangle Counting 
TC on Distributed GPU (D-IrGL).

[2] Master distribution time : 0.022823 seconds to read 328 bytes in 41 seeks (0.0143715 MBPS)
[1] Master distribution time : 0.044701 seconds to read 320 bytes in 39 seeks (0.00715868 MBPS)
[3] Master distribution time : 0.073697 seconds to read 312 bytes in 39 seeks (0.00423355 MBPS)
[0] Master distribution time : 0.069328 seconds to read 160 bytes in 19 seeks (0.00230787 MBPS)
INFO: Calculating node degrees for partitioner
[2] Starting graph reading.
[0] Starting graph reading.
[1] Starting graph reading.
[2] Reading graph complete.
[3] Starting graph reading.
[1] Reading graph complete.
[3] Reading graph complete.
[0] Reading graph complete.
[3] Inspection sends complete.
[1] Inspection sends complete.
[0] Inspection sends complete.
[2] Inspection sends complete.
[2] Inspection receives complete.
[2] Need receive 1333998 edges; self is 1257919
[2] Inspection allocation complete.
[1] Inspection receives complete.
[1] Need receive 1421834 edges; self is 1335240
[1] Inspection allocation complete.
[0] Inspection receives complete.
[0] Need receive 1533956 edges; self is 1389488
[0] Inspection allocation complete.
[3] Inspection receives complete.
[3] Need receive 1248297 edges; self is 1122392
[3] Inspection allocation complete.
[2] Edge loading time: 2.35092 seconds
[2] Determining thread ranges
[2] Graph construction complete.
[1] Edge loading time: 2.37917 seconds
[1] Determining thread ranges
[1] Graph construction complete.
[3] Edge loading time: 2.46325 seconds
[3] Determining thread ranges
[3] Graph construction complete.
[0] Edge loading time: 2.63397 seconds
[0] Determining thread ranges
[0] Graph construction complete.
[3] TC::go run 0 called
[0] TC::go run 0 called
[1] TC::go run 0 called
[2] TC::go run 0 called
Total number of triangles 25055293
===== tc_web-Google_6p =====
D-Galois Benchmark Suite v6.0.0 (unknown)
Copyright (C) 2018 The University of Texas at Austin
http://iss.ices.utexas.edu/galois/

application: TC - Distributed Multi-GPU Triangle Counting 
TC on Distributed GPU (D-IrGL).

[5] Master distribution time : 0.032911 seconds to read 312 bytes in 38 seeks (0.00948011 MBPS)
[3] Master distribution time : 0.071849 seconds to read 328 bytes in 41 seeks (0.00456513 MBPS)
[4] Master distribution time : 0.070015 seconds to read 320 bytes in 39 seeks (0.00457045 MBPS)
[1] Master distribution time : 0.071879 seconds to read 320 bytes in 40 seeks (0.00445193 MBPS)
[0] Master distribution time : 0.067578 seconds to read 160 bytes in 19 seeks (0.00236763 MBPS)
INFO: Calculating node degrees for partitioner
[2] Master distribution time : 0.071625 seconds to read 328 bytes in 41 seeks (0.00457941 MBPS)
[5] Starting graph reading.
[4] Starting graph reading.
[3] Starting graph reading.
[1] Starting graph reading.
[0] Starting graph reading.
[5] Reading graph complete.
[2] Starting graph reading.
[4] Reading graph complete.
[3] Reading graph complete.
[0] Reading graph complete.
[1] Reading graph complete.
[2] Reading graph complete.
[5] Inspection sends complete.
[3] Inspection sends complete.
[1] Inspection sends complete.
[2] Inspection sends complete.
[0] Inspection sends complete.
[4] Inspection sends complete.
[1] Inspection receives complete.
[1] Need receive 1374280 edges; self is 908520
[1] Inspection allocation complete.
[4] Inspection receives complete.
[4] Need receive 1197256 edges; self is 816254
[4] Inspection allocation complete.
[3] Inspection receives complete.
[3] Need receive 1247569 edges; self is 841341
[3] Inspection allocation complete.
[2] Inspection receives complete.
[2] Need receive 1305755 edges; self is 875014
[2] Inspection allocation complete.
[0] Inspection receives complete.
[0] Need receive 1456192 edges; self is 941194
[0] Inspection allocation complete.
[5] Inspection receives complete.
[5] Need receive 1111533 edges; self is 722716
[5] Inspection allocation complete.
[0] Edge loading time: 2.89627 seconds
[0] Determining thread ranges
[0] Graph construction complete.
[3] Edge loading time: 3.04242 seconds
[3] Determining thread ranges
[3] Graph construction complete.
[4] Edge loading time: 3.0581 seconds
[4] Determining thread ranges
[4] Graph construction complete.
[5] Edge loading time: 3.06218 seconds
[5] Determining thread ranges
[5] Graph construction complete.
[2] Edge loading time: 3.08261 seconds
[2] Determining thread ranges
[2] Graph construction complete.
[1] Edge loading time: 3.12153 seconds
[1] Determining thread ranges
[1] Graph construction complete.
[3] TC::go run 0 called
[1] TC::go run 0 called
[0] TC::go run 0 called
[2] TC::go run 0 called
[5] TC::go run 0 called
[4] TC::go run 0 called
Total number of triangles 25055293
===== tc_web-Google_8p =====
D-Galois Benchmark Suite v6.0.0 (unknown)
Copyright (C) 2018 The University of Texas at Austin
http://iss.ices.utexas.edu/galois/

application: TC - Distributed Multi-GPU Triangle Counting 
TC on Distributed GPU (D-IrGL).

[0] Master distribution time : 0.047558 seconds to read 168 bytes in 19 seeks (0.00353253 MBPS)
INFO: Calculating node degrees for partitioner
[6] Master distribution time : 0.094784 seconds to read 312 bytes in 39 seeks (0.00329169 MBPS)
[1] Master distribution time : 0.094779 seconds to read 336 bytes in 41 seeks (0.00354509 MBPS)
[5] Master distribution time : 0.094518 seconds to read 320 bytes in 39 seeks (0.0033856 MBPS)
[4] Master distribution time : 0.094771 seconds to read 328 bytes in 41 seeks (0.00346097 MBPS)
[3] Master distribution time : 0.094746 seconds to read 328 bytes in 40 seeks (0.00346189 MBPS)
[7] Master distribution time : 0.094771 seconds to read 304 bytes in 38 seeks (0.00320773 MBPS)
[2] Master distribution time : 0.142768 seconds to read 328 bytes in 41 seeks (0.00229743 MBPS)
[0] Starting graph reading.
[0] Reading graph complete.
[6] Starting graph reading.
[1] Starting graph reading.
[5] Starting graph reading.
[4] Starting graph reading.
[3] Starting graph reading.
[3] Reading graph complete.
[7] Starting graph reading.
[7] Reading graph complete.
[6] Reading graph complete.
[1] Reading graph complete.
[5] Reading graph complete.
[2] Starting graph reading.
[2] Reading graph complete.
[4] Reading graph complete.
[7] Inspection sends complete.
[2] Inspection sends complete.
[3] Inspection sends complete.
[6] Inspection sends complete.
[4] Inspection sends complete.
[1] Inspection sends complete.
[5] Inspection sends complete.
[2] Inspection receives complete.
[2] Need receive 1238662 edges; self is 685880
[2] Inspection allocation complete.
[4] Inspection receives complete.
[4] Need receive 1137242 edges; self is 637745
[4] Inspection allocation complete.
[0] Inspection sends complete.
[0] Inspection receives complete.
[3] Inspection receives complete.
[3] Need receive 1173701 edges; self is 649360
[3] Inspection allocation complete.
[6] Inspection receives complete.
[6] Need receive 1066244 edges; self is 598013
[6] Inspection allocation complete.
[0] Need receive 1338480 edges; self is 708350
[0] Inspection allocation complete.
[1] Inspection receives complete.
[1] Need receive 1273158 edges; self is 681138
[1] Inspection allocation complete.
[5] Inspection receives complete.
[5] Need receive 1103126 edges; self is 620174
[5] Inspection allocation complete.
[7] Inspection receives complete.
[7] Need receive 977505 edges; self is 524379
[7] Inspection allocation complete.
[2] Edge loading time: 3.31434 seconds
[2] Determining thread ranges
[2] Graph construction complete.
[7] Edge loading time: 3.41626 seconds
[7] Determining thread ranges
[7] Graph construction complete.
[6] Edge loading time: 3.41086 seconds
[6] Determining thread ranges
[6] Graph construction complete.
[5] Edge loading time: 3.45878 seconds
[5] Determining thread ranges
[5] Graph construction complete.
[3] Edge loading time: 3.46394 seconds
[3] Determining thread ranges
[3] Graph construction complete.
[4] Edge loading time: 3.51057 seconds
[4] Determining thread ranges
[4] Graph construction complete.
[0] Edge loading time: 3.50999 seconds
[0] Determining thread ranges
[0] Graph construction complete.
[1] Edge loading time: 3.49804 seconds
[1] Determining thread ranges
[1] Graph construction complete.
[4] TC::go run 0 called
[0] TC::go run 0 called
[6] TC::go run 0 called
[2] TC::go run 0 called
[5] TC::go run 0 called
[7] TC::go run 0 called
[3] TC::go run 0 called
[1] TC::go run 0 called
Total number of triangles 25055293
